Archive member included to satisfy reference by file (symbol)

/usr/local/Cellar/avr-gcc/6.3.0/lib/gcc/avr/6.3.0/avr5/libgcc.a(_exit.o)
                              /usr/local/Cellar/avr-gcc/6.3.0/lib/gcc/avr/6.3.0/../../../../avr/lib/avr5/crtatmega32u4.o (exit)
/usr/local/Cellar/avr-gcc/6.3.0/lib/gcc/avr/6.3.0/avr5/libgcc.a(_clear_bss.o)
                              usb.o (__do_clear_bss)

Discarded input sections

 .data          0x0000000000000000        0x0 /usr/local/Cellar/avr-gcc/6.3.0/lib/gcc/avr/6.3.0/../../../../avr/lib/avr5/crtatmega32u4.o
 .bss           0x0000000000000000        0x0 /usr/local/Cellar/avr-gcc/6.3.0/lib/gcc/avr/6.3.0/../../../../avr/lib/avr5/crtatmega32u4.o
 .text          0x0000000000000000        0x0 rebootor.o
 .data          0x0000000000000000        0x0 rebootor.o
 .bss           0x0000000000000000        0x0 rebootor.o
 .text          0x0000000000000000        0x0 usb.o
 .data          0x0000000000000000        0x0 usb.o
 .text          0x0000000000000000        0x0 /usr/local/Cellar/avr-gcc/6.3.0/lib/gcc/avr/6.3.0/avr5/libgcc.a(_exit.o)
 .data          0x0000000000000000        0x0 /usr/local/Cellar/avr-gcc/6.3.0/lib/gcc/avr/6.3.0/avr5/libgcc.a(_exit.o)
 .bss           0x0000000000000000        0x0 /usr/local/Cellar/avr-gcc/6.3.0/lib/gcc/avr/6.3.0/avr5/libgcc.a(_exit.o)
 .text.libgcc.mul
                0x0000000000000000        0x0 /usr/local/Cellar/avr-gcc/6.3.0/lib/gcc/avr/6.3.0/avr5/libgcc.a(_exit.o)
 .text.libgcc.div
                0x0000000000000000        0x0 /usr/local/Cellar/avr-gcc/6.3.0/lib/gcc/avr/6.3.0/avr5/libgcc.a(_exit.o)
 .text.libgcc   0x0000000000000000        0x0 /usr/local/Cellar/avr-gcc/6.3.0/lib/gcc/avr/6.3.0/avr5/libgcc.a(_exit.o)
 .text.libgcc.prologue
                0x0000000000000000        0x0 /usr/local/Cellar/avr-gcc/6.3.0/lib/gcc/avr/6.3.0/avr5/libgcc.a(_exit.o)
 .text.libgcc.builtins
                0x0000000000000000        0x0 /usr/local/Cellar/avr-gcc/6.3.0/lib/gcc/avr/6.3.0/avr5/libgcc.a(_exit.o)
 .text.libgcc.fmul
                0x0000000000000000        0x0 /usr/local/Cellar/avr-gcc/6.3.0/lib/gcc/avr/6.3.0/avr5/libgcc.a(_exit.o)
 .text.libgcc.fixed
                0x0000000000000000        0x0 /usr/local/Cellar/avr-gcc/6.3.0/lib/gcc/avr/6.3.0/avr5/libgcc.a(_exit.o)
 .text          0x0000000000000000        0x0 /usr/local/Cellar/avr-gcc/6.3.0/lib/gcc/avr/6.3.0/avr5/libgcc.a(_clear_bss.o)
 .data          0x0000000000000000        0x0 /usr/local/Cellar/avr-gcc/6.3.0/lib/gcc/avr/6.3.0/avr5/libgcc.a(_clear_bss.o)
 .bss           0x0000000000000000        0x0 /usr/local/Cellar/avr-gcc/6.3.0/lib/gcc/avr/6.3.0/avr5/libgcc.a(_clear_bss.o)
 .text.libgcc.mul
                0x0000000000000000        0x0 /usr/local/Cellar/avr-gcc/6.3.0/lib/gcc/avr/6.3.0/avr5/libgcc.a(_clear_bss.o)
 .text.libgcc.div
                0x0000000000000000        0x0 /usr/local/Cellar/avr-gcc/6.3.0/lib/gcc/avr/6.3.0/avr5/libgcc.a(_clear_bss.o)
 .text.libgcc   0x0000000000000000        0x0 /usr/local/Cellar/avr-gcc/6.3.0/lib/gcc/avr/6.3.0/avr5/libgcc.a(_clear_bss.o)
 .text.libgcc.prologue
                0x0000000000000000        0x0 /usr/local/Cellar/avr-gcc/6.3.0/lib/gcc/avr/6.3.0/avr5/libgcc.a(_clear_bss.o)
 .text.libgcc.builtins
                0x0000000000000000        0x0 /usr/local/Cellar/avr-gcc/6.3.0/lib/gcc/avr/6.3.0/avr5/libgcc.a(_clear_bss.o)
 .text.libgcc.fmul
                0x0000000000000000        0x0 /usr/local/Cellar/avr-gcc/6.3.0/lib/gcc/avr/6.3.0/avr5/libgcc.a(_clear_bss.o)
 .text.libgcc.fixed
                0x0000000000000000        0x0 /usr/local/Cellar/avr-gcc/6.3.0/lib/gcc/avr/6.3.0/avr5/libgcc.a(_clear_bss.o)

Memory Configuration

Name             Origin             Length             Attributes
text             0x0000000000000000 0x0000000000020000 xr
data             0x0000000000800060 0x000000000000ffa0 rw !x
eeprom           0x0000000000810000 0x0000000000010000 rw !x
fuse             0x0000000000820000 0x0000000000000400 rw !x
lock             0x0000000000830000 0x0000000000000400 rw !x
signature        0x0000000000840000 0x0000000000000400 rw !x
user_signatures  0x0000000000850000 0x0000000000000400 rw !x
*default*        0x0000000000000000 0xffffffffffffffff

Linker script and memory map

Address of section .data set to 0x800100
LOAD /usr/local/Cellar/avr-gcc/6.3.0/lib/gcc/avr/6.3.0/../../../../avr/lib/avr5/crtatmega32u4.o
LOAD rebootor.o
LOAD usb.o
LOAD /usr/local/Cellar/avr-gcc/6.3.0/lib/gcc/avr/6.3.0/../../../../avr/lib/avr5/libm.a
START GROUP
LOAD /usr/local/Cellar/avr-gcc/6.3.0/lib/gcc/avr/6.3.0/avr5/libgcc.a
LOAD /usr/local/Cellar/avr-gcc/6.3.0/lib/gcc/avr/6.3.0/../../../../avr/lib/avr5/libm.a
LOAD /usr/local/Cellar/avr-gcc/6.3.0/lib/gcc/avr/6.3.0/../../../../avr/lib/avr5/libc.a
LOAD /usr/local/Cellar/avr-gcc/6.3.0/lib/gcc/avr/6.3.0/../../../../avr/lib/avr5/libatmega32u4.a
END GROUP
                0x0000000000020000                __TEXT_REGION_LENGTH__ = DEFINED (__TEXT_REGION_LENGTH__)?__TEXT_REGION_LENGTH__:0x20000
                0x000000000000ffa0                __DATA_REGION_LENGTH__ = DEFINED (__DATA_REGION_LENGTH__)?__DATA_REGION_LENGTH__:0xffa0
                0x0000000000010000                __EEPROM_REGION_LENGTH__ = DEFINED (__EEPROM_REGION_LENGTH__)?__EEPROM_REGION_LENGTH__:0x10000
                0x0000000000000400                __FUSE_REGION_LENGTH__ = DEFINED (__FUSE_REGION_LENGTH__)?__FUSE_REGION_LENGTH__:0x400
                0x0000000000000400                __LOCK_REGION_LENGTH__ = DEFINED (__LOCK_REGION_LENGTH__)?__LOCK_REGION_LENGTH__:0x400
                0x0000000000000400                __SIGNATURE_REGION_LENGTH__ = DEFINED (__SIGNATURE_REGION_LENGTH__)?__SIGNATURE_REGION_LENGTH__:0x400
                0x0000000000000400                __USER_SIGNATURE_REGION_LENGTH__ = DEFINED (__USER_SIGNATURE_REGION_LENGTH__)?__USER_SIGNATURE_REGION_LENGTH__:0x400

.hash
 *(.hash)

.dynsym
 *(.dynsym)

.dynstr
 *(.dynstr)

.gnu.version
 *(.gnu.version)

.gnu.version_d
 *(.gnu.version_d)

.gnu.version_r
 *(.gnu.version_r)

.rel.init
 *(.rel.init)

.rela.init
 *(.rela.init)

.rel.text
 *(.rel.text)
 *(.rel.text.*)
 *(.rel.gnu.linkonce.t*)

.rela.text
 *(.rela.text)
 *(.rela.text.*)
 *(.rela.gnu.linkonce.t*)

.rel.fini
 *(.rel.fini)

.rela.fini
 *(.rela.fini)

.rel.rodata
 *(.rel.rodata)
 *(.rel.rodata.*)
 *(.rel.gnu.linkonce.r*)

.rela.rodata
 *(.rela.rodata)
 *(.rela.rodata.*)
 *(.rela.gnu.linkonce.r*)

.rel.data
 *(.rel.data)
 *(.rel.data.*)
 *(.rel.gnu.linkonce.d*)

.rela.data
 *(.rela.data)
 *(.rela.data.*)
 *(.rela.gnu.linkonce.d*)

.rel.ctors
 *(.rel.ctors)

.rela.ctors
 *(.rela.ctors)

.rel.dtors
 *(.rel.dtors)

.rela.dtors
 *(.rela.dtors)

.rel.got
 *(.rel.got)

.rela.got
 *(.rela.got)

.rel.bss
 *(.rel.bss)

.rela.bss
 *(.rela.bss)

.rel.plt
 *(.rel.plt)

.rela.plt
 *(.rela.plt)

.text           0x0000000000000000      0x4da
 *(.vectors)
 .vectors       0x0000000000000000       0xac /usr/local/Cellar/avr-gcc/6.3.0/lib/gcc/avr/6.3.0/../../../../avr/lib/avr5/crtatmega32u4.o
                0x0000000000000000                __vectors
                0x0000000000000000                __vector_default
 *(.vectors)
 *(.progmem.gcc*)
                0x00000000000000ac                . = ALIGN (0x2)
                0x00000000000000ac                __trampolines_start = .
 *(.trampolines)
 .trampolines   0x00000000000000ac        0x0 linker stubs
 *(.trampolines*)
                0x00000000000000ac                __trampolines_end = .
 *libprintf_flt.a:*(.progmem.data)
 *libc.a:*(.progmem.data)
 *(.progmem*)
 .progmem.data  0x00000000000000ac       0xa5 usb.o
                0x00000000000000ac                descriptor_list
                0x00000000000000dd                string2
                0x00000000000000f1                string1
                0x00000000000000fd                string0
                0x0000000000000101                config1_descriptor
                0x0000000000000123                rawhid_hid_report_desc
                0x0000000000000139                device_descriptor
                0x0000000000000152                . = ALIGN (0x2)
 *fill*         0x0000000000000151        0x1 
 *(.jumptables)
 *(.jumptables*)
 *(.lowtext)
 *(.lowtext*)
                0x0000000000000152                __ctors_start = .
 *(.ctors)
                0x0000000000000152                __ctors_end = .
                0x0000000000000152                __dtors_start = .
 *(.dtors)
                0x0000000000000152                __dtors_end = .
 SORT(*)(.ctors)
 SORT(*)(.dtors)
 *(.init0)
 .init0         0x0000000000000152        0x0 /usr/local/Cellar/avr-gcc/6.3.0/lib/gcc/avr/6.3.0/../../../../avr/lib/avr5/crtatmega32u4.o
                0x0000000000000152                __init
 *(.init0)
 *(.init1)
 *(.init1)
 *(.init2)
 .init2         0x0000000000000152        0xc /usr/local/Cellar/avr-gcc/6.3.0/lib/gcc/avr/6.3.0/../../../../avr/lib/avr5/crtatmega32u4.o
 *(.init2)
 *(.init3)
 *(.init3)
 *(.init4)
 .init4         0x000000000000015e       0x10 /usr/local/Cellar/avr-gcc/6.3.0/lib/gcc/avr/6.3.0/avr5/libgcc.a(_clear_bss.o)
                0x000000000000015e                __do_clear_bss
 *(.init4)
 *(.init5)
 *(.init5)
 *(.init6)
 *(.init6)
 *(.init7)
 *(.init7)
 *(.init8)
 *(.init8)
 *(.init9)
 .init9         0x000000000000016e        0x4 /usr/local/Cellar/avr-gcc/6.3.0/lib/gcc/avr/6.3.0/../../../../avr/lib/avr5/crtatmega32u4.o
 *(.init9)
 *(.text)
 .text          0x0000000000000172        0x2 /usr/local/Cellar/avr-gcc/6.3.0/lib/gcc/avr/6.3.0/../../../../avr/lib/avr5/crtatmega32u4.o
                0x0000000000000172                __vector_42
                0x0000000000000172                __vector_22
                0x0000000000000172                __vector_28
                0x0000000000000172                __vector_1
                0x0000000000000172                __vector_32
                0x0000000000000172                __vector_34
                0x0000000000000172                __vector_24
                0x0000000000000172                __vector_12
                0x0000000000000172                __bad_interrupt
                0x0000000000000172                __vector_6
                0x0000000000000172                __vector_31
                0x0000000000000172                __vector_35
                0x0000000000000172                __vector_39
                0x0000000000000172                __vector_3
                0x0000000000000172                __vector_23
                0x0000000000000172                __vector_30
                0x0000000000000172                __vector_25
                0x0000000000000172                __vector_13
                0x0000000000000172                __vector_17
                0x0000000000000172                __vector_19
                0x0000000000000172                __vector_7
                0x0000000000000172                __vector_41
                0x0000000000000172                __vector_27
                0x0000000000000172                __vector_5
                0x0000000000000172                __vector_33
                0x0000000000000172                __vector_37
                0x0000000000000172                __vector_4
                0x0000000000000172                __vector_9
                0x0000000000000172                __vector_2
                0x0000000000000172                __vector_21
                0x0000000000000172                __vector_15
                0x0000000000000172                __vector_36
                0x0000000000000172                __vector_29
                0x0000000000000172                __vector_40
                0x0000000000000172                __vector_8
                0x0000000000000172                __vector_26
                0x0000000000000172                __vector_14
                0x0000000000000172                __vector_16
                0x0000000000000172                __vector_18
                0x0000000000000172                __vector_20
                0x0000000000000172                __vector_38
                0x0000000000000174                . = ALIGN (0x2)
 *(.text.*)
 .text.startup.main
                0x0000000000000174       0x4a rebootor.o
                0x0000000000000174                main
 .text.usb_wait_in_ready
                0x00000000000001be        0xa usb.o
 .text.usb_init
                0x00000000000001c8       0x2e usb.o
                0x00000000000001c8                usb_init
 .text.__vector_10
                0x00000000000001f6       0x42 usb.o
                0x00000000000001f6                __vector_10
 .text.__vector_11
                0x0000000000000238      0x29e usb.o
                0x0000000000000238                __vector_11
                0x00000000000004d6                . = ALIGN (0x2)
 *(.fini9)
 .fini9         0x00000000000004d6        0x0 /usr/local/Cellar/avr-gcc/6.3.0/lib/gcc/avr/6.3.0/avr5/libgcc.a(_exit.o)
                0x00000000000004d6                exit
                0x00000000000004d6                _exit
 *(.fini9)
 *(.fini8)
 *(.fini8)
 *(.fini7)
 *(.fini7)
 *(.fini6)
 *(.fini6)
 *(.fini5)
 *(.fini5)
 *(.fini4)
 *(.fini4)
 *(.fini3)
 *(.fini3)
 *(.fini2)
 *(.fini2)
 *(.fini1)
 *(.fini1)
 *(.fini0)
 .fini0         0x00000000000004d6        0x4 /usr/local/Cellar/avr-gcc/6.3.0/lib/gcc/avr/6.3.0/avr5/libgcc.a(_exit.o)
 *(.fini0)
                0x00000000000004da                _etext = .

.data           0x0000000000800100        0x0 load address 0x00000000000004da
                [!provide]                        PROVIDE (__data_start, .)
 *(.data)
 *(.data*)
 *(.rodata)
 *(.rodata*)
 *(.gnu.linkonce.d*)
                0x0000000000800100                . = ALIGN (0x2)
                0x0000000000800100                _edata = .
                [!provide]                        PROVIDE (__data_end, .)

.bss            0x0000000000800100        0x1
                0x0000000000800100                PROVIDE (__bss_start, .)
 *(.bss)
 .bss           0x0000000000800100        0x1 usb.o
 *(.bss*)
 *(COMMON)
                0x0000000000800101                PROVIDE (__bss_end, .)
                0x00000000000004da                __data_load_start = LOADADDR (.data)
                0x00000000000004da                __data_load_end = (__data_load_start + SIZEOF (.data))

.noinit         0x0000000000800101        0x0
                [!provide]                        PROVIDE (__noinit_start, .)
 *(.noinit*)
                [!provide]                        PROVIDE (__noinit_end, .)
                0x0000000000800101                _end = .
                [!provide]                        PROVIDE (__heap_start, .)

.eeprom         0x0000000000810000        0x0
 *(.eeprom*)
                0x0000000000810000                __eeprom_end = .

.fuse
 *(.fuse)
 *(.lfuse)
 *(.hfuse)
 *(.efuse)

.lock
 *(.lock*)

.signature
 *(.signature*)

.stab           0x0000000000000000      0x12c
 *(.stab)
 .stab          0x0000000000000000       0x78 /usr/local/Cellar/avr-gcc/6.3.0/lib/gcc/avr/6.3.0/avr5/libgcc.a(_exit.o)
 .stab          0x0000000000000078       0xb4 /usr/local/Cellar/avr-gcc/6.3.0/lib/gcc/avr/6.3.0/avr5/libgcc.a(_clear_bss.o)
                                         0xc0 (size before relaxing)

.stabstr        0x0000000000000000       0x70
 *(.stabstr)
 .stabstr       0x0000000000000000       0x70 /usr/local/Cellar/avr-gcc/6.3.0/lib/gcc/avr/6.3.0/avr5/libgcc.a(_exit.o)

.stab.excl
 *(.stab.excl)

.stab.exclstr
 *(.stab.exclstr)

.stab.index
 *(.stab.index)

.stab.indexstr
 *(.stab.indexstr)

.comment        0x0000000000000000       0x11
 *(.comment)
 .comment       0x0000000000000000       0x11 rebootor.o
                                         0x12 (size before relaxing)
 .comment       0x0000000000000011       0x12 usb.o

.note.gnu.avr.deviceinfo
                0x0000000000000000       0x40
 .note.gnu.avr.deviceinfo
                0x0000000000000000       0x40 /usr/local/Cellar/avr-gcc/6.3.0/lib/gcc/avr/6.3.0/../../../../avr/lib/avr5/crtatmega32u4.o

.note.gnu.build-id
 *(.note.gnu.build-id)

.debug
 *(.debug)

.line
 *(.line)

.debug_srcinfo
 *(.debug_srcinfo)

.debug_sfnames
 *(.debug_sfnames)

.debug_aranges  0x0000000000000000       0x58
 *(.debug_aranges)
 .debug_aranges
                0x0000000000000000       0x20 rebootor.o
 .debug_aranges
                0x0000000000000020       0x38 usb.o

.debug_pubnames
 *(.debug_pubnames)

.debug_info     0x0000000000000000     0x117b
 *(.debug_info .gnu.linkonce.wi.*)
 .debug_info    0x0000000000000000      0x9f4 /usr/local/Cellar/avr-gcc/6.3.0/lib/gcc/avr/6.3.0/../../../../avr/lib/avr5/crtatmega32u4.o
 .debug_info    0x00000000000009f4      0x126 rebootor.o
 .debug_info    0x0000000000000b1a      0x661 usb.o

.debug_abbrev   0x0000000000000000      0xc2e
 *(.debug_abbrev)
 .debug_abbrev  0x0000000000000000      0x96a /usr/local/Cellar/avr-gcc/6.3.0/lib/gcc/avr/6.3.0/../../../../avr/lib/avr5/crtatmega32u4.o
 .debug_abbrev  0x000000000000096a       0xda rebootor.o
 .debug_abbrev  0x0000000000000a44      0x1ea usb.o

.debug_line     0x0000000000000000      0x5b5
 *(.debug_line .debug_line.* .debug_line_end)
 .debug_line    0x0000000000000000       0x1d /usr/local/Cellar/avr-gcc/6.3.0/lib/gcc/avr/6.3.0/../../../../avr/lib/avr5/crtatmega32u4.o
 .debug_line    0x000000000000001d      0x14c rebootor.o
 .debug_line    0x0000000000000169      0x44c usb.o

.debug_frame    0x0000000000000000      0x104
 *(.debug_frame)
 .debug_frame   0x0000000000000000       0x24 rebootor.o
 .debug_frame   0x0000000000000024       0xe0 usb.o

.debug_str      0x0000000000000000      0x6be
 *(.debug_str)
 .debug_str     0x0000000000000000      0x371 /usr/local/Cellar/avr-gcc/6.3.0/lib/gcc/avr/6.3.0/../../../../avr/lib/avr5/crtatmega32u4.o
 .debug_str     0x0000000000000371      0x189 rebootor.o
                                        0x1bd (size before relaxing)
 .debug_str     0x00000000000004fa      0x1c4 usb.o
                                        0x37b (size before relaxing)

.debug_loc      0x0000000000000000      0x8dd
 *(.debug_loc)
 .debug_loc     0x0000000000000000       0x46 rebootor.o
 .debug_loc     0x0000000000000046      0x897 usb.o

.debug_macinfo
 *(.debug_macinfo)

.debug_weaknames
 *(.debug_weaknames)

.debug_funcnames
 *(.debug_funcnames)

.debug_typenames
 *(.debug_typenames)

.debug_varnames
 *(.debug_varnames)

.debug_pubtypes
 *(.debug_pubtypes)

.debug_ranges   0x0000000000000000       0x80
 *(.debug_ranges)
 .debug_ranges  0x0000000000000000       0x10 rebootor.o
 .debug_ranges  0x0000000000000010       0x70 usb.o

.debug_macro
 *(.debug_macro)

.debug_addr
 *(.debug_addr)
OUTPUT(rebootor.elf elf32-avr)
LOAD linker stubs

Cross Reference Table

Symbol                                            File
__bad_interrupt                                   /usr/local/Cellar/avr-gcc/6.3.0/lib/gcc/avr/6.3.0/../../../../avr/lib/avr5/crtatmega32u4.o
__bss_end                                         /usr/local/Cellar/avr-gcc/6.3.0/lib/gcc/avr/6.3.0/avr5/libgcc.a(_clear_bss.o)
__bss_start                                       /usr/local/Cellar/avr-gcc/6.3.0/lib/gcc/avr/6.3.0/avr5/libgcc.a(_clear_bss.o)
__do_clear_bss                                    /usr/local/Cellar/avr-gcc/6.3.0/lib/gcc/avr/6.3.0/avr5/libgcc.a(_clear_bss.o)
                                                  usb.o
__heap_end                                        /usr/local/Cellar/avr-gcc/6.3.0/lib/gcc/avr/6.3.0/../../../../avr/lib/avr5/crtatmega32u4.o
__init                                            /usr/local/Cellar/avr-gcc/6.3.0/lib/gcc/avr/6.3.0/../../../../avr/lib/avr5/crtatmega32u4.o
__stack                                           /usr/local/Cellar/avr-gcc/6.3.0/lib/gcc/avr/6.3.0/../../../../avr/lib/avr5/crtatmega32u4.o
__vector_1                                        /usr/local/Cellar/avr-gcc/6.3.0/lib/gcc/avr/6.3.0/../../../../avr/lib/avr5/crtatmega32u4.o
__vector_10                                       usb.o
                                                  /usr/local/Cellar/avr-gcc/6.3.0/lib/gcc/avr/6.3.0/../../../../avr/lib/avr5/crtatmega32u4.o
__vector_11                                       usb.o
                                                  /usr/local/Cellar/avr-gcc/6.3.0/lib/gcc/avr/6.3.0/../../../../avr/lib/avr5/crtatmega32u4.o
__vector_12                                       /usr/local/Cellar/avr-gcc/6.3.0/lib/gcc/avr/6.3.0/../../../../avr/lib/avr5/crtatmega32u4.o
__vector_13                                       /usr/local/Cellar/avr-gcc/6.3.0/lib/gcc/avr/6.3.0/../../../../avr/lib/avr5/crtatmega32u4.o
__vector_14                                       /usr/local/Cellar/avr-gcc/6.3.0/lib/gcc/avr/6.3.0/../../../../avr/lib/avr5/crtatmega32u4.o
__vector_15                                       /usr/local/Cellar/avr-gcc/6.3.0/lib/gcc/avr/6.3.0/../../../../avr/lib/avr5/crtatmega32u4.o
__vector_16                                       /usr/local/Cellar/avr-gcc/6.3.0/lib/gcc/avr/6.3.0/../../../../avr/lib/avr5/crtatmega32u4.o
__vector_17                                       /usr/local/Cellar/avr-gcc/6.3.0/lib/gcc/avr/6.3.0/../../../../avr/lib/avr5/crtatmega32u4.o
__vector_18                                       /usr/local/Cellar/avr-gcc/6.3.0/lib/gcc/avr/6.3.0/../../../../avr/lib/avr5/crtatmega32u4.o
__vector_19                                       /usr/local/Cellar/avr-gcc/6.3.0/lib/gcc/avr/6.3.0/../../../../avr/lib/avr5/crtatmega32u4.o
__vector_2                                        /usr/local/Cellar/avr-gcc/6.3.0/lib/gcc/avr/6.3.0/../../../../avr/lib/avr5/crtatmega32u4.o
__vector_20                                       /usr/local/Cellar/avr-gcc/6.3.0/lib/gcc/avr/6.3.0/../../../../avr/lib/avr5/crtatmega32u4.o
__vector_21                                       /usr/local/Cellar/avr-gcc/6.3.0/lib/gcc/avr/6.3.0/../../../../avr/lib/avr5/crtatmega32u4.o
__vector_22                                       /usr/local/Cellar/avr-gcc/6.3.0/lib/gcc/avr/6.3.0/../../../../avr/lib/avr5/crtatmega32u4.o
__vector_23                                       /usr/local/Cellar/avr-gcc/6.3.0/lib/gcc/avr/6.3.0/../../../../avr/lib/avr5/crtatmega32u4.o
__vector_24                                       /usr/local/Cellar/avr-gcc/6.3.0/lib/gcc/avr/6.3.0/../../../../avr/lib/avr5/crtatmega32u4.o
__vector_25                                       /usr/local/Cellar/avr-gcc/6.3.0/lib/gcc/avr/6.3.0/../../../../avr/lib/avr5/crtatmega32u4.o
__vector_26                                       /usr/local/Cellar/avr-gcc/6.3.0/lib/gcc/avr/6.3.0/../../../../avr/lib/avr5/crtatmega32u4.o
__vector_27                                       /usr/local/Cellar/avr-gcc/6.3.0/lib/gcc/avr/6.3.0/../../../../avr/lib/avr5/crtatmega32u4.o
__vector_28                                       /usr/local/Cellar/avr-gcc/6.3.0/lib/gcc/avr/6.3.0/../../../../avr/lib/avr5/crtatmega32u4.o
__vector_29                                       /usr/local/Cellar/avr-gcc/6.3.0/lib/gcc/avr/6.3.0/../../../../avr/lib/avr5/crtatmega32u4.o
__vector_3                                        /usr/local/Cellar/avr-gcc/6.3.0/lib/gcc/avr/6.3.0/../../../../avr/lib/avr5/crtatmega32u4.o
__vector_30                                       /usr/local/Cellar/avr-gcc/6.3.0/lib/gcc/avr/6.3.0/../../../../avr/lib/avr5/crtatmega32u4.o
__vector_31                                       /usr/local/Cellar/avr-gcc/6.3.0/lib/gcc/avr/6.3.0/../../../../avr/lib/avr5/crtatmega32u4.o
__vector_32                                       /usr/local/Cellar/avr-gcc/6.3.0/lib/gcc/avr/6.3.0/../../../../avr/lib/avr5/crtatmega32u4.o
__vector_33                                       /usr/local/Cellar/avr-gcc/6.3.0/lib/gcc/avr/6.3.0/../../../../avr/lib/avr5/crtatmega32u4.o
__vector_34                                       /usr/local/Cellar/avr-gcc/6.3.0/lib/gcc/avr/6.3.0/../../../../avr/lib/avr5/crtatmega32u4.o
__vector_35                                       /usr/local/Cellar/avr-gcc/6.3.0/lib/gcc/avr/6.3.0/../../../../avr/lib/avr5/crtatmega32u4.o
__vector_36                                       /usr/local/Cellar/avr-gcc/6.3.0/lib/gcc/avr/6.3.0/../../../../avr/lib/avr5/crtatmega32u4.o
__vector_37                                       /usr/local/Cellar/avr-gcc/6.3.0/lib/gcc/avr/6.3.0/../../../../avr/lib/avr5/crtatmega32u4.o
__vector_38                                       /usr/local/Cellar/avr-gcc/6.3.0/lib/gcc/avr/6.3.0/../../../../avr/lib/avr5/crtatmega32u4.o
__vector_39                                       /usr/local/Cellar/avr-gcc/6.3.0/lib/gcc/avr/6.3.0/../../../../avr/lib/avr5/crtatmega32u4.o
__vector_4                                        /usr/local/Cellar/avr-gcc/6.3.0/lib/gcc/avr/6.3.0/../../../../avr/lib/avr5/crtatmega32u4.o
__vector_40                                       /usr/local/Cellar/avr-gcc/6.3.0/lib/gcc/avr/6.3.0/../../../../avr/lib/avr5/crtatmega32u4.o
__vector_41                                       /usr/local/Cellar/avr-gcc/6.3.0/lib/gcc/avr/6.3.0/../../../../avr/lib/avr5/crtatmega32u4.o
__vector_42                                       /usr/local/Cellar/avr-gcc/6.3.0/lib/gcc/avr/6.3.0/../../../../avr/lib/avr5/crtatmega32u4.o
__vector_5                                        /usr/local/Cellar/avr-gcc/6.3.0/lib/gcc/avr/6.3.0/../../../../avr/lib/avr5/crtatmega32u4.o
__vector_6                                        /usr/local/Cellar/avr-gcc/6.3.0/lib/gcc/avr/6.3.0/../../../../avr/lib/avr5/crtatmega32u4.o
__vector_7                                        /usr/local/Cellar/avr-gcc/6.3.0/lib/gcc/avr/6.3.0/../../../../avr/lib/avr5/crtatmega32u4.o
__vector_8                                        /usr/local/Cellar/avr-gcc/6.3.0/lib/gcc/avr/6.3.0/../../../../avr/lib/avr5/crtatmega32u4.o
__vector_9                                        /usr/local/Cellar/avr-gcc/6.3.0/lib/gcc/avr/6.3.0/../../../../avr/lib/avr5/crtatmega32u4.o
__vector_default                                  /usr/local/Cellar/avr-gcc/6.3.0/lib/gcc/avr/6.3.0/../../../../avr/lib/avr5/crtatmega32u4.o
__vectors                                         /usr/local/Cellar/avr-gcc/6.3.0/lib/gcc/avr/6.3.0/../../../../avr/lib/avr5/crtatmega32u4.o
_exit                                             /usr/local/Cellar/avr-gcc/6.3.0/lib/gcc/avr/6.3.0/avr5/libgcc.a(_exit.o)
config1_descriptor                                usb.o
descriptor_list                                   usb.o
device_descriptor                                 usb.o
exit                                              /usr/local/Cellar/avr-gcc/6.3.0/lib/gcc/avr/6.3.0/avr5/libgcc.a(_exit.o)
                                                  /usr/local/Cellar/avr-gcc/6.3.0/lib/gcc/avr/6.3.0/../../../../avr/lib/avr5/crtatmega32u4.o
main                                              rebootor.o
                                                  /usr/local/Cellar/avr-gcc/6.3.0/lib/gcc/avr/6.3.0/../../../../avr/lib/avr5/crtatmega32u4.o
rawhid_hid_report_desc                            usb.o
string0                                           usb.o
string1                                           usb.o
string2                                           usb.o
usb_init                                          usb.o
                                                  rebootor.o
