Archive member included because of file (symbol)

/usr/local/Cellar/gcc-arm-none-eabi-49/20150925/bin/../lib/gcc/arm-none-eabi/4.9.3/../../../../arm-none-eabi/lib/armv7e-m/fpu//libm.a(lib_a-sf_asinh.o)
                              build-TEENSY_3.6/py/modmath.o (asinhf)
/usr/local/Cellar/gcc-arm-none-eabi-49/20150925/bin/../lib/gcc/arm-none-eabi/4.9.3/../../../../arm-none-eabi/lib/armv7e-m/fpu//libm.a(lib_a-sf_atan.o)
                              build-TEENSY_3.6/py/modmath.o (atanf)
/usr/local/Cellar/gcc-arm-none-eabi-49/20150925/bin/../lib/gcc/arm-none-eabi/4.9.3/../../../../arm-none-eabi/lib/armv7e-m/fpu//libm.a(lib_a-sf_ceil.o)
                              build-TEENSY_3.6/py/modmath.o (ceilf)
/usr/local/Cellar/gcc-arm-none-eabi-49/20150925/bin/../lib/gcc/arm-none-eabi/4.9.3/../../../../arm-none-eabi/lib/armv7e-m/fpu//libm.a(lib_a-sf_cos.o)
                              build-TEENSY_3.6/py/objcomplex.o (cosf)
/usr/local/Cellar/gcc-arm-none-eabi-49/20150925/bin/../lib/gcc/arm-none-eabi/4.9.3/../../../../arm-none-eabi/lib/armv7e-m/fpu//libm.a(lib_a-sf_erf.o)
                              build-TEENSY_3.6/py/modmath.o (erff)
/usr/local/Cellar/gcc-arm-none-eabi-49/20150925/bin/../lib/gcc/arm-none-eabi/4.9.3/../../../../arm-none-eabi/lib/armv7e-m/fpu//libm.a(lib_a-sf_expm1.o)
                              build-TEENSY_3.6/py/modmath.o (expm1f)
/usr/local/Cellar/gcc-arm-none-eabi-49/20150925/bin/../lib/gcc/arm-none-eabi/4.9.3/../../../../arm-none-eabi/lib/armv7e-m/fpu//libm.a(lib_a-sf_fabs.o)
                              /usr/local/Cellar/gcc-arm-none-eabi-49/20150925/bin/../lib/gcc/arm-none-eabi/4.9.3/../../../../arm-none-eabi/lib/armv7e-m/fpu//libm.a(lib_a-sf_asinh.o) (fabsf)
/usr/local/Cellar/gcc-arm-none-eabi-49/20150925/bin/../lib/gcc/arm-none-eabi/4.9.3/../../../../arm-none-eabi/lib/armv7e-m/fpu//libm.a(lib_a-sf_floor.o)
                              build-TEENSY_3.6/py/objfloat.o (floorf)
/usr/local/Cellar/gcc-arm-none-eabi-49/20150925/bin/../lib/gcc/arm-none-eabi/4.9.3/../../../../arm-none-eabi/lib/armv7e-m/fpu//libm.a(lib_a-sf_fpclassify.o)
                              build-TEENSY_3.6/py/objcomplex.o (__fpclassifyf)
/usr/local/Cellar/gcc-arm-none-eabi-49/20150925/bin/../lib/gcc/arm-none-eabi/4.9.3/../../../../arm-none-eabi/lib/armv7e-m/fpu//libm.a(lib_a-sf_frexp.o)
                              build-TEENSY_3.6/py/modmath.o (frexpf)
/usr/local/Cellar/gcc-arm-none-eabi-49/20150925/bin/../lib/gcc/arm-none-eabi/4.9.3/../../../../arm-none-eabi/lib/armv7e-m/fpu//libm.a(lib_a-sf_ldexp.o)
                              build-TEENSY_3.6/py/modmath.o (ldexpf)
/usr/local/Cellar/gcc-arm-none-eabi-49/20150925/bin/../lib/gcc/arm-none-eabi/4.9.3/../../../../arm-none-eabi/lib/armv7e-m/fpu//libm.a(lib_a-sf_log1p.o)
                              /usr/local/Cellar/gcc-arm-none-eabi-49/20150925/bin/../lib/gcc/arm-none-eabi/4.9.3/../../../../arm-none-eabi/lib/armv7e-m/fpu//libm.a(lib_a-sf_asinh.o) (log1pf)
/usr/local/Cellar/gcc-arm-none-eabi-49/20150925/bin/../lib/gcc/arm-none-eabi/4.9.3/../../../../arm-none-eabi/lib/armv7e-m/fpu//libm.a(lib_a-sf_log2.o)
                              build-TEENSY_3.6/py/modmath.o (log2f)
/usr/local/Cellar/gcc-arm-none-eabi-49/20150925/bin/../lib/gcc/arm-none-eabi/4.9.3/../../../../arm-none-eabi/lib/armv7e-m/fpu//libm.a(lib_a-sf_modf.o)
                              build-TEENSY_3.6/py/modmath.o (modff)
/usr/local/Cellar/gcc-arm-none-eabi-49/20150925/bin/../lib/gcc/arm-none-eabi/4.9.3/../../../../arm-none-eabi/lib/armv7e-m/fpu//libm.a(lib_a-sf_round.o)
                              build-TEENSY_3.6/py/modbuiltins.o (roundf)
/usr/local/Cellar/gcc-arm-none-eabi-49/20150925/bin/../lib/gcc/arm-none-eabi/4.9.3/../../../../arm-none-eabi/lib/armv7e-m/fpu//libm.a(lib_a-sf_scalbn.o)
                              /usr/local/Cellar/gcc-arm-none-eabi-49/20150925/bin/../lib/gcc/arm-none-eabi/4.9.3/../../../../arm-none-eabi/lib/armv7e-m/fpu//libm.a(lib_a-sf_ldexp.o) (scalbnf)
/usr/local/Cellar/gcc-arm-none-eabi-49/20150925/bin/../lib/gcc/arm-none-eabi/4.9.3/../../../../arm-none-eabi/lib/armv7e-m/fpu//libm.a(lib_a-sf_sin.o)
                              build-TEENSY_3.6/py/objcomplex.o (sinf)
/usr/local/Cellar/gcc-arm-none-eabi-49/20150925/bin/../lib/gcc/arm-none-eabi/4.9.3/../../../../arm-none-eabi/lib/armv7e-m/fpu//libm.a(lib_a-sf_tan.o)
                              build-TEENSY_3.6/py/modmath.o (tanf)
/usr/local/Cellar/gcc-arm-none-eabi-49/20150925/bin/../lib/gcc/arm-none-eabi/4.9.3/../../../../arm-none-eabi/lib/armv7e-m/fpu//libm.a(lib_a-sf_tanh.o)
                              build-TEENSY_3.6/py/modmath.o (tanhf)
/usr/local/Cellar/gcc-arm-none-eabi-49/20150925/bin/../lib/gcc/arm-none-eabi/4.9.3/../../../../arm-none-eabi/lib/armv7e-m/fpu//libm.a(lib_a-wf_acos.o)
                              build-TEENSY_3.6/py/modmath.o (acosf)
/usr/local/Cellar/gcc-arm-none-eabi-49/20150925/bin/../lib/gcc/arm-none-eabi/4.9.3/../../../../arm-none-eabi/lib/armv7e-m/fpu//libm.a(lib_a-wf_acosh.o)
[...]
Memory Configuration

Name             Origin             Length             Attributes
FLASH            0x0000000000000000 0x0000000000100000 xr
RAM              0x000000001fff0000 0x0000000000040000 xrw
*default*        0x0000000000000000 0xffffffffffffffff

Linker script and memory map

                0x0000000059272302                __rtc_localtime = 0x59272302
LOAD build-TEENSY_3.6/py/mpstate.o
LOAD build-TEENSY_3.6/py/nlrx86.o
LOAD build-TEENSY_3.6/py/nlrx64.o
LOAD build-TEENSY_3.6/py/nlrthumb.o
LOAD build-TEENSY_3.6/py/nlrxtensa.o
LOAD build-TEENSY_3.6/py/nlrsetjmp.o
LOAD build-TEENSY_3.6/py/malloc.o
LOAD build-TEENSY_3.6/py/gc.o
LOAD build-TEENSY_3.6/py/qstr.o
LOAD build-TEENSY_3.6/py/vstr.o
LOAD build-TEENSY_3.6/py/mpprint.o
LOAD build-TEENSY_3.6/py/unicode.o
LOAD build-TEENSY_3.6/py/mpz.o
LOAD build-TEENSY_3.6/py/reader.o
LOAD build-TEENSY_3.6/py/lexer.o
LOAD build-TEENSY_3.6/py/parse.o
LOAD build-TEENSY_3.6/py/scope.o
LOAD build-TEENSY_3.6/py/compile.o
LOAD build-TEENSY_3.6/py/emitcommon.o
LOAD build-TEENSY_3.6/py/emitbc.o
LOAD build-TEENSY_3.6/py/asmbase.o
LOAD build-TEENSY_3.6/py/asmx64.o
LOAD build-TEENSY_3.6/py/emitnx64.o
LOAD build-TEENSY_3.6/py/asmx86.o
LOAD build-TEENSY_3.6/py/emitnx86.o
LOAD build-TEENSY_3.6/py/asmthumb.o
LOAD build-TEENSY_3.6/py/emitnthumb.o
LOAD build-TEENSY_3.6/py/emitinlinethumb.o
LOAD build-TEENSY_3.6/py/asmarm.o
LOAD build-TEENSY_3.6/py/emitnarm.o
LOAD build-TEENSY_3.6/py/asmxtensa.o
LOAD build-TEENSY_3.6/py/emitnxtensa.o
LOAD build-TEENSY_3.6/py/emitinlinextensa.o
LOAD build-TEENSY_3.6/py/formatfloat.o
LOAD build-TEENSY_3.6/py/parsenumbase.o
LOAD build-TEENSY_3.6/py/parsenum.o
LOAD build-TEENSY_3.6/py/emitglue.o
LOAD build-TEENSY_3.6/py/persistentcode.o
LOAD build-TEENSY_3.6/py/runtime.o
LOAD build-TEENSY_3.6/py/runtime_utils.o
LOAD build-TEENSY_3.6/py/nativeglue.o
LOAD build-TEENSY_3.6/py/stackctrl.o
LOAD build-TEENSY_3.6/py/argcheck.o
LOAD build-TEENSY_3.6/py/warning.o
LOAD build-TEENSY_3.6/py/map.o
LOAD build-TEENSY_3.6/py/obj.o
LOAD build-TEENSY_3.6/py/objarray.o
LOAD build-TEENSY_3.6/py/objattrtuple.o
LOAD build-TEENSY_3.6/py/objbool.o
LOAD build-TEENSY_3.6/py/objboundmeth.o
LOAD build-TEENSY_3.6/py/objcell.o
LOAD build-TEENSY_3.6/py/objclosure.o
LOAD build-TEENSY_3.6/py/objcomplex.o
LOAD build-TEENSY_3.6/py/objdict.o
LOAD build-TEENSY_3.6/py/objenumerate.o
LOAD build-TEENSY_3.6/py/objexcept.o
LOAD build-TEENSY_3.6/py/objfilter.o
LOAD build-TEENSY_3.6/py/objfloat.o
LOAD build-TEENSY_3.6/py/objfun.o
LOAD build-TEENSY_3.6/py/objgenerator.o
LOAD build-TEENSY_3.6/py/objgetitemiter.o
LOAD build-TEENSY_3.6/py/objint.o
LOAD build-TEENSY_3.6/py/objint_longlong.o
LOAD build-TEENSY_3.6/py/objint_mpz.o
LOAD build-TEENSY_3.6/py/objlist.o
LOAD build-TEENSY_3.6/py/objmap.o
LOAD build-TEENSY_3.6/py/objmodule.o
LOAD build-TEENSY_3.6/py/objobject.o
LOAD build-TEENSY_3.6/py/objpolyiter.o
LOAD build-TEENSY_3.6/py/objproperty.o
LOAD build-TEENSY_3.6/py/objnone.o
LOAD build-TEENSY_3.6/py/objnamedtuple.o
LOAD build-TEENSY_3.6/py/objrange.o
LOAD build-TEENSY_3.6/py/objreversed.o
LOAD build-TEENSY_3.6/py/objset.o
LOAD build-TEENSY_3.6/py/objsingleton.o
LOAD build-TEENSY_3.6/py/objslice.o
LOAD build-TEENSY_3.6/py/objstr.o
LOAD build-TEENSY_3.6/py/objstrunicode.o
LOAD build-TEENSY_3.6/py/objstringio.o
LOAD build-TEENSY_3.6/py/objtuple.o
LOAD build-TEENSY_3.6/py/objtype.o
LOAD build-TEENSY_3.6/py/objzip.o
LOAD build-TEENSY_3.6/py/opmethods.o
LOAD build-TEENSY_3.6/py/sequence.o
LOAD build-TEENSY_3.6/py/stream.o
LOAD build-TEENSY_3.6/py/binary.o
LOAD build-TEENSY_3.6/py/builtinimport.o
LOAD build-TEENSY_3.6/py/builtinevex.o
LOAD build-TEENSY_3.6/py/modarray.o
LOAD build-TEENSY_3.6/py/modbuiltins.o
LOAD build-TEENSY_3.6/py/modcollections.o
LOAD build-TEENSY_3.6/py/modgc.o
LOAD build-TEENSY_3.6/py/modio.o
LOAD build-TEENSY_3.6/py/modmath.o
LOAD build-TEENSY_3.6/py/modcmath.o
LOAD build-TEENSY_3.6/py/modmicropython.o
LOAD build-TEENSY_3.6/py/modstruct.o
LOAD build-TEENSY_3.6/py/modsys.o
LOAD build-TEENSY_3.6/py/moduerrno.o
LOAD build-TEENSY_3.6/py/modthread.o
LOAD build-TEENSY_3.6/py/vm.o
LOAD build-TEENSY_3.6/py/bc.o
LOAD build-TEENSY_3.6/py/showbc.o
LOAD build-TEENSY_3.6/py/repl.o
LOAD build-TEENSY_3.6/py/smallint.o
LOAD build-TEENSY_3.6/py/frozenmod.o
LOAD build-TEENSY_3.6/py/../extmod/moductypes.o
LOAD build-TEENSY_3.6/py/../extmod/modujson.o
LOAD build-TEENSY_3.6/py/../extmod/modure.o
LOAD build-TEENSY_3.6/py/../extmod/moduzlib.o
LOAD build-TEENSY_3.6/py/../extmod/moduheapq.o
LOAD build-TEENSY_3.6/py/../extmod/modutimeq.o
LOAD build-TEENSY_3.6/py/../extmod/moduhashlib.o
LOAD build-TEENSY_3.6/py/../extmod/modubinascii.o
LOAD build-TEENSY_3.6/py/../extmod/virtpin.o
LOAD build-TEENSY_3.6/py/../extmod/machine_mem.o
LOAD build-TEENSY_3.6/py/../extmod/machine_pinbase.o
LOAD build-TEENSY_3.6/py/../extmod/machine_pulse.o
LOAD build-TEENSY_3.6/py/../extmod/machine_i2c.o
LOAD build-TEENSY_3.6/py/../extmod/machine_spi.o
LOAD build-TEENSY_3.6/py/../extmod/modussl_axtls.o
LOAD build-TEENSY_3.6/py/../extmod/modussl_mbedtls.o
LOAD build-TEENSY_3.6/py/../extmod/modurandom.o
LOAD build-TEENSY_3.6/py/../extmod/moduselect.o
LOAD build-TEENSY_3.6/py/../extmod/modwebsocket.o
LOAD build-TEENSY_3.6/py/../extmod/modwebrepl.o
LOAD build-TEENSY_3.6/py/../extmod/modframebuf.o
LOAD build-TEENSY_3.6/py/../extmod/fsusermount.o
LOAD build-TEENSY_3.6/py/../extmod/vfs_fat.o
LOAD build-TEENSY_3.6/py/../extmod/vfs_fat_ffconf.o
LOAD build-TEENSY_3.6/py/../extmod/vfs_fat_diskio.o
LOAD build-TEENSY_3.6/py/../extmod/vfs_fat_file.o
LOAD build-TEENSY_3.6/py/../extmod/vfs_fat_reader.o
LOAD build-TEENSY_3.6/py/../extmod/vfs_fat_misc.o
LOAD build-TEENSY_3.6/py/../extmod/utime_mphal.o
LOAD build-TEENSY_3.6/py/../extmod/uos_dupterm.o
LOAD build-TEENSY_3.6/py/../lib/embed/abort_.o
LOAD build-TEENSY_3.6/py/../lib/utils/printf.o
LOAD build-TEENSY_3.6/hal_ftm.o
LOAD build-TEENSY_3.6/hal_gpio.o
LOAD build-TEENSY_3.6/help.o
LOAD build-TEENSY_3.6/main.o
LOAD build-TEENSY_3.6/adc.o
LOAD build-TEENSY_3.6/lcd.o
LOAD build-TEENSY_3.6/led.o
LOAD build-TEENSY_3.6/modmachine.o
LOAD build-TEENSY_3.6/modpyb.o
LOAD build-TEENSY_3.6/pin_defs_teensy.o
LOAD build-TEENSY_3.6/reg.o
LOAD build-TEENSY_3.6/rng.o
LOAD build-TEENSY_3.6/teensy_hal.o
LOAD build-TEENSY_3.6/timer.o
LOAD build-TEENSY_3.6/uart.o
LOAD build-TEENSY_3.6/usb.o
LOAD build-TEENSY_3.6/sdcard.o
LOAD build-TEENSY_3.6/fatfs_port.o
LOAD build-TEENSY_3.6/sdhc.o
LOAD build-TEENSY_3.6/stmhal/import.o
LOAD build-TEENSY_3.6/build-TEENSY_3.6/frozen.o
LOAD build-TEENSY_3.6/stmhal/bufhelper.o
LOAD build-TEENSY_3.6/stmhal/gccollect.o
LOAD build-TEENSY_3.6/stmhal/input.o
LOAD build-TEENSY_3.6/stmhal/irq.o
LOAD build-TEENSY_3.6/stmhal/pendsv.o
LOAD build-TEENSY_3.6/stmhal/pin.o
LOAD build-TEENSY_3.6/stmhal/pin_named_pins.o
LOAD build-TEENSY_3.6/stmhal/pybstdio.o
LOAD build-TEENSY_3.6/stmhal/builtin_open.o
LOAD build-TEENSY_3.6/stmhal/moduos.o
LOAD build-TEENSY_3.6/stmhal/gchelper.o
LOAD build-TEENSY_3.6/core/mk20dx128.o
LOAD build-TEENSY_3.6/core/pins_teensy.o
LOAD build-TEENSY_3.6/core/analog.o
LOAD build-TEENSY_3.6/core/usb_desc.o
LOAD build-TEENSY_3.6/core/usb_dev.o
LOAD build-TEENSY_3.6/core/usb_mem.o
LOAD build-TEENSY_3.6/core/usb_serial.o
LOAD build-TEENSY_3.6/core/yield.o
LOAD build-TEENSY_3.6/lib/libc/string0.o
LOAD build-TEENSY_3.6/lib/mp-readline/readline.o
LOAD build-TEENSY_3.6/lib/timeutils/timeutils.o
LOAD build-TEENSY_3.6/lib/utils/pyexec.o
LOAD build-TEENSY_3.6/lib/utils/pyhelp.o
LOAD build-TEENSY_3.6/lib/fatfs/ff.o
LOAD build-TEENSY_3.6/lib/fatfs/option/ccsbcs.o
LOAD build-TEENSY_3.6/pins_TEENSY_3.6.o
LOAD /usr/local/Cellar/gcc-arm-none-eabi-49/20150925/bin/../lib/gcc/arm-none-eabi/4.9.3/../../../../arm-none-eabi/lib/armv7e-m/fpu//libm.a
LOAD /usr/local/Cellar/gcc-arm-none-eabi-49/20150925/bin/../lib/gcc/arm-none-eabi/4.9.3/../../../../arm-none-eabi/lib/armv7e-m/fpu//libc.a
LOAD /usr/local/Cellar/gcc-arm-none-eabi-49/20150925/bin/../lib/gcc/arm-none-eabi/4.9.3/armv7e-m/fpu//libgcc.a
                0x0000000000000800                _minimum_stack_size = 0x800
                0x0000000000004000                _minimum_heap_size = 0x4000

.text           0x0000000000000000    0x3d774
                0x0000000000000000                . = 0x0
 *(.vectors)
 .vectors       0x0000000000000000      0x1d0 build-TEENSY_3.6/core/mk20dx128.o
                0x0000000000000000                _VectorsFlash
 *(.startup*)
 .startup       0x00000000000001d0      0x208 build-TEENSY_3.6/core/mk20dx128.o
                0x00000000000001d0                ResetHandler
                0x0000000000000400                . = 0x400
 *fill*         0x00000000000003d8       0x28 ff
 *(.flashconfig*)
 .flashconfig   0x0000000000000400       0x10 build-TEENSY_3.6/core/mk20dx128.o
                0x0000000000000400                flashconfigbytes
 *(.text*)
 .text.nlr_push
                0x0000000000000410       0x26 build-TEENSY_3.6/py/nlrthumb.o
                0x0000000000000410                nlr_push
 *fill*         0x0000000000000436        0x2 ff
 .text.nlr_push_tail
                0x0000000000000438       0x10 build-TEENSY_3.6/py/nlrthumb.o
                0x0000000000000438                nlr_push_tail
 .text.nlr_pop  0x0000000000000448       0x10 build-TEENSY_3.6/py/nlrthumb.o
                0x0000000000000448                nlr_pop
 .text.nlr_jump
                0x0000000000000458       0x40 build-TEENSY_3.6/py/nlrthumb.o
                0x0000000000000458                nlr_jump
 .text.m_malloc
                0x0000000000000498       0x1a build-TEENSY_3.6/py/malloc.o
                0x0000000000000498                m_malloc
 .text.m_malloc_maybe
                0x00000000000004b2        0x6 build-TEENSY_3.6/py/malloc.o
                0x00000000000004b2                m_malloc_maybe
 .text.m_malloc_with_finaliser
                0x00000000000004b8       0x1a build-TEENSY_3.6/py/malloc.o
                0x00000000000004b8                m_malloc_with_finaliser
 .text.m_malloc0
                0x00000000000004d2       0x18 build-TEENSY_3.6/py/malloc.o
                0x00000000000004d2                m_malloc0
 .text.m_realloc
                0x00000000000004ea       0x1a build-TEENSY_3.6/py/malloc.o
                0x00000000000004ea                m_realloc
 .text.m_realloc_maybe
                0x0000000000000504        0x4 build-TEENSY_3.6/py/malloc.o
                0x0000000000000504                m_realloc_maybe
 .text.m_free   0x0000000000000508        0x4 build-TEENSY_3.6/py/malloc.o
                0x0000000000000508                m_free
 .text.gc_drain_stack
                0x000000000000050c       0xdc build-TEENSY_3.6/py/gc.o
 .text.gc_free.part.0
                0x00000000000005e8       0xcc build-TEENSY_3.6/py/gc.o
 .text.gc_init  0x00000000000006b4       0x8c build-TEENSY_3.6/py/gc.o
                0x00000000000006b4                gc_init
 .text.gc_lock  0x0000000000000740       0x14 build-TEENSY_3.6/py/gc.o
                0x0000000000000740                gc_lock
 .text.gc_unlock
                0x0000000000000754       0x14 build-TEENSY_3.6/py/gc.o
                0x0000000000000754                gc_unlock
 .text.gc_is_locked
                0x0000000000000768       0x14 build-TEENSY_3.6/py/gc.o
                0x0000000000000768                gc_is_locked
 .text.gc_collect_start
                0x000000000000077c       0xa4 build-TEENSY_3.6/py/gc.o
                0x000000000000077c                gc_collect_start
 .text.gc_collect_root
                0x0000000000000820       0x90 build-TEENSY_3.6/py/gc.o
                0x0000000000000820                gc_collect_root
 .text.gc_collect_end
                0x00000000000008b0      0x15c build-TEENSY_3.6/py/gc.o
                0x00000000000008b0                gc_collect_end
 .text.gc_info  0x0000000000000a0c      0x114 build-TEENSY_3.6/py/gc.o
                0x0000000000000a0c                gc_info
 .text.gc_alloc
                0x0000000000000b20      0x1b8 build-TEENSY_3.6/py/gc.o
                0x0000000000000b20                gc_alloc
 .text.gc_free  0x0000000000000cd8       0xd4 build-TEENSY_3.6/py/gc.o
                0x0000000000000cd8                gc_free
 .text.gc_nbytes
                0x0000000000000dac       0x6c build-TEENSY_3.6/py/gc.o
                0x0000000000000dac                gc_nbytes
 .text.gc_realloc
                0x0000000000000e18      0x1e4 build-TEENSY_3.6/py/gc.o
                0x0000000000000e18                gc_realloc
 .text.gc_dump_info
                0x0000000000000ffc       0x40 build-TEENSY_3.6/py/gc.o
                0x0000000000000ffc                gc_dump_info
 .text.gc_dump_alloc_table
                0x000000000000103c      0x1a0 build-TEENSY_3.6/py/gc.o
                0x000000000000103c                gc_dump_alloc_table
 .text.find_qstr
                0x00000000000011dc       0x24 build-TEENSY_3.6/py/qstr.o
 .text.qstr_add
                0x0000000000001200       0x58 build-TEENSY_3.6/py/qstr.o
 .text.qstr_compute_hash
                0x0000000000001258       0x20 build-TEENSY_3.6/py/qstr.o
                0x0000000000001258                qstr_compute_hash
 .text.qstr_init
                0x0000000000001278       0x18 build-TEENSY_3.6/py/qstr.o
                0x0000000000001278                qstr_init
 .text.qstr_find_strn
                0x0000000000001290       0x68 build-TEENSY_3.6/py/qstr.o
                0x0000000000001290                qstr_find_strn
 .text.qstr_from_strn
                0x00000000000012f8       0xf0 build-TEENSY_3.6/py/qstr.o
                0x00000000000012f8                qstr_from_strn
 .text.qstr_from_str
                0x00000000000013e8       0x14 build-TEENSY_3.6/py/qstr.o
                0x00000000000013e8                qstr_from_str
 .text.qstr_build_start
                0x00000000000013fc       0x34 build-TEENSY_3.6/py/qstr.o
                0x00000000000013fc                qstr_build_start
 .text.qstr_build_end
                0x0000000000001430       0x3a build-TEENSY_3.6/py/qstr.o
                0x0000000000001430                qstr_build_end
 .text.qstr_hash
                0x000000000000146a       0x10 build-TEENSY_3.6/py/qstr.o
                0x000000000000146a                qstr_hash
 .text.qstr_len
                0x000000000000147a        0xa build-TEENSY_3.6/py/qstr.o
                0x000000000000147a                qstr_len
 .text.qstr_str
                0x0000000000001484        0xa build-TEENSY_3.6/py/qstr.o
                0x0000000000001484                qstr_str
 .text.qstr_data
                0x000000000000148e       0x10 build-TEENSY_3.6/py/qstr.o
                0x000000000000148e                qstr_data
 *fill*         0x000000000000149e        0x2 ff
 .text.qstr_pool_info
                0x00000000000014a0       0x78 build-TEENSY_3.6/py/qstr.o
                0x00000000000014a0                qstr_pool_info
 .text.qstr_dump_data
                0x0000000000001518       0x44 build-TEENSY_3.6/py/qstr.o
                0x0000000000001518                qstr_dump_data
 .text.vstr_ensure_extra
                0x000000000000155c       0x32 build-TEENSY_3.6/py/vstr.o
 .text.vstr_add_strn
                0x000000000000158e       0x36 build-TEENSY_3.6/py/vstr.o
                0x000000000000158e                vstr_add_strn
 .text.vstr_ins_blank_bytes.constprop.0
                0x00000000000015c4       0x30 build-TEENSY_3.6/py/vstr.o
 .text.vstr_init
                0x00000000000015f4       0x22 build-TEENSY_3.6/py/vstr.o
                0x00000000000015f4                vstr_init
 .text.vstr_init_len
                0x0000000000001616       0x10 build-TEENSY_3.6/py/vstr.o
                0x0000000000001616                vstr_init_len
 .text.vstr_init_fixed_buf
                0x0000000000001626       0x12 build-TEENSY_3.6/py/vstr.o
                0x0000000000001626                vstr_init_fixed_buf
 .text.vstr_init_print
                0x0000000000001638       0x18 build-TEENSY_3.6/py/vstr.o
                0x0000000000001638                vstr_init_print
 .text.vstr_clear
                0x0000000000001650       0x16 build-TEENSY_3.6/py/vstr.o
                0x0000000000001650                vstr_clear
 .text.vstr_new
                0x0000000000001666       0x16 build-TEENSY_3.6/py/vstr.o
                0x0000000000001666                vstr_new
 .text.vstr_free
                0x000000000000167c       0x1e build-TEENSY_3.6/py/vstr.o
                0x000000000000167c                vstr_free
 .text.vstr_extend
                0x000000000000169a       0x26 build-TEENSY_3.6/py/vstr.o
                0x000000000000169a                vstr_extend
 .text.vstr_add_len
                0x00000000000016c0       0x18 build-TEENSY_3.6/py/vstr.o
                0x00000000000016c0                vstr_add_len
 .text.vstr_null_terminated_str
                0x00000000000016d8       0x24 build-TEENSY_3.6/py/vstr.o
                0x00000000000016d8                vstr_null_terminated_str
 .text.vstr_add_byte
                0x00000000000016fc       0x10 build-TEENSY_3.6/py/vstr.o
                0x00000000000016fc                vstr_add_byte
 .text.vstr_add_char
                0x000000000000170c       0xb4 build-TEENSY_3.6/py/vstr.o
                0x000000000000170c                vstr_add_char
 .text.vstr_add_str
                0x00000000000017c0       0x1a build-TEENSY_3.6/py/vstr.o
                0x00000000000017c0                vstr_add_str
 .text.vstr_ins_byte
                0x00000000000017da        0xe build-TEENSY_3.6/py/vstr.o
                0x00000000000017da                vstr_ins_byte
 .text.vstr_ins_char
                0x00000000000017e8        0xe build-TEENSY_3.6/py/vstr.o
                0x00000000000017e8                vstr_ins_char
 .text.vstr_cut_tail_bytes
                0x00000000000017f6        0xe build-TEENSY_3.6/py/vstr.o
                0x00000000000017f6                vstr_cut_tail_bytes
 .text.vstr_cut_out_bytes
                0x0000000000001804       0x2c build-TEENSY_3.6/py/vstr.o
                0x0000000000001804                vstr_cut_out_bytes
 .text.vstr_vprintf
                0x0000000000001830       0x18 build-TEENSY_3.6/py/vstr.o
                0x0000000000001830                vstr_vprintf
 .text.plat_print_strn
                0x0000000000001848        0x8 build-TEENSY_3.6/py/mpprint.o
 .text.mp_print_str
                0x0000000000001850       0x1e build-TEENSY_3.6/py/mpprint.o
                0x0000000000001850                mp_print_str
 *fill*         0x000000000000186e        0x2 ff
 .text.mp_print_strn
                0x0000000000001870       0xc0 build-TEENSY_3.6/py/mpprint.o
                0x0000000000001870                mp_print_strn
 .text.mp_print_int
                0x0000000000001930       0xbe build-TEENSY_3.6/py/mpprint.o
 *fill*         0x00000000000019ee        0x2 ff
 .text.mp_print_mp_int
                0x00000000000019f0      0x25c build-TEENSY_3.6/py/mpprint.o
                0x00000000000019f0                mp_print_mp_int
 .text.mp_print_float
                0x0000000000001c4c       0xa4 build-TEENSY_3.6/py/mpprint.o
                0x0000000000001c4c                mp_print_float
 .text.mp_vprintf
                0x0000000000001cf0      0x298 build-TEENSY_3.6/py/mpprint.o
                0x0000000000001cf0                mp_vprintf
 .text.mp_printf
                0x0000000000001f88       0x1a build-TEENSY_3.6/py/mpprint.o
                0x0000000000001f88                mp_printf
 .text.utf8_get_char
                0x0000000000001fa2       0x32 build-TEENSY_3.6/py/unicode.o
                0x0000000000001fa2                utf8_get_char
 .text.utf8_next_char
                0x0000000000001fd4       0x12 build-TEENSY_3.6/py/unicode.o
                0x0000000000001fd4                utf8_next_char
 .text.utf8_ptr_to_index
                0x0000000000001fe6       0x1a build-TEENSY_3.6/py/unicode.o
                0x0000000000001fe6                utf8_ptr_to_index
 .text.unichar_charlen
                0x0000000000002000       0x20 build-TEENSY_3.6/py/unicode.o
                0x0000000000002000                unichar_charlen
 .text.unichar_isspace
                0x0000000000002020       0x14 build-TEENSY_3.6/py/unicode.o
                0x0000000000002020                unichar_isspace
 .text.unichar_isalpha
                0x0000000000002034       0x14 build-TEENSY_3.6/py/unicode.o
                0x0000000000002034                unichar_isalpha
 .text.unichar_isdigit
                0x0000000000002048       0x14 build-TEENSY_3.6/py/unicode.o
                0x0000000000002048                unichar_isdigit
 .text.unichar_isxdigit
                0x000000000000205c       0x14 build-TEENSY_3.6/py/unicode.o
                0x000000000000205c                unichar_isxdigit
 .text.unichar_isident
                0x0000000000002070       0x24 build-TEENSY_3.6/py/unicode.o
                0x0000000000002070                unichar_isident
 .text.unichar_isupper
                0x0000000000002094       0x14 build-TEENSY_3.6/py/unicode.o
                0x0000000000002094                unichar_isupper
 .text.unichar_islower
                0x00000000000020a8       0x14 build-TEENSY_3.6/py/unicode.o
                0x00000000000020a8                unichar_islower
 .text.unichar_tolower
                0x00000000000020bc       0x14 build-TEENSY_3.6/py/unicode.o
                0x00000000000020bc                unichar_tolower
 .text.unichar_toupper
                0x00000000000020d0       0x14 build-TEENSY_3.6/py/unicode.o
                0x00000000000020d0                unichar_toupper
 .text.unichar_xdigit_value
                0x00000000000020e4        0xe build-TEENSY_3.6/py/unicode.o
                0x00000000000020e4                unichar_xdigit_value
 .text.mpn_shr  0x00000000000020f2       0x46 build-TEENSY_3.6/py/mpz.o
 .text.mpn_add  0x0000000000002138       0x56 build-TEENSY_3.6/py/mpz.o
 .text.mpn_sub  0x000000000000218e       0x5e build-TEENSY_3.6/py/mpz.o
 .text.mpn_remove_trailing_zeros
                0x00000000000021ec       0x18 build-TEENSY_3.6/py/mpz.o
 .text.mpn_xor_neg
                0x0000000000002204       0x74 build-TEENSY_3.6/py/mpz.o
 .text.mpz_free
                0x0000000000002278       0x18 build-TEENSY_3.6/py/mpz.o
 .text.mpz_clone
                0x0000000000002290       0x4e build-TEENSY_3.6/py/mpz.o
 .text.mpn_cmp.part.0
                0x00000000000022de       0x2c build-TEENSY_3.6/py/mpz.o
 *fill*         0x000000000000230a        0x2 ff
 .text.mpz_need_dig
                0x000000000000230c       0x4c build-TEENSY_3.6/py/mpz.o
 .text.mpz_set_from_int.part.2
                0x0000000000002358       0x3e build-TEENSY_3.6/py/mpz.o
 .text.mpz_init_zero
                0x0000000000002396       0x1c build-TEENSY_3.6/py/mpz.o
                0x0000000000002396                mpz_init_zero
 .text.mpz_deinit
                0x00000000000023b2       0x10 build-TEENSY_3.6/py/mpz.o
                0x00000000000023b2                mpz_deinit
 .text.mpz_set  0x00000000000023c2       0x2a build-TEENSY_3.6/py/mpz.o
                0x00000000000023c2                mpz_set
 .text.mpz_set_from_int
                0x00000000000023ec        0xc build-TEENSY_3.6/py/mpz.o
                0x00000000000023ec                mpz_set_from_int
 .text.mpz_init_from_int
                0x00000000000023f8       0x16 build-TEENSY_3.6/py/mpz.o
                0x00000000000023f8                mpz_init_from_int
 .text.mpz_init_fixed_from_int
                0x000000000000240e       0x26 build-TEENSY_3.6/py/mpz.o
                0x000000000000240e                mpz_init_fixed_from_int
 .text.mpz_set_from_ll
                0x0000000000002434       0x5c build-TEENSY_3.6/py/mpz.o
                0x0000000000002434                mpz_set_from_ll
 .text.mpz_set_from_float
                0x0000000000002490       0xc2 build-TEENSY_3.6/py/mpz.o
                0x0000000000002490                mpz_set_from_float
 *fill*         0x0000000000002552        0x2 ff
 .text.mpz_set_from_str
                0x0000000000002554       0xbc build-TEENSY_3.6/py/mpz.o
                0x0000000000002554                mpz_set_from_str
 .text.mpz_is_zero
                0x0000000000002610        0xa build-TEENSY_3.6/py/mpz.o
                0x0000000000002610                mpz_is_zero
 .text.mpz_cmp  0x000000000000261a       0x42 build-TEENSY_3.6/py/mpz.o
                0x000000000000261a                mpz_cmp
 .text.mpz_abs_inpl
                0x000000000000265c       0x16 build-TEENSY_3.6/py/mpz.o
                0x000000000000265c                mpz_abs_inpl
 .text.mpz_neg_inpl
                0x0000000000002672       0x1e build-TEENSY_3.6/py/mpz.o
                0x0000000000002672                mpz_neg_inpl
 .text.mpz_not_inpl
                0x0000000000002690       0x72 build-TEENSY_3.6/py/mpz.o
                0x0000000000002690                mpz_not_inpl
 .text.mpz_shl_inpl
                0x0000000000002702       0xcc build-TEENSY_3.6/py/mpz.o
                0x0000000000002702                mpz_shl_inpl
 .text.mpz_shr_inpl
                0x00000000000027ce       0xa8 build-TEENSY_3.6/py/mpz.o
                0x00000000000027ce                mpz_shr_inpl
 .text.mpz_add_inpl
                0x0000000000002876       0x72 build-TEENSY_3.6/py/mpz.o
                0x0000000000002876                mpz_add_inpl
 .text.mpz_sub_inpl
                0x00000000000028e8       0x82 build-TEENSY_3.6/py/mpz.o
                0x00000000000028e8                mpz_sub_inpl
 .text.mpz_and_inpl
                0x000000000000296a      0x136 build-TEENSY_3.6/py/mpz.o
                0x000000000000296a                mpz_and_inpl
 .text.mpz_or_inpl
                0x0000000000002aa0      0x138 build-TEENSY_3.6/py/mpz.o
                0x0000000000002aa0                mpz_or_inpl
 .text.mpz_xor_inpl
                0x0000000000002bd8       0xdc build-TEENSY_3.6/py/mpz.o
                0x0000000000002bd8                mpz_xor_inpl
 .text.mpz_mul_inpl
                0x0000000000002cb4       0xfc build-TEENSY_3.6/py/mpz.o
                0x0000000000002cb4                mpz_mul_inpl
 .text.mpz_pow_inpl
                0x0000000000002db0       0x7e build-TEENSY_3.6/py/mpz.o
                0x0000000000002db0                mpz_pow_inpl
 *fill*         0x0000000000002e2e        0x2 ff
 .text.mpz_divmod_inpl
                0x0000000000002e30      0x2d4 build-TEENSY_3.6/py/mpz.o
                0x0000000000002e30                mpz_divmod_inpl
 .text.mpz_hash
                0x0000000000003104       0x26 build-TEENSY_3.6/py/mpz.o
                0x0000000000003104                mpz_hash
 .text.mpz_as_int_checked
                0x000000000000312a       0x32 build-TEENSY_3.6/py/mpz.o
                0x000000000000312a                mpz_as_int_checked
 .text.mpz_as_bytes
                0x000000000000315c       0x76 build-TEENSY_3.6/py/mpz.o
                0x000000000000315c                mpz_as_bytes
 *fill*         0x00000000000031d2        0x2 ff
 .text.mpz_as_float
                0x00000000000031d4       0x40 build-TEENSY_3.6/py/mpz.o
                0x00000000000031d4                mpz_as_float
 .text.mpz_as_str_inpl
                0x0000000000003214      0x128 build-TEENSY_3.6/py/mpz.o
                0x0000000000003214                mpz_as_str_inpl
 .text.mp_reader_mem_readbyte
                0x000000000000333c       0x14 build-TEENSY_3.6/py/reader.o
 .text.mp_reader_mem_close
                0x0000000000003350       0x18 build-TEENSY_3.6/py/reader.o
 .text.mp_reader_new_mem
                0x0000000000003368       0x34 build-TEENSY_3.6/py/reader.o
                0x0000000000003368                mp_reader_new_mem
 .text.next_char
                0x000000000000339c       0x64 build-TEENSY_3.6/py/lexer.o
 .text.mp_lexer_next_token_into
                0x0000000000003400      0x608 build-TEENSY_3.6/py/lexer.o
 .text.mp_lexer_free
                0x0000000000003a08       0x26 build-TEENSY_3.6/py/lexer.o
                0x0000000000003a08                mp_lexer_free
 .text.mp_lexer_new
                0x0000000000003a2e       0xc2 build-TEENSY_3.6/py/lexer.o
                0x0000000000003a2e                mp_lexer_new
 .text.mp_lexer_new_from_str_len
                0x0000000000003af0       0x1e build-TEENSY_3.6/py/lexer.o
                0x0000000000003af0                mp_lexer_new_from_str_len
 .text.mp_lexer_new_from_file
                0x0000000000003b0e       0x28 build-TEENSY_3.6/py/lexer.o
                0x0000000000003b0e                mp_lexer_new_from_file
 .text.mp_lexer_to_next
                0x0000000000003b36        0x6 build-TEENSY_3.6/py/lexer.o
                0x0000000000003b36                mp_lexer_to_next
 .text.parser_alloc
                0x0000000000003b3c       0x68 build-TEENSY_3.6/py/parse.o
 .text.make_node_const_object
                0x0000000000003ba4       0x22 build-TEENSY_3.6/py/parse.o
 *fill*         0x0000000000003bc6        0x2 ff
 .text.peek_result
                0x0000000000003bc8       0x3c build-TEENSY_3.6/py/parse.o
 .text.pop_result
                0x0000000000003c04       0x34 build-TEENSY_3.6/py/parse.o
 .text.push_result_node
                0x0000000000003c38       0x3c build-TEENSY_3.6/py/parse.o
 .text.push_result_token
                0x0000000000003c74      0x10e build-TEENSY_3.6/py/parse.o
 .text.push_rule
                0x0000000000003d82       0x52 build-TEENSY_3.6/py/parse.o
 .text.push_rule_from_arg
                0x0000000000003dd4       0x54 build-TEENSY_3.6/py/parse.o
 .text.mp_parse_node_is_const_false
                0x0000000000003e28       0x1c build-TEENSY_3.6/py/parse.o
                0x0000000000003e28                mp_parse_node_is_const_false
 .text.mp_parse_node_is_const_true
                0x0000000000003e44       0x1e build-TEENSY_3.6/py/parse.o
                0x0000000000003e44                mp_parse_node_is_const_true
 *fill*         0x0000000000003e62        0x2 ff
 .text.mp_parse_node_get_int_maybe
                0x0000000000003e64       0x48 build-TEENSY_3.6/py/parse.o
                0x0000000000003e64                mp_parse_node_get_int_maybe
 .text.push_result_rule
                0x0000000000003eac      0x400 build-TEENSY_3.6/py/parse.o
 .text.mp_parse_node_extract_list
                0x00000000000042ac       0x28 build-TEENSY_3.6/py/parse.o
                0x00000000000042ac                mp_parse_node_extract_list
 .text.mp_parse
                0x00000000000042d4      0x4ac build-TEENSY_3.6/py/parse.o
                0x00000000000042d4                mp_parse
 .text.mp_parse_tree_clear
                0x0000000000004780       0x12 build-TEENSY_3.6/py/parse.o
                0x0000000000004780                mp_parse_tree_clear
 *fill*         0x0000000000004792        0x2 ff
 .text.scope_new
                0x0000000000004794       0x6c build-TEENSY_3.6/py/scope.o
                0x0000000000004794                scope_new
 .text.scope_free
                0x0000000000004800       0x14 build-TEENSY_3.6/py/scope.o
                0x0000000000004800                scope_free
 .text.scope_find
                0x0000000000004814       0x20 build-TEENSY_3.6/py/scope.o
                0x0000000000004814                scope_find
 .text.scope_find_or_add_id
                0x0000000000004834       0x4a build-TEENSY_3.6/py/scope.o
                0x0000000000004834                scope_find_or_add_id
 .text.scope_find_global
                0x000000000000487e        0xc build-TEENSY_3.6/py/scope.o
                0x000000000000487e                scope_find_global
 *fill*         0x000000000000488a        0x2 ff
 .text.scope_find_local_and_close_over
                0x000000000000488c       0xa0 build-TEENSY_3.6/py/scope.o
                0x000000000000488c                scope_find_local_and_close_over
 .text.compile_increase_except_level
                0x000000000000492c       0x14 build-TEENSY_3.6/py/compile.o
 .text.apply_to_single_or_list
                0x0000000000004940       0x3e build-TEENSY_3.6/py/compile.o
 *fill*         0x000000000000497e        0x2 ff
 .text.compile_del_stmt
                0x0000000000004980       0x10 build-TEENSY_3.6/py/compile.o
 .text.compile_import_name
                0x0000000000004990       0x10 build-TEENSY_3.6/py/compile.o
 .text.compile_yield_from
                0x00000000000049a0       0x26 build-TEENSY_3.6/py/compile.o
 .text.compile_await_object_method
                0x00000000000049c6       0x26 build-TEENSY_3.6/py/compile.o
 .text.compile_trailer_period
                0x00000000000049ec        0xc build-TEENSY_3.6/py/compile.o
 .text.compile_const_object
                0x00000000000049f8        0xa build-TEENSY_3.6/py/compile.o
 .text.scope_new_and_link
                0x0000000000004a02       0x2a build-TEENSY_3.6/py/compile.o
 .text.close_over_variables_etc
                0x0000000000004a2c       0xe0 build-TEENSY_3.6/py/compile.o
 .text.compile_funcdef_lambdef
                0x0000000000004b0c       0x60 build-TEENSY_3.6/py/compile.o
 .text.compile_lambdef
                0x0000000000004b6c       0x2a build-TEENSY_3.6/py/compile.o
 .text.compile_funcdef_helper
                0x0000000000004b96       0x2a build-TEENSY_3.6/py/compile.o
 .text.compile_load_id
                0x0000000000004bc0       0x1c build-TEENSY_3.6/py/compile.o
 .text.compile_store_id
                0x0000000000004bdc       0x1c build-TEENSY_3.6/py/compile.o
 .text.compile_funcdef
                0x0000000000004bf8       0x18 build-TEENSY_3.6/py/compile.o
 .text.compile_delete_id
                0x0000000000004c10       0x1c build-TEENSY_3.6/py/compile.o
 .text.do_import_name
                0x0000000000004c2c      0x10c build-TEENSY_3.6/py/compile.o
 .text.compile_import_from
                0x0000000000004d38      0x160 build-TEENSY_3.6/py/compile.o
 .text.compile_dotted_as_name
                0x0000000000004e98       0x30 build-TEENSY_3.6/py/compile.o
 .text.compile_error_set_line.isra.2
                0x0000000000004ec8       0x10 build-TEENSY_3.6/py/compile.o
 .text.compile_decrease_except_level.isra.6
                0x0000000000004ed8       0x24 build-TEENSY_3.6/py/compile.o
 .text.compile_syntax_error
                0x0000000000004efc       0x28 build-TEENSY_3.6/py/compile.o
 .text.compile_scope_inline_asm
                0x0000000000004f24      0x2e4 build-TEENSY_3.6/py/compile.o
 .text.compile_star_expr
                0x0000000000005208        0xc build-TEENSY_3.6/py/compile.o
 .text.compile_scope_func_lambda_param
                0x0000000000005214      0x10c build-TEENSY_3.6/py/compile.o
 .text.compile_scope_lambda_param
                0x0000000000005320       0x14 build-TEENSY_3.6/py/compile.o
 .text.compile_scope_func_param
                0x0000000000005334       0x14 build-TEENSY_3.6/py/compile.o
 .text.compile_atom_string
                0x0000000000005348      0x130 build-TEENSY_3.6/py/compile.o
 .text.compile_continue_stmt
                0x0000000000005478       0x48 build-TEENSY_3.6/py/compile.o
 .text.compile_break_stmt
                0x00000000000054c0       0x48 build-TEENSY_3.6/py/compile.o
 .text.compile_scope_func_annotations
                0x0000000000005508       0x98 build-TEENSY_3.6/py/compile.o
 .text.compile_node
                0x00000000000055a0       0xbc build-TEENSY_3.6/py/compile.o
 .text.c_if_cond
                0x000000000000565c      0x11c build-TEENSY_3.6/py/compile.o
 .text.compile_yield_expr
                0x0000000000005778       0x60 build-TEENSY_3.6/py/compile.o
 .text.compile_comprehension
                0x00000000000057d8       0x90 build-TEENSY_3.6/py/compile.o
 .text.compile_trailer_paren_helper
                0x0000000000005868      0x190 build-TEENSY_3.6/py/compile.o
 .text.compile_classdef_helper
                0x00000000000059f8       0x56 build-TEENSY_3.6/py/compile.o
 .text.compile_classdef
                0x0000000000005a4e       0x18 build-TEENSY_3.6/py/compile.o
 .text.compile_trailer_paren
                0x0000000000005a66        0xa build-TEENSY_3.6/py/compile.o
 .text.compile_dictorsetmaker_item
                0x0000000000005a70       0x18 build-TEENSY_3.6/py/compile.o
 .text.compile_subscript_3_helper
                0x0000000000005a88       0xb0 build-TEENSY_3.6/py/compile.o
 .text.compile_subscript_3
                0x0000000000005b38       0x1c build-TEENSY_3.6/py/compile.o
 .text.compile_trailer_bracket
                0x0000000000005b54       0x16 build-TEENSY_3.6/py/compile.o
 *fill*         0x0000000000005b6a        0x2 ff
 .text.compile_atom_brace
                0x0000000000005b6c      0x180 build-TEENSY_3.6/py/compile.o
 .text.c_tuple  0x0000000000005cec       0x44 build-TEENSY_3.6/py/compile.o
 .text.compile_atom_paren
                0x0000000000005d30       0x8c build-TEENSY_3.6/py/compile.o
 .text.compile_generic_tuple
                0x0000000000005dbc        0x8 build-TEENSY_3.6/py/compile.o
 .text.compile_atom_expr_trailers
                0x0000000000005dc4       0x72 build-TEENSY_3.6/py/compile.o
 *fill*         0x0000000000005e36        0x2 ff
 .text.compile_term
                0x0000000000005e38       0x94 build-TEENSY_3.6/py/compile.o
 .text.c_binary_op
                0x0000000000005ecc       0x3a build-TEENSY_3.6/py/compile.o
 .text.compile_and_expr
                0x0000000000005f06        0x6 build-TEENSY_3.6/py/compile.o
 .text.compile_xor_expr
                0x0000000000005f0c        0x6 build-TEENSY_3.6/py/compile.o
 .text.compile_expr
                0x0000000000005f12        0x6 build-TEENSY_3.6/py/compile.o
 .text.compile_comparison
                0x0000000000005f18      0x148 build-TEENSY_3.6/py/compile.o
 .text.compile_not_test_2
                0x0000000000006060       0x1a build-TEENSY_3.6/py/compile.o
 .text.compile_or_and_test
                0x000000000000607a       0x4e build-TEENSY_3.6/py/compile.o
 .text.compile_and_test
                0x00000000000060c8        0x6 build-TEENSY_3.6/py/compile.o
 .text.compile_or_test
                0x00000000000060ce        0x6 build-TEENSY_3.6/py/compile.o
 .text.compile_funcdef_lambdef_param
                0x00000000000060d4       0xe0 build-TEENSY_3.6/py/compile.o
 .text.compile_test_if_expr
                0x00000000000061b4       0x84 build-TEENSY_3.6/py/compile.o
 .text.compile_try_except
                0x0000000000006238      0x278 build-TEENSY_3.6/py/compile.o
 .text.compile_try_finally
                0x00000000000064b0       0xbc build-TEENSY_3.6/py/compile.o
 .text.compile_try_stmt
                0x000000000000656c       0x88 build-TEENSY_3.6/py/compile.o
 .text.compile_while_stmt
                0x00000000000065f4       0x96 build-TEENSY_3.6/py/compile.o
 *fill*         0x000000000000668a        0x2 ff
 .text.compile_if_stmt
                0x000000000000668c      0x110 build-TEENSY_3.6/py/compile.o
 .text.compile_raise_stmt
                0x000000000000679c       0x50 build-TEENSY_3.6/py/compile.o
 .text.compile_yield_stmt
                0x00000000000067ec       0x18 build-TEENSY_3.6/py/compile.o
 .text.c_del_stmt
                0x0000000000006804      0x174 build-TEENSY_3.6/py/compile.o
 .text.compile_decorated
                0x0000000000006978      0x1a0 build-TEENSY_3.6/py/compile.o
 .text.compile_generic_all_nodes
                0x0000000000006b18       0x3e build-TEENSY_3.6/py/compile.o
 .text.compile_atom_expr_normal
                0x0000000000006b56       0x22 build-TEENSY_3.6/py/compile.o
 .text.compile_power
                0x0000000000006b78       0x18 build-TEENSY_3.6/py/compile.o
 .text.compile_atom_bracket
                0x0000000000006b90       0xb4 build-TEENSY_3.6/py/compile.o
 .text.c_assign
                0x0000000000006c44      0x238 build-TEENSY_3.6/py/compile.o
 .text.c_assign_tuple
                0x0000000000006e7c       0xd4 build-TEENSY_3.6/py/compile.o
 .text.compile_scope_comp_iter
                0x0000000000006f50       0xe8 build-TEENSY_3.6/py/compile.o
 .text.compile_scope
                0x0000000000007038      0x330 build-TEENSY_3.6/py/compile.o
 .text.compile_with_stmt_helper
                0x0000000000007368       0xae build-TEENSY_3.6/py/compile.o
 *fill*         0x0000000000007416        0x2 ff
 .text.compile_for_stmt
                0x0000000000007418      0x318 build-TEENSY_3.6/py/compile.o
 .text.compile_async_with_stmt_helper
                0x0000000000007730      0x262 build-TEENSY_3.6/py/compile.o
 *fill*         0x0000000000007992        0x2 ff
 .text.compile_expr_stmt
                0x0000000000007994      0x240 build-TEENSY_3.6/py/compile.o
 .text.compile_subscript_2
                0x0000000000007bd4       0x38 build-TEENSY_3.6/py/compile.o
 .text.compile_factor_2
                0x0000000000007c0c       0x68 build-TEENSY_3.6/py/compile.o
 .text.compile_arith_expr
                0x0000000000007c74       0x6c build-TEENSY_3.6/py/compile.o
 .text.compile_shift_expr
                0x0000000000007ce0       0x6c build-TEENSY_3.6/py/compile.o
 .text.compile_with_stmt
                0x0000000000007d4c       0x40 build-TEENSY_3.6/py/compile.o
 .text.compile_async_stmt
                0x0000000000007d8c      0x21c build-TEENSY_3.6/py/compile.o
 .text.compile_assert_stmt
                0x0000000000007fa8       0x68 build-TEENSY_3.6/py/compile.o
 .text.compile_return_stmt
                0x0000000000008010       0x80 build-TEENSY_3.6/py/compile.o
 .text.compile_atom_expr_await
                0x0000000000008090       0x34 build-TEENSY_3.6/py/compile.o
 .text.compile_bytes
                0x00000000000080c4       0x30 build-TEENSY_3.6/py/compile.o
 .text.compile_string
                0x00000000000080f4       0x30 build-TEENSY_3.6/py/compile.o
 .text.compile_nonlocal_stmt
                0x0000000000008124       0x8c build-TEENSY_3.6/py/compile.o
 .text.compile_global_stmt
                0x00000000000081b0       0x74 build-TEENSY_3.6/py/compile.o
 .text.mp_compile
                0x0000000000008224      0x330 build-TEENSY_3.6/py/compile.o
                0x0000000000008224                mp_compile
 .text.mp_emit_common_get_id_for_load
                0x0000000000008554       0x22 build-TEENSY_3.6/py/emitcommon.o
                0x0000000000008554                mp_emit_common_get_id_for_load
 .text.mp_emit_common_get_id_for_modification
                0x0000000000008576       0x2c build-TEENSY_3.6/py/emitcommon.o
                0x0000000000008576                mp_emit_common_get_id_for_modification
 *fill*         0x00000000000085a2        0x2 ff
 .text.mp_emit_common_id_op
                0x00000000000085a4       0x70 build-TEENSY_3.6/py/emitcommon.o
                0x00000000000085a4                mp_emit_common_id_op
 .text.emit_write_uint
                0x0000000000008614       0x3e build-TEENSY_3.6/py/emitbc.o
 .text.mp_emit_bc_last_emit_was_return_value
                0x0000000000008652        0xa build-TEENSY_3.6/py/emitbc.o
                0x0000000000008652                mp_emit_bc_last_emit_was_return_value
 .text.mp_emit_bc_adjust_stack_size
                0x000000000000865c        0x8 build-TEENSY_3.6/py/emitbc.o
                0x000000000000865c                mp_emit_bc_adjust_stack_size
 .text.mp_emit_bc_start_except_handler
                0x0000000000008664        0x8 build-TEENSY_3.6/py/emitbc.o
                0x0000000000008664                mp_emit_bc_start_except_handler
 .text.mp_emit_bc_end_except_handler
                0x000000000000866c        0x8 build-TEENSY_3.6/py/emitbc.o
                0x000000000000866c                mp_emit_bc_end_except_handler
 .text.emit_get_cur_to_write_code_info
                0x0000000000008674       0x38 build-TEENSY_3.6/py/emitbc.o
 .text.emit_write_code_info_byte
                0x00000000000086ac        0xe build-TEENSY_3.6/py/emitbc.o
 *fill*         0x00000000000086ba        0x2 ff
 .text.mp_emit_bc_end_pass
                0x00000000000086bc       0x9c build-TEENSY_3.6/py/emitbc.o
                0x00000000000086bc                mp_emit_bc_end_pass
 .text.emit_write_code_info_qstr
                0x0000000000008758       0x30 build-TEENSY_3.6/py/emitbc.o
 .text.emit_get_cur_to_write_bytecode
                0x0000000000008788       0x3c build-TEENSY_3.6/py/emitbc.o
 .text.emit_write_bytecode_byte
                0x00000000000087c4        0xe build-TEENSY_3.6/py/emitbc.o
 *fill*         0x00000000000087d2        0x2 ff
 .text.emit_write_bytecode_byte_uint
                0x00000000000087d4       0x1c build-TEENSY_3.6/py/emitbc.o
 .text.emit_write_bytecode_byte_raw_code
                0x00000000000087f0       0x2c build-TEENSY_3.6/py/emitbc.o
 .text.mp_emit_bc_delete_fast
                0x000000000000881c        0x6 build-TEENSY_3.6/py/emitbc.o
                0x000000000000881c                mp_emit_bc_delete_fast
 .text.mp_emit_bc_delete_deref
                0x0000000000008822        0x6 build-TEENSY_3.6/py/emitbc.o
                0x0000000000008822                mp_emit_bc_delete_deref
 .text.emit_write_bytecode_byte_signed_label
                0x0000000000008828       0x32 build-TEENSY_3.6/py/emitbc.o
 .text.emit_write_bytecode_byte_unsigned_label
                0x000000000000885a       0x32 build-TEENSY_3.6/py/emitbc.o
 .text.mp_emit_bc_set_source_line
                0x000000000000888c       0xb0 build-TEENSY_3.6/py/emitbc.o
                0x000000000000888c                mp_emit_bc_set_source_line
 .text.emit_bc_pre
                0x000000000000893c       0x3c build-TEENSY_3.6/py/emitbc.o
 .text.mp_emit_bc_import_star
                0x0000000000008978       0x18 build-TEENSY_3.6/py/emitbc.o
                0x0000000000008978                mp_emit_bc_import_star
 .text.mp_emit_bc_load_null
                0x0000000000008990       0x16 build-TEENSY_3.6/py/emitbc.o
                0x0000000000008990                mp_emit_bc_load_null
 .text.mp_emit_bc_load_fast
                0x00000000000089a6       0x2e build-TEENSY_3.6/py/emitbc.o
                0x00000000000089a6                mp_emit_bc_load_fast
 .text.mp_emit_bc_load_deref
                0x00000000000089d4       0x1a build-TEENSY_3.6/py/emitbc.o
                0x00000000000089d4                mp_emit_bc_load_deref
 .text.mp_emit_bc_load_build_class
                0x00000000000089ee       0x16 build-TEENSY_3.6/py/emitbc.o
                0x00000000000089ee                mp_emit_bc_load_build_class
 .text.mp_emit_bc_load_subscr
                0x0000000000008a04       0x18 build-TEENSY_3.6/py/emitbc.o
                0x0000000000008a04                mp_emit_bc_load_subscr
 .text.mp_emit_bc_store_fast
                0x0000000000008a1c       0x30 build-TEENSY_3.6/py/emitbc.o
                0x0000000000008a1c                mp_emit_bc_store_fast
 .text.mp_emit_bc_store_deref
                0x0000000000008a4c       0x1c build-TEENSY_3.6/py/emitbc.o
                0x0000000000008a4c                mp_emit_bc_store_deref
 .text.mp_emit_bc_store_subscr
                0x0000000000008a68       0x18 build-TEENSY_3.6/py/emitbc.o
                0x0000000000008a68                mp_emit_bc_store_subscr
 .text.mp_emit_bc_dup_top
                0x0000000000008a80       0x16 build-TEENSY_3.6/py/emitbc.o
                0x0000000000008a80                mp_emit_bc_dup_top
 .text.mp_emit_bc_dup_top_two
                0x0000000000008a96       0x16 build-TEENSY_3.6/py/emitbc.o
                0x0000000000008a96                mp_emit_bc_dup_top_two
 .text.mp_emit_bc_pop_top
                0x0000000000008aac       0x18 build-TEENSY_3.6/py/emitbc.o
                0x0000000000008aac                mp_emit_bc_pop_top
 .text.mp_emit_bc_rot_two
                0x0000000000008ac4       0x16 build-TEENSY_3.6/py/emitbc.o
                0x0000000000008ac4                mp_emit_bc_rot_two
 .text.mp_emit_bc_rot_three
                0x0000000000008ada       0x16 build-TEENSY_3.6/py/emitbc.o
                0x0000000000008ada                mp_emit_bc_rot_three
 .text.mp_emit_bc_delete_subscr
                0x0000000000008af0       0x18 build-TEENSY_3.6/py/emitbc.o
                0x0000000000008af0                mp_emit_bc_delete_subscr
 .text.mp_emit_bc_jump
                0x0000000000008b08       0x1a build-TEENSY_3.6/py/emitbc.o
                0x0000000000008b08                mp_emit_bc_jump
 .text.mp_emit_bc_pop_jump_if
                0x0000000000008b22       0x24 build-TEENSY_3.6/py/emitbc.o
                0x0000000000008b22                mp_emit_bc_pop_jump_if
 .text.mp_emit_bc_jump_if_or_pop
                0x0000000000008b46       0x24 build-TEENSY_3.6/py/emitbc.o
                0x0000000000008b46                mp_emit_bc_jump_if_or_pop
 .text.mp_emit_bc_setup_with
                0x0000000000008b6a       0x1a build-TEENSY_3.6/py/emitbc.o
                0x0000000000008b6a                mp_emit_bc_setup_with
 .text.mp_emit_bc_setup_except
                0x0000000000008b84       0x1a build-TEENSY_3.6/py/emitbc.o
                0x0000000000008b84                mp_emit_bc_setup_except
 .text.mp_emit_bc_setup_finally
                0x0000000000008b9e       0x1a build-TEENSY_3.6/py/emitbc.o
                0x0000000000008b9e                mp_emit_bc_setup_finally
 .text.mp_emit_bc_end_finally
                0x0000000000008bb8       0x18 build-TEENSY_3.6/py/emitbc.o
                0x0000000000008bb8                mp_emit_bc_end_finally
 .text.mp_emit_bc_get_iter
                0x0000000000008bd0       0x16 build-TEENSY_3.6/py/emitbc.o
                0x0000000000008bd0                mp_emit_bc_get_iter
 .text.mp_emit_bc_for_iter
                0x0000000000008be6       0x1a build-TEENSY_3.6/py/emitbc.o
                0x0000000000008be6                mp_emit_bc_for_iter
 .text.mp_emit_bc_for_iter_end
                0x0000000000008c00        0x8 build-TEENSY_3.6/py/emitbc.o
                0x0000000000008c00                mp_emit_bc_for_iter_end
 .text.mp_emit_bc_pop_block
                0x0000000000008c08       0x16 build-TEENSY_3.6/py/emitbc.o
                0x0000000000008c08                mp_emit_bc_pop_block
 .text.mp_emit_bc_pop_except
                0x0000000000008c1e       0x16 build-TEENSY_3.6/py/emitbc.o
                0x0000000000008c1e                mp_emit_bc_pop_except
 .text.mp_emit_bc_unary_op
                0x0000000000008c34       0x1c build-TEENSY_3.6/py/emitbc.o
                0x0000000000008c34                mp_emit_bc_unary_op
 .text.mp_emit_bc_build_tuple
                0x0000000000008c50       0x1c build-TEENSY_3.6/py/emitbc.o
                0x0000000000008c50                mp_emit_bc_build_tuple
 .text.mp_emit_bc_build_list
                0x0000000000008c6c       0x1c build-TEENSY_3.6/py/emitbc.o
                0x0000000000008c6c                mp_emit_bc_build_list
 .text.mp_emit_bc_build_map
                0x0000000000008c88       0x1a build-TEENSY_3.6/py/emitbc.o
                0x0000000000008c88                mp_emit_bc_build_map
 .text.mp_emit_bc_store_map
                0x0000000000008ca2       0x18 build-TEENSY_3.6/py/emitbc.o
                0x0000000000008ca2                mp_emit_bc_store_map
 .text.mp_emit_bc_build_set
                0x0000000000008cba       0x1c build-TEENSY_3.6/py/emitbc.o
                0x0000000000008cba                mp_emit_bc_build_set
 .text.mp_emit_bc_build_slice
                0x0000000000008cd6       0x1c build-TEENSY_3.6/py/emitbc.o
                0x0000000000008cd6                mp_emit_bc_build_slice
 .text.mp_emit_bc_store_comp
                0x0000000000008cf2       0x36 build-TEENSY_3.6/py/emitbc.o
                0x0000000000008cf2                mp_emit_bc_store_comp
 .text.mp_emit_bc_unpack_sequence
                0x0000000000008d28       0x1a build-TEENSY_3.6/py/emitbc.o
                0x0000000000008d28                mp_emit_bc_unpack_sequence
 .text.mp_emit_bc_unpack_ex
                0x0000000000008d42       0x1e build-TEENSY_3.6/py/emitbc.o
                0x0000000000008d42                mp_emit_bc_unpack_ex
 .text.mp_emit_bc_return_value
                0x0000000000008d60       0x1c build-TEENSY_3.6/py/emitbc.o
                0x0000000000008d60                mp_emit_bc_return_value
 .text.mp_emit_bc_yield_value
                0x0000000000008d7c       0x20 build-TEENSY_3.6/py/emitbc.o
                0x0000000000008d7c                mp_emit_bc_yield_value
 .text.mp_emit_bc_yield_from
                0x0000000000008d9c       0x22 build-TEENSY_3.6/py/emitbc.o
                0x0000000000008d9c                mp_emit_bc_yield_from
 *fill*         0x0000000000008dbe        0x2 ff
 .text.mp_emit_bc_label_assign
                0x0000000000008dc0       0x70 build-TEENSY_3.6/py/emitbc.o
                0x0000000000008dc0                mp_emit_bc_label_assign
 .text.mp_emit_bc_unwind_jump
                0x0000000000008e30       0x4c build-TEENSY_3.6/py/emitbc.o
                0x0000000000008e30                mp_emit_bc_unwind_jump
 .text.mp_emit_bc_binary_op
                0x0000000000008e7c       0x4a build-TEENSY_3.6/py/emitbc.o
                0x0000000000008e7c                mp_emit_bc_binary_op
 .text.mp_emit_bc_make_function
                0x0000000000008ec6       0x2e build-TEENSY_3.6/py/emitbc.o
                0x0000000000008ec6                mp_emit_bc_make_function
 .text.emit_bc_call_function_method_helper
                0x0000000000008ef4       0x3e build-TEENSY_3.6/py/emitbc.o
 .text.mp_emit_bc_call_function
                0x0000000000008f32       0x16 build-TEENSY_3.6/py/emitbc.o
                0x0000000000008f32                mp_emit_bc_call_function
 .text.mp_emit_bc_call_method
                0x0000000000008f48       0x18 build-TEENSY_3.6/py/emitbc.o
                0x0000000000008f48                mp_emit_bc_call_method
 .text.emit_write_bytecode_byte_qstr
                0x0000000000008f60       0x34 build-TEENSY_3.6/py/emitbc.o
 .text.mp_emit_bc_import_name
                0x0000000000008f94       0x1c build-TEENSY_3.6/py/emitbc.o
                0x0000000000008f94                mp_emit_bc_import_name
 .text.mp_emit_bc_import_from
                0x0000000000008fb0       0x1a build-TEENSY_3.6/py/emitbc.o
                0x0000000000008fb0                mp_emit_bc_import_from
 .text.mp_emit_bc_load_const_str
                0x0000000000008fca       0x1a build-TEENSY_3.6/py/emitbc.o
                0x0000000000008fca                mp_emit_bc_load_const_str
 .text.mp_emit_bc_load_name
                0x0000000000008fe4       0x1a build-TEENSY_3.6/py/emitbc.o
                0x0000000000008fe4                mp_emit_bc_load_name
 .text.mp_emit_bc_load_global
                0x0000000000008ffe       0x1a build-TEENSY_3.6/py/emitbc.o
                0x0000000000008ffe                mp_emit_bc_load_global
 .text.mp_emit_bc_load_attr
                0x0000000000009018       0x1a build-TEENSY_3.6/py/emitbc.o
                0x0000000000009018                mp_emit_bc_load_attr
 .text.mp_emit_bc_load_method
                0x0000000000009032       0x1a build-TEENSY_3.6/py/emitbc.o
                0x0000000000009032                mp_emit_bc_load_method
 .text.mp_emit_bc_store_name
                0x000000000000904c       0x1c build-TEENSY_3.6/py/emitbc.o
                0x000000000000904c                mp_emit_bc_store_name
 .text.mp_emit_bc_store_global
                0x0000000000009068       0x1c build-TEENSY_3.6/py/emitbc.o
                0x0000000000009068                mp_emit_bc_store_global
 .text.mp_emit_bc_store_attr
                0x0000000000009084       0x1c build-TEENSY_3.6/py/emitbc.o
                0x0000000000009084                mp_emit_bc_store_attr
 .text.mp_emit_bc_delete_attr
                0x00000000000090a0       0x1c build-TEENSY_3.6/py/emitbc.o
                0x00000000000090a0                mp_emit_bc_delete_attr
 .text.mp_emit_bc_delete_name
                0x00000000000090bc       0x1a build-TEENSY_3.6/py/emitbc.o
                0x00000000000090bc                mp_emit_bc_delete_name
 .text.mp_emit_bc_delete_global
                0x00000000000090d6       0x1a build-TEENSY_3.6/py/emitbc.o
                0x00000000000090d6                mp_emit_bc_delete_global
 .text.mp_emit_bc_make_closure
                0x00000000000090f0       0x58 build-TEENSY_3.6/py/emitbc.o
                0x00000000000090f0                mp_emit_bc_make_closure
 .text.mp_emit_bc_load_const_small_int
                0x0000000000009148       0x88 build-TEENSY_3.6/py/emitbc.o
                0x0000000000009148                mp_emit_bc_load_const_small_int
 .text.mp_emit_bc_raise_varargs
                0x00000000000091d0       0x3c build-TEENSY_3.6/py/emitbc.o
                0x00000000000091d0                mp_emit_bc_raise_varargs
 .text.emit_write_bytecode_byte_obj.constprop.14
                0x000000000000920c       0x2a build-TEENSY_3.6/py/emitbc.o
 *fill*         0x0000000000009236        0x2 ff
 .text.mp_emit_bc_load_const_tok
                0x0000000000009238       0x60 build-TEENSY_3.6/py/emitbc.o
                0x0000000000009238                mp_emit_bc_load_const_tok
 .text.mp_emit_bc_with_cleanup
                0x0000000000009298       0x38 build-TEENSY_3.6/py/emitbc.o
                0x0000000000009298                mp_emit_bc_with_cleanup
 .text.mp_emit_bc_load_const_obj
                0x00000000000092d0       0x18 build-TEENSY_3.6/py/emitbc.o
                0x00000000000092d0                mp_emit_bc_load_const_obj
 .text.mp_emit_bc_start_pass
                0x00000000000092e8      0x13c build-TEENSY_3.6/py/emitbc.o
                0x00000000000092e8                mp_emit_bc_start_pass
 .text.emit_bc_new
                0x0000000000009424        0x6 build-TEENSY_3.6/py/emitbc.o
                0x0000000000009424                emit_bc_new
 .text.emit_bc_set_max_num_labels
                0x000000000000942a       0x10 build-TEENSY_3.6/py/emitbc.o
                0x000000000000942a                emit_bc_set_max_num_labels
 .text.emit_bc_free
                0x000000000000943a       0x14 build-TEENSY_3.6/py/emitbc.o
                0x000000000000943a                emit_bc_free
 .text.mp_asm_base_init
                0x000000000000944e       0x10 build-TEENSY_3.6/py/asmbase.o
                0x000000000000944e                mp_asm_base_init
 .text.mp_asm_base_deinit
                0x000000000000945e       0x16 build-TEENSY_3.6/py/asmbase.o
                0x000000000000945e                mp_asm_base_deinit
 .text.mp_asm_base_start_pass
                0x0000000000009474       0x4c build-TEENSY_3.6/py/asmbase.o
                0x0000000000009474                mp_asm_base_start_pass
 .text.mp_asm_base_get_cur_to_write_bytes
                0x00000000000094c0       0x3c build-TEENSY_3.6/py/asmbase.o
                0x00000000000094c0                mp_asm_base_get_cur_to_write_bytes
 .text.mp_asm_base_label_assign
                0x00000000000094fc       0x5c build-TEENSY_3.6/py/asmbase.o
                0x00000000000094fc                mp_asm_base_label_assign
 .text.mp_asm_base_align
                0x0000000000009558        0xe build-TEENSY_3.6/py/asmbase.o
                0x0000000000009558                mp_asm_base_align
 .text.mp_asm_base_data
                0x0000000000009566       0x1c build-TEENSY_3.6/py/asmbase.o
                0x0000000000009566                mp_asm_base_data
 *fill*         0x0000000000009582        0x2 ff
 .text.get_label_dest
                0x0000000000009584       0x28 build-TEENSY_3.6/py/asmthumb.o
 .text.asm_thumb_end_pass
                0x00000000000095ac        0x2 build-TEENSY_3.6/py/asmthumb.o
                0x00000000000095ac                asm_thumb_end_pass
 .text.asm_thumb_op16
                0x00000000000095ae       0x14 build-TEENSY_3.6/py/asmthumb.o
                0x00000000000095ae                asm_thumb_op16
 .text.asm_thumb_entry
                0x00000000000095c2       0x46 build-TEENSY_3.6/py/asmthumb.o
                0x00000000000095c2                asm_thumb_entry
 .text.asm_thumb_exit
                0x0000000000009608       0x20 build-TEENSY_3.6/py/asmthumb.o
                0x0000000000009608                asm_thumb_exit
 .text.asm_thumb_op32
                0x0000000000009628       0x1c build-TEENSY_3.6/py/asmthumb.o
                0x0000000000009628                asm_thumb_op32
 .text.asm_thumb_format_4
                0x0000000000009644       0x40 build-TEENSY_3.6/py/asmthumb.o
                0x0000000000009644                asm_thumb_format_4
 .text.asm_thumb_mov_reg_reg
                0x0000000000009684       0x22 build-TEENSY_3.6/py/asmthumb.o
                0x0000000000009684                asm_thumb_mov_reg_reg
 *fill*         0x00000000000096a6        0x2 ff
 .text.asm_thumb_mov_reg_i16
                0x00000000000096a8       0x44 build-TEENSY_3.6/py/asmthumb.o
                0x00000000000096a8                asm_thumb_mov_reg_i16
 .text.asm_thumb_b_n_label
                0x00000000000096ec       0x3c build-TEENSY_3.6/py/asmthumb.o
                0x00000000000096ec                asm_thumb_b_n_label
 .text.asm_thumb_bcc_nw_label
                0x0000000000009728       0x6c build-TEENSY_3.6/py/asmthumb.o
                0x0000000000009728                asm_thumb_bcc_nw_label
 .text.asm_thumb_bl_label
                0x0000000000009794       0x40 build-TEENSY_3.6/py/asmthumb.o
                0x0000000000009794                asm_thumb_bl_label
 .text.asm_thumb_mov_reg_i32
                0x00000000000097d4       0x26 build-TEENSY_3.6/py/asmthumb.o
                0x00000000000097d4                asm_thumb_mov_reg_i32
 .text.asm_thumb_mov_reg_i32_optimised
                0x00000000000097fa       0x44 build-TEENSY_3.6/py/asmthumb.o
                0x00000000000097fa                asm_thumb_mov_reg_i32_optimised
 .text.asm_thumb_mov_reg_i32_aligned
                0x000000000000983e       0x38 build-TEENSY_3.6/py/asmthumb.o
                0x000000000000983e                asm_thumb_mov_reg_i32_aligned
 *fill*         0x0000000000009876        0x2 ff
 .text.asm_thumb_mov_local_reg
                0x0000000000009878       0x4c build-TEENSY_3.6/py/asmthumb.o
                0x0000000000009878                asm_thumb_mov_local_reg
 .text.asm_thumb_mov_reg_local
                0x00000000000098c4       0x4c build-TEENSY_3.6/py/asmthumb.o
                0x00000000000098c4                asm_thumb_mov_reg_local
 .text.asm_thumb_mov_reg_local_addr
                0x0000000000009910       0x4c build-TEENSY_3.6/py/asmthumb.o
                0x0000000000009910                asm_thumb_mov_reg_local_addr
 .text.asm_thumb_b_label
                0x000000000000995c       0x54 build-TEENSY_3.6/py/asmthumb.o
                0x000000000000995c                asm_thumb_b_label
 .text.asm_thumb_bcc_label
                0x00000000000099b0       0x68 build-TEENSY_3.6/py/asmthumb.o
                0x00000000000099b0                asm_thumb_bcc_label
 .text.asm_thumb_bl_ind
                0x0000000000009a18       0x3a build-TEENSY_3.6/py/asmthumb.o
                0x0000000000009a18                asm_thumb_bl_ind
 .text.emit_native_last_emit_was_return_value
                0x0000000000009a52        0x6 build-TEENSY_3.6/py/emitnthumb.o
 .text.emit_native_set_source_line
                0x0000000000009a58        0x2 build-TEENSY_3.6/py/emitnthumb.o
 .text.emit_native_delete_deref
                0x0000000000009a5a        0x2 build-TEENSY_3.6/py/emitnthumb.o
 .text.emit_native_pop_except
                0x0000000000009a5c        0x2 build-TEENSY_3.6/py/emitnthumb.o
 *fill*         0x0000000000009a5e        0x2 ff
 .text.emit_native_yield_from
                0x0000000000009a60       0x1c build-TEENSY_3.6/py/emitnthumb.o
 .text.emit_native_yield_value
                0x0000000000009a7c       0x1c build-TEENSY_3.6/py/emitnthumb.o
 .text.need_reg_single
                0x0000000000009a98       0x3e build-TEENSY_3.6/py/emitnthumb.o
 .text.emit_access_stack
                0x0000000000009ad6       0x64 build-TEENSY_3.6/py/emitnthumb.o
 .text.need_reg_all
                0x0000000000009b3a       0x2e build-TEENSY_3.6/py/emitnthumb.o
 .text.need_stack_settled
                0x0000000000009b68       0x60 build-TEENSY_3.6/py/emitnthumb.o
 .text.emit_call
                0x0000000000009bc8       0x24 build-TEENSY_3.6/py/emitnthumb.o
 .text.emit_call_with_imm_arg
                0x0000000000009bec       0x34 build-TEENSY_3.6/py/emitnthumb.o
 .text.emit_native_delete_global
                0x0000000000009c20       0x14 build-TEENSY_3.6/py/emitnthumb.o
 .text.emit_native_delete_name
                0x0000000000009c34       0x14 build-TEENSY_3.6/py/emitnthumb.o
 .text.emit_call_with_2_imm_args
                0x0000000000009c48       0x40 build-TEENSY_3.6/py/emitnthumb.o
 .text.asm_thumb_format_9_10
                0x0000000000009c88       0x1a build-TEENSY_3.6/py/emitnthumb.o
 .text.emit_native_jump
                0x0000000000009ca2       0x1c build-TEENSY_3.6/py/emitnthumb.o
 .text.emit_native_continue_loop
                0x0000000000009cbe        0x4 build-TEENSY_3.6/py/emitnthumb.o
 .text.emit_native_break_loop
                0x0000000000009cc2        0x8 build-TEENSY_3.6/py/emitnthumb.o
 .text.emit_native_label_assign
                0x0000000000009cca       0x1c build-TEENSY_3.6/py/emitnthumb.o
 *fill*         0x0000000000009ce6        0x2 ff
 .text.emit_native_end_pass
                0x0000000000009ce8      0x19c build-TEENSY_3.6/py/emitnthumb.o
 .text.emit_native_start_pass
                0x0000000000009e84      0x238 build-TEENSY_3.6/py/emitnthumb.o
 .text.adjust_stack
                0x000000000000a0bc       0x38 build-TEENSY_3.6/py/emitnthumb.o
 .text.emit_native_end_except_handler
                0x000000000000a0f4        0x8 build-TEENSY_3.6/py/emitnthumb.o
 .text.emit_pre_pop_discard
                0x000000000000a0fc        0xe build-TEENSY_3.6/py/emitnthumb.o
 .text.emit_native_pop_top
                0x000000000000a10a        0x4 build-TEENSY_3.6/py/emitnthumb.o
 .text.emit_post_push_reg
                0x000000000000a10e       0x1c build-TEENSY_3.6/py/emitnthumb.o
 *fill*         0x000000000000a12a        0x2 ff
 .text.emit_native_load_fast
                0x000000000000a12c       0x78 build-TEENSY_3.6/py/emitnthumb.o
 .text.emit_native_load_build_class
                0x000000000000a1a4       0x1e build-TEENSY_3.6/py/emitnthumb.o
 .text.emit_native_build_map
                0x000000000000a1c2       0x22 build-TEENSY_3.6/py/emitnthumb.o
 .text.emit_native_load_name
                0x000000000000a1e4       0x22 build-TEENSY_3.6/py/emitnthumb.o
 .text.emit_native_load_const_obj
                0x000000000000a206       0x2c build-TEENSY_3.6/py/emitnthumb.o
 .text.emit_native_for_iter_end
                0x000000000000a232        0xe build-TEENSY_3.6/py/emitnthumb.o
 .text.emit_post_push_imm
                0x000000000000a240       0x1e build-TEENSY_3.6/py/emitnthumb.o
 .text.emit_native_load_null
                0x000000000000a25e        0xc build-TEENSY_3.6/py/emitnthumb.o
 .text.emit_native_load_const_str
                0x000000000000a26a       0x12 build-TEENSY_3.6/py/emitnthumb.o
 .text.emit_native_load_global
                0x000000000000a27c       0x80 build-TEENSY_3.6/py/emitnthumb.o
 .text.emit_native_adjust_stack_size
                0x000000000000a2fc       0x2c build-TEENSY_3.6/py/emitnthumb.o
 .text.emit_pre_pop_reg
                0x000000000000a328       0x24 build-TEENSY_3.6/py/emitnthumb.o
 .text.emit_pre_pop_reg_reg
                0x000000000000a34c       0x1a build-TEENSY_3.6/py/emitnthumb.o
 .text.emit_pre_pop_reg_reg_reg
                0x000000000000a366       0x2a build-TEENSY_3.6/py/emitnthumb.o
 .text.emit_native_build_slice
                0x000000000000a390       0xe4 build-TEENSY_3.6/py/emitnthumb.o
 .text.emit_native_store_fast
                0x000000000000a474       0x98 build-TEENSY_3.6/py/emitnthumb.o
 .text.emit_native_store_comp
                0x000000000000a50c       0xc8 build-TEENSY_3.6/py/emitnthumb.o
 .text.emit_native_end_finally
                0x000000000000a5d4       0x20 build-TEENSY_3.6/py/emitnthumb.o
 .text.emit_native_pop_block
                0x000000000000a5f4       0x1e build-TEENSY_3.6/py/emitnthumb.o
 *fill*         0x000000000000a612        0x2 ff
 .text.emit_get_stack_pointer_to_reg_for_pop
                0x000000000000a614      0x150 build-TEENSY_3.6/py/emitnthumb.o
 .text.emit_native_build_set
                0x000000000000a764       0x2e build-TEENSY_3.6/py/emitnthumb.o
 .text.emit_native_build_list
                0x000000000000a792       0x2e build-TEENSY_3.6/py/emitnthumb.o
 .text.emit_native_build_tuple
                0x000000000000a7c0       0x2e build-TEENSY_3.6/py/emitnthumb.o
 *fill*         0x000000000000a7ee        0x2 ff
 .text.emit_native_make_closure
                0x000000000000a7f0       0x64 build-TEENSY_3.6/py/emitnthumb.o
 .text.emit_get_stack_pointer_to_reg_for_push
                0x000000000000a854       0x42 build-TEENSY_3.6/py/emitnthumb.o
 .text.emit_native_load_const_small_int
                0x000000000000a896       0x1a build-TEENSY_3.6/py/emitnthumb.o
 .text.emit_native_load_const_tok
                0x000000000000a8b0       0x84 build-TEENSY_3.6/py/emitnthumb.o
 .text.emit_native_delete_fast
                0x000000000000a934       0x1c build-TEENSY_3.6/py/emitnthumb.o
 .text.emit_native_set_native_type
                0x000000000000a950       0xac build-TEENSY_3.6/py/emitnthumb.o
 .text.emit_native_raise_varargs
                0x000000000000a9fc       0x54 build-TEENSY_3.6/py/emitnthumb.o
 .text.emit_native_store_map
                0x000000000000aa50       0x84 build-TEENSY_3.6/py/emitnthumb.o
 .text.emit_native_get_iter
                0x000000000000aad4       0x44 build-TEENSY_3.6/py/emitnthumb.o
 .text.emit_native_import_star
                0x000000000000ab18       0x3c build-TEENSY_3.6/py/emitnthumb.o
 .text.emit_native_unary_op
                0x000000000000ab54       0x58 build-TEENSY_3.6/py/emitnthumb.o
 .text.emit_native_delete_subscr
                0x000000000000abac       0x5c build-TEENSY_3.6/py/emitnthumb.o
 .text.emit_native_store_attr
                0x000000000000ac08       0x60 build-TEENSY_3.6/py/emitnthumb.o
 .text.emit_native_load_attr
                0x000000000000ac68       0x4c build-TEENSY_3.6/py/emitnthumb.o
 .text.emit_native_import_from
                0x000000000000acb4       0x50 build-TEENSY_3.6/py/emitnthumb.o
 .text.emit_native_store_name
                0x000000000000ad04       0x40 build-TEENSY_3.6/py/emitnthumb.o
 .text.emit_native_delete_attr
                0x000000000000ad44       0x48 build-TEENSY_3.6/py/emitnthumb.o
 .text.emit_native_call_method
                0x000000000000ad8c       0x62 build-TEENSY_3.6/py/emitnthumb.o
 *fill*         0x000000000000adee        0x2 ff
 .text.emit_native_unpack_ex
                0x000000000000adf0       0x50 build-TEENSY_3.6/py/emitnthumb.o
 .text.emit_native_unpack_sequence
                0x000000000000ae40       0x4c build-TEENSY_3.6/py/emitnthumb.o
 .text.emit_native_load_method
                0x000000000000ae8c       0x4c build-TEENSY_3.6/py/emitnthumb.o
 .text.emit_native_make_function
                0x000000000000aed8       0xb8 build-TEENSY_3.6/py/emitnthumb.o
 .text.emit_native_dup_top_two
                0x000000000000af90       0x4c build-TEENSY_3.6/py/emitnthumb.o
 .text.emit_native_start_except_handler
                0x000000000000afdc       0x3e build-TEENSY_3.6/py/emitnthumb.o
 *fill*         0x000000000000b01a        0x2 ff
 .text.emit_native_setup_with
                0x000000000000b01c      0x110 build-TEENSY_3.6/py/emitnthumb.o
 .text.emit_native_setup_except
                0x000000000000b12c       0x3a build-TEENSY_3.6/py/emitnthumb.o
 .text.emit_native_setup_finally
                0x000000000000b166        0x4 build-TEENSY_3.6/py/emitnthumb.o
 .text.peek_vtype
                0x000000000000b16a       0x12 build-TEENSY_3.6/py/emitnthumb.o
 .text.emit_native_jump_helper
                0x000000000000b17c       0x88 build-TEENSY_3.6/py/emitnthumb.o
 .text.emit_native_jump_if_or_pop
                0x000000000000b204       0x3c build-TEENSY_3.6/py/emitnthumb.o
 .text.emit_native_pop_jump_if
                0x000000000000b240       0x32 build-TEENSY_3.6/py/emitnthumb.o
 .text.emit_native_store_global
                0x000000000000b272       0x4e build-TEENSY_3.6/py/emitnthumb.o
 .text.emit_native_return_value
                0x000000000000b2c0       0xb8 build-TEENSY_3.6/py/emitnthumb.o
 .text.emit_native_call_function
                0x000000000000b378      0x174 build-TEENSY_3.6/py/emitnthumb.o
 .text.emit_native_with_cleanup
                0x000000000000b4ec      0x164 build-TEENSY_3.6/py/emitnthumb.o
 .text.asm_thumb_add_rlo_rlo_rlo
                0x000000000000b650       0x44 build-TEENSY_3.6/py/emitnthumb.o
 .text.emit_pre_pop_reg_flexible
                0x000000000000b694       0x60 build-TEENSY_3.6/py/emitnthumb.o
 .text.emit_native_dup_top
                0x000000000000b6f4       0x36 build-TEENSY_3.6/py/emitnthumb.o
 *fill*         0x000000000000b72a        0x2 ff
 .text.emit_native_binary_op
                0x000000000000b72c      0x20c build-TEENSY_3.6/py/emitnthumb.o
 .text.emit_native_load_deref
                0x000000000000b938       0x4e build-TEENSY_3.6/py/emitnthumb.o
 .text.emit_native_store_deref
                0x000000000000b986       0x6a build-TEENSY_3.6/py/emitnthumb.o
 .text.emit_native_for_iter
                0x000000000000b9f0       0x70 build-TEENSY_3.6/py/emitnthumb.o
 .text.emit_native_rot_two
                0x000000000000ba60       0x34 build-TEENSY_3.6/py/emitnthumb.o
 .text.emit_native_import_name
                0x000000000000ba94       0xf0 build-TEENSY_3.6/py/emitnthumb.o
 .text.emit_native_rot_three
                0x000000000000bb84       0x52 build-TEENSY_3.6/py/emitnthumb.o
 *fill*         0x000000000000bbd6        0x2 ff
 .text.emit_native_load_subscr
                0x000000000000bbd8      0x26c build-TEENSY_3.6/py/emitnthumb.o
 .text.emit_native_store_subscr
                0x000000000000be44      0x2e0 build-TEENSY_3.6/py/emitnthumb.o
 .text.emit_native_thumb_new
                0x000000000000c124       0x22 build-TEENSY_3.6/py/emitnthumb.o
                0x000000000000c124                emit_native_thumb_new
 .text.emit_native_thumb_free
                0x000000000000c146       0x28 build-TEENSY_3.6/py/emitnthumb.o
                0x000000000000c146                emit_native_thumb_free
 *fill*         0x000000000000c16e        0x2 ff
 .text.get_arg_addr
                0x000000000000c170       0x50 build-TEENSY_3.6/py/emitinlinethumb.o
 .text.emit_inline_thumb_end_pass
                0x000000000000c1c0       0x12 build-TEENSY_3.6/py/emitinlinethumb.o
 .text.emit_inline_thumb_start_pass
                0x000000000000c1d2       0x36 build-TEENSY_3.6/py/emitinlinethumb.o
 .text.get_arg_label
                0x000000000000c208       0x50 build-TEENSY_3.6/py/emitinlinethumb.o
 .text.get_arg_str
                0x000000000000c258       0x18 build-TEENSY_3.6/py/emitinlinethumb.o
 .text.get_arg_vfpreg
                0x000000000000c270       0x60 build-TEENSY_3.6/py/emitinlinethumb.o
 .text.get_arg_reg
                0x000000000000c2d0       0x7c build-TEENSY_3.6/py/emitinlinethumb.o
 .text.get_arg_reglist
                0x000000000000c34c       0xd4 build-TEENSY_3.6/py/emitinlinethumb.o
 .text.get_arg_i
                0x000000000000c420       0x50 build-TEENSY_3.6/py/emitinlinethumb.o
 .text.emit_inline_thumb_op
                0x000000000000c470      0x9d8 build-TEENSY_3.6/py/emitinlinethumb.o
 .text.emit_inline_thumb_label
                0x000000000000ce48       0x4c build-TEENSY_3.6/py/emitinlinethumb.o
 .text.emit_inline_thumb_count_params
                0x000000000000ce94       0x70 build-TEENSY_3.6/py/emitinlinethumb.o
 .text.emit_inline_thumb_new
                0x000000000000cf04       0x2a build-TEENSY_3.6/py/emitinlinethumb.o
                0x000000000000cf04                emit_inline_thumb_new
 .text.emit_inline_thumb_free
                0x000000000000cf2e       0x1c build-TEENSY_3.6/py/emitinlinethumb.o
                0x000000000000cf2e                emit_inline_thumb_free
 *fill*         0x000000000000cf4a        0x2 ff
 .text.mp_format_float
                0x000000000000cf4c      0x480 build-TEENSY_3.6/py/formatfloat.o
                0x000000000000cf4c                mp_format_float
 .text.mp_parse_num_base
                0x000000000000d3cc       0x70 build-TEENSY_3.6/py/parsenumbase.o
                0x000000000000d3cc                mp_parse_num_base
 .text.raise_exc
                0x000000000000d43c       0x20 build-TEENSY_3.6/py/parsenum.o
 .text.mp_parse_num_integer
                0x000000000000d45c      0x110 build-TEENSY_3.6/py/parsenum.o
                0x000000000000d45c                mp_parse_num_integer
 .text.mp_parse_num_decimal
                0x000000000000d56c      0x248 build-TEENSY_3.6/py/parsenum.o
                0x000000000000d56c                mp_parse_num_decimal
 .text.mp_emit_glue_new_raw_code
                0x000000000000d7b4       0x14 build-TEENSY_3.6/py/emitglue.o
                0x000000000000d7b4                mp_emit_glue_new_raw_code
 .text.mp_emit_glue_assign_bytecode
                0x000000000000d7c8       0x1c build-TEENSY_3.6/py/emitglue.o
                0x000000000000d7c8                mp_emit_glue_assign_bytecode
 .text.mp_emit_glue_assign_native
                0x000000000000d7e4       0x48 build-TEENSY_3.6/py/emitglue.o
                0x000000000000d7e4                mp_emit_glue_assign_native
 .text.mp_make_function_from_raw_code
                0x000000000000d82c       0xd0 build-TEENSY_3.6/py/emitglue.o
                0x000000000000d82c                mp_make_function_from_raw_code
 .text.mp_make_closure_from_raw_code
                0x000000000000d8fc       0x26 build-TEENSY_3.6/py/emitglue.o
                0x000000000000d8fc                mp_make_closure_from_raw_code
 .text.read_bytes
                0x000000000000d922       0x1a build-TEENSY_3.6/py/persistentcode.o
 .text.read_uint
                0x000000000000d93c       0x1c build-TEENSY_3.6/py/persistentcode.o
 .text.load_qstr
                0x000000000000d958       0x2e build-TEENSY_3.6/py/persistentcode.o
 *fill*         0x000000000000d986        0x2 ff
 .text.load_raw_code
                0x000000000000d988      0x1ec build-TEENSY_3.6/py/persistentcode.o
 .text.mp_raw_code_load
                0x000000000000db74       0x54 build-TEENSY_3.6/py/persistentcode.o
                0x000000000000db74                mp_raw_code_load
 .text.mp_raw_code_load_file
                0x000000000000dbc8       0x1c build-TEENSY_3.6/py/persistentcode.o
                0x000000000000dbc8                mp_raw_code_load_file
 .text.mp_init  0x000000000000dbe4       0x4c build-TEENSY_3.6/py/runtime.o
                0x000000000000dbe4                mp_init
 .text.mp_load_global
                0x000000000000dc30       0x60 build-TEENSY_3.6/py/runtime.o
                0x000000000000dc30                mp_load_global
 .text.mp_load_name
                0x000000000000dc90       0x30 build-TEENSY_3.6/py/runtime.o
                0x000000000000dc90                mp_load_name
 .text.mp_load_build_class
                0x000000000000dcc0       0x28 build-TEENSY_3.6/py/runtime.o
                0x000000000000dcc0                mp_load_build_class
 .text.mp_store_name
                0x000000000000dce8       0x14 build-TEENSY_3.6/py/runtime.o
                0x000000000000dce8                mp_store_name
 .text.mp_delete_name
                0x000000000000dcfc       0x14 build-TEENSY_3.6/py/runtime.o
                0x000000000000dcfc                mp_delete_name
 .text.mp_store_global
                0x000000000000dd10       0x14 build-TEENSY_3.6/py/runtime.o
                0x000000000000dd10                mp_store_global
 .text.mp_delete_global
                0x000000000000dd24       0x14 build-TEENSY_3.6/py/runtime.o
                0x000000000000dd24                mp_delete_global
 .text.mp_unary_op
                0x000000000000dd38       0xfc build-TEENSY_3.6/py/runtime.o
                0x000000000000dd38                mp_unary_op
 .text.mp_call_function_n_kw
                0x000000000000de34       0x40 build-TEENSY_3.6/py/runtime.o
                0x000000000000de34                mp_call_function_n_kw
 .text.mp_call_function_0
                0x000000000000de74        0xa build-TEENSY_3.6/py/runtime.o
                0x000000000000de74                mp_call_function_0
 .text.mp_call_function_1
                0x000000000000de7e       0x16 build-TEENSY_3.6/py/runtime.o
                0x000000000000de7e                mp_call_function_1
 .text.mp_call_method_n_kw
                0x000000000000de94       0x20 build-TEENSY_3.6/py/runtime.o
                0x000000000000de94                mp_call_method_n_kw
 .text.mp_convert_member_lookup
                0x000000000000deb4       0xbc build-TEENSY_3.6/py/runtime.o
                0x000000000000deb4                mp_convert_member_lookup
 .text.mp_load_method_maybe
                0x000000000000df70       0xa0 build-TEENSY_3.6/py/runtime.o
                0x000000000000df70                mp_load_method_maybe
 .text.mp_load_method
                0x000000000000e010       0x4c build-TEENSY_3.6/py/runtime.o
                0x000000000000e010                mp_load_method
 .text.mp_load_attr
                0x000000000000e05c       0x18 build-TEENSY_3.6/py/runtime.o
                0x000000000000e05c                mp_load_attr
 .text.mp_store_attr
                0x000000000000e074       0x44 build-TEENSY_3.6/py/runtime.o
                0x000000000000e074                mp_store_attr
 .text.mp_getiter
                0x000000000000e0b8       0x68 build-TEENSY_3.6/py/runtime.o
                0x000000000000e0b8                mp_getiter
 .text.mp_iternext_allow_raise
                0x000000000000e120       0x4c build-TEENSY_3.6/py/runtime.o
                0x000000000000e120                mp_iternext_allow_raise
 .text.mp_iternext
                0x000000000000e16c       0x7c build-TEENSY_3.6/py/runtime.o
                0x000000000000e16c                mp_iternext
 .text.mp_call_method_n_kw_var
                0x000000000000e1e8      0x29c build-TEENSY_3.6/py/runtime.o
                0x000000000000e1e8                mp_call_method_n_kw_var
 .text.mp_unpack_sequence
                0x000000000000e484       0xb4 build-TEENSY_3.6/py/runtime.o
                0x000000000000e484                mp_unpack_sequence
 .text.mp_unpack_ex
                0x000000000000e538      0x128 build-TEENSY_3.6/py/runtime.o
                0x000000000000e538                mp_unpack_ex
 .text.mp_resume
                0x000000000000e660      0x128 build-TEENSY_3.6/py/runtime.o
                0x000000000000e660                mp_resume
 .text.mp_make_raise_obj
                0x000000000000e788       0x3c build-TEENSY_3.6/py/runtime.o
                0x000000000000e788                mp_make_raise_obj
 .text.mp_import_name
                0x000000000000e7c4       0x28 build-TEENSY_3.6/py/runtime.o
                0x000000000000e7c4                mp_import_name
 .text.mp_import_from
                0x000000000000e7ec       0xdc build-TEENSY_3.6/py/runtime.o
                0x000000000000e7ec                mp_import_from
 .text.mp_import_all
                0x000000000000e8c8       0x42 build-TEENSY_3.6/py/runtime.o
                0x000000000000e8c8                mp_import_all
 *fill*         0x000000000000e90a        0x2 ff
 .text.mp_parse_compile_execute
                0x000000000000e90c       0x68 build-TEENSY_3.6/py/runtime.o
                0x000000000000e90c                mp_parse_compile_execute
 .text.mp_raise_msg
                0x000000000000e974        0xa build-TEENSY_3.6/py/runtime.o
                0x000000000000e974                mp_raise_msg
 *fill*         0x000000000000e97e        0x2 ff
 .text.mp_binary_op
                0x000000000000e980      0x36c build-TEENSY_3.6/py/runtime.o
                0x000000000000e980                mp_binary_op
 .text.checked_fun_call
                0x000000000000ecec       0x3c build-TEENSY_3.6/py/runtime.o
 .text.m_malloc_fail
                0x000000000000ed28       0x2c build-TEENSY_3.6/py/runtime.o
                0x000000000000ed28                m_malloc_fail
 .text.mp_raise_ValueError
                0x000000000000ed54       0x10 build-TEENSY_3.6/py/runtime.o
                0x000000000000ed54                mp_raise_ValueError
 .text.mp_raise_TypeError
                0x000000000000ed64       0x10 build-TEENSY_3.6/py/runtime.o
                0x000000000000ed64                mp_raise_TypeError
 .text.mp_raise_OSError
                0x000000000000ed74       0x18 build-TEENSY_3.6/py/runtime.o
                0x000000000000ed74                mp_raise_OSError
 .text.mp_not_implemented
                0x000000000000ed8c       0x10 build-TEENSY_3.6/py/runtime.o
                0x000000000000ed8c                mp_not_implemented
 .text.mp_convert_native_to_obj
                0x000000000000ed9c       0x30 build-TEENSY_3.6/py/nativeglue.o
                0x000000000000ed9c                mp_convert_native_to_obj
 .text.mp_native_call_function_n_kw
                0x000000000000edcc       0x14 build-TEENSY_3.6/py/nativeglue.o
                0x000000000000edcc                mp_native_call_function_n_kw
 .text.mp_convert_obj_to_native
                0x000000000000ede0       0x26 build-TEENSY_3.6/py/nativeglue.o
                0x000000000000ede0                mp_convert_obj_to_native
 *fill*         0x000000000000ee06        0x2 ff
 .text.mp_native_raise
                0x000000000000ee08       0x18 build-TEENSY_3.6/py/nativeglue.o
                0x000000000000ee08                mp_native_raise
 .text.mp_stack_ctrl_init
                0x000000000000ee20       0x10 build-TEENSY_3.6/py/stackctrl.o
                0x000000000000ee20                mp_stack_ctrl_init
 .text.mp_stack_usage
                0x000000000000ee30       0x14 build-TEENSY_3.6/py/stackctrl.o
                0x000000000000ee30                mp_stack_usage
 .text.mp_stack_set_limit
                0x000000000000ee44        0xc build-TEENSY_3.6/py/stackctrl.o
                0x000000000000ee44                mp_stack_set_limit
 .text.mp_exc_recursion_depth
                0x000000000000ee50       0x14 build-TEENSY_3.6/py/stackctrl.o
                0x000000000000ee50                mp_exc_recursion_depth
 .text.mp_stack_check
                0x000000000000ee64       0x20 build-TEENSY_3.6/py/stackctrl.o
                0x000000000000ee64                mp_stack_check
 .text.mp_arg_check_num
                0x000000000000ee84       0x5c build-TEENSY_3.6/py/argcheck.o
                0x000000000000ee84                mp_arg_check_num
 .text.mp_arg_parse_all
                0x000000000000eee0       0xe4 build-TEENSY_3.6/py/argcheck.o
                0x000000000000eee0                mp_arg_parse_all
 .text.mp_arg_parse_all_kw_array
                0x000000000000efc4       0x2c build-TEENSY_3.6/py/argcheck.o
                0x000000000000efc4                mp_arg_parse_all_kw_array
 .text.mp_arg_error_unimpl_kw
                0x000000000000eff0        0xc build-TEENSY_3.6/py/argcheck.o
                0x000000000000eff0                mp_arg_error_unimpl_kw
 .text.mp_map_init
                0x000000000000effc       0x2e build-TEENSY_3.6/py/map.o
                0x000000000000effc                mp_map_init
 .text.mp_map_init_fixed_table
                0x000000000000f02a       0x16 build-TEENSY_3.6/py/map.o
                0x000000000000f02a                mp_map_init_fixed_table
 .text.mp_map_deinit
                0x000000000000f040       0x1e build-TEENSY_3.6/py/map.o
                0x000000000000f040                mp_map_deinit
 .text.mp_map_clear
                0x000000000000f05e       0x2c build-TEENSY_3.6/py/map.o
                0x000000000000f05e                mp_map_clear
 *fill*         0x000000000000f08a        0x2 ff
 .text.mp_map_lookup
                0x000000000000f08c      0x1f8 build-TEENSY_3.6/py/map.o
                0x000000000000f08c                mp_map_lookup
 .text.mp_map_rehash
                0x000000000000f284       0x70 build-TEENSY_3.6/py/map.o
 .text.mp_set_init
                0x000000000000f2f4       0x14 build-TEENSY_3.6/py/map.o
                0x000000000000f2f4                mp_set_init
 .text.mp_set_lookup
                0x000000000000f308       0xda build-TEENSY_3.6/py/map.o
                0x000000000000f308                mp_set_lookup
 *fill*         0x000000000000f3e2        0x2 ff
 .text.mp_set_rehash
                0x000000000000f3e4       0x5c build-TEENSY_3.6/py/map.o
 .text.mp_set_remove_first
                0x000000000000f440       0x3e build-TEENSY_3.6/py/map.o
                0x000000000000f440                mp_set_remove_first
 .text.mp_set_clear
                0x000000000000f47e       0x14 build-TEENSY_3.6/py/map.o
                0x000000000000f47e                mp_set_clear
 .text.mp_identity
                0x000000000000f492        0x2 build-TEENSY_3.6/py/obj.o
                0x000000000000f492                mp_identity
 .text.mp_obj_get_type
                0x000000000000f494       0x24 build-TEENSY_3.6/py/obj.o
                0x000000000000f494                mp_obj_get_type
 .text.mp_obj_get_type_str
                0x000000000000f4b8       0x10 build-TEENSY_3.6/py/obj.o
                0x000000000000f4b8                mp_obj_get_type_str
 .text.mp_obj_print_helper
                0x000000000000f4c8       0x4c build-TEENSY_3.6/py/obj.o
                0x000000000000f4c8                mp_obj_print_helper
 .text.mp_obj_print
                0x000000000000f514       0x10 build-TEENSY_3.6/py/obj.o
                0x000000000000f514                mp_obj_print
 .text.mp_obj_print_exception
                0x000000000000f524       0xb4 build-TEENSY_3.6/py/obj.o
                0x000000000000f524                mp_obj_print_exception
 .text.mp_obj_is_callable
                0x000000000000f5d8       0x28 build-TEENSY_3.6/py/obj.o
                0x000000000000f5d8                mp_obj_is_callable
 .text.mp_obj_equal
                0x000000000000f600       0x98 build-TEENSY_3.6/py/obj.o
                0x000000000000f600                mp_obj_equal
 .text.mp_obj_get_int
                0x000000000000f698       0x5c build-TEENSY_3.6/py/obj.o
                0x000000000000f698                mp_obj_get_int
 .text.mp_obj_get_int_truncated
                0x000000000000f6f4       0x1c build-TEENSY_3.6/py/obj.o
                0x000000000000f6f4                mp_obj_get_int_truncated
 .text.mp_obj_get_int_maybe
                0x000000000000f710       0x54 build-TEENSY_3.6/py/obj.o
                0x000000000000f710                mp_obj_get_int_maybe
 .text.mp_obj_get_float
                0x000000000000f764       0x80 build-TEENSY_3.6/py/obj.o
                0x000000000000f764                mp_obj_get_float
 .text.mp_obj_get_complex
                0x000000000000f7e4       0x9c build-TEENSY_3.6/py/obj.o
                0x000000000000f7e4                mp_obj_get_complex
 .text.mp_obj_get_array
                0x000000000000f880       0x4c build-TEENSY_3.6/py/obj.o
                0x000000000000f880                mp_obj_get_array
 .text.mp_get_index
                0x000000000000f8cc       0x84 build-TEENSY_3.6/py/obj.o
                0x000000000000f8cc                mp_get_index
 .text.mp_obj_id
                0x000000000000f950       0x18 build-TEENSY_3.6/py/obj.o
                0x000000000000f950                mp_obj_id
 .text.mp_obj_len_maybe
                0x000000000000f968       0x38 build-TEENSY_3.6/py/obj.o
                0x000000000000f968                mp_obj_len_maybe
 .text.mp_obj_is_true
                0x000000000000f9a0       0x68 build-TEENSY_3.6/py/obj.o
                0x000000000000f9a0                mp_obj_is_true
 .text.mp_obj_len
                0x000000000000fa08       0x28 build-TEENSY_3.6/py/obj.o
                0x000000000000fa08                mp_obj_len
 .text.mp_obj_subscr
                0x000000000000fa30       0x60 build-TEENSY_3.6/py/obj.o
                0x000000000000fa30                mp_obj_subscr
 .text.mp_get_buffer
                0x000000000000fa90       0x24 build-TEENSY_3.6/py/obj.o
                0x000000000000fa90                mp_get_buffer
 .text.mp_get_buffer_raise
                0x000000000000fab4       0x1c build-TEENSY_3.6/py/obj.o
                0x000000000000fab4                mp_get_buffer_raise
 .text.mp_generic_unary_op
                0x000000000000fad0        0xe build-TEENSY_3.6/py/obj.o
                0x000000000000fad0                mp_generic_unary_op
 *fill*         0x000000000000fade        0x2 ff
 .text.array_unary_op
                0x000000000000fae0       0x2c build-TEENSY_3.6/py/objarray.o
 .text.array_get_buffer
                0x000000000000fb0c       0x50 build-TEENSY_3.6/py/objarray.o
 .text.array_extend
                0x000000000000fb5c       0xa0 build-TEENSY_3.6/py/objarray.o
 .text.array_append
                0x000000000000fbfc       0xa0 build-TEENSY_3.6/py/objarray.o
 .text.array_iterator_new
                0x000000000000fc9c       0x2c build-TEENSY_3.6/py/objarray.o
 .text.array_it_iternext
                0x000000000000fcc8       0x28 build-TEENSY_3.6/py/objarray.o
 .text.array_print
                0x000000000000fcf0       0x88 build-TEENSY_3.6/py/objarray.o
 .text.array_new
                0x000000000000fd78       0x5c build-TEENSY_3.6/py/objarray.o
 .text.array_subscr
                0x000000000000fdd4      0x248 build-TEENSY_3.6/py/objarray.o
 .text.array_binary_op
                0x000000000001001c      0x130 build-TEENSY_3.6/py/objarray.o
 .text.array_construct
                0x000000000001014c       0xb0 build-TEENSY_3.6/py/objarray.o
 .text.array_make_new
                0x00000000000101fc       0x36 build-TEENSY_3.6/py/objarray.o
 *fill*         0x0000000000010232        0x2 ff
 .text.bytearray_make_new
                0x0000000000010234       0x6c build-TEENSY_3.6/py/objarray.o
 .text.mp_obj_new_memoryview
                0x00000000000102a0       0x28 build-TEENSY_3.6/py/objarray.o
                0x00000000000102a0                mp_obj_new_memoryview
 .text.memoryview_make_new
                0x00000000000102c8       0x58 build-TEENSY_3.6/py/objarray.o