Archive member included because of file (symbol)

/usr/local/Cellar/gcc-arm-none-eabi-49/20150925/bin/../lib/gcc/arm-none-eabi/4.9.3/../../../../arm-none-eabi/lib/armv7e-m/fpu//libm.a(lib_a-sf_asinh.o)
                              build-TEENSY_3.5/py/modmath.o (asinhf)
/usr/local/Cellar/gcc-arm-none-eabi-49/20150925/bin/../lib/gcc/arm-none-eabi/4.9.3/../../../../arm-none-eabi/lib/armv7e-m/fpu//libm.a(lib_a-sf_atan.o)
                              build-TEENSY_3.5/py/modmath.o (atanf)
/usr/local/Cellar/gcc-arm-none-eabi-49/20150925/bin/../lib/gcc/arm-none-eabi/4.9.3/../../../../arm-none-eabi/lib/armv7e-m/fpu//libm.a(lib_a-sf_ceil.o)
                              build-TEENSY_3.5/py/modmath.o (ceilf)
/usr/local/Cellar/gcc-arm-none-eabi-49/20150925/bin/../lib/gcc/arm-none-eabi/4.9.3/../../../../arm-none-eabi/lib/armv7e-m/fpu//libm.a(lib_a-sf_cos.o)
                              build-TEENSY_3.5/py/objcomplex.o (cosf)
/usr/local/Cellar/gcc-arm-none-eabi-49/20150925/bin/../lib/gcc/arm-none-eabi/4.9.3/../../../../arm-none-eabi/lib/armv7e-m/fpu//libm.a(lib_a-sf_erf.o)
                              build-TEENSY_3.5/py/modmath.o (erff)
/usr/local/Cellar/gcc-arm-none-eabi-49/20150925/bin/../lib/gcc/arm-none-eabi/4.9.3/../../../../arm-none-eabi/lib/armv7e-m/fpu//libm.a(lib_a-sf_expm1.o)
                              build-TEENSY_3.5/py/modmath.o (expm1f)
/usr/local/Cellar/gcc-arm-none-eabi-49/20150925/bin/../lib/gcc/arm-none-eabi/4.9.3/../../../../arm-none-eabi/lib/armv7e-m/fpu//libm.a(lib_a-sf_fabs.o)
                              /usr/local/Cellar/gcc-arm-none-eabi-49/20150925/bin/../lib/gcc/arm-none-eabi/4.9.3/../../../../arm-none-eabi/lib/armv7e-m/fpu//libm.a(lib_a-sf_asinh.o) (fabsf)
/usr/local/Cellar/gcc-arm-none-eabi-49/20150925/bin/../lib/gcc/arm-none-eabi/4.9.3/../../../../arm-none-eabi/lib/armv7e-m/fpu//libm.a(lib_a-sf_floor.o)
                              build-TEENSY_3.5/py/objfloat.o (floorf)
/usr/local/Cellar/gcc-arm-none-eabi-49/20150925/bin/../lib/gcc/arm-none-eabi/4.9.3/../../../../arm-none-eabi/lib/armv7e-m/fpu//libm.a(lib_a-sf_fpclassify.o)
                              build-TEENSY_3.5/py/objcomplex.o (__fpclassifyf)
/usr/local/Cellar/gcc-arm-none-eabi-49/20150925/bin/../lib/gcc/arm-none-eabi/4.9.3/../../../../arm-none-eabi/lib/armv7e-m/fpu//libm.a(lib_a-sf_frexp.o)
                              build-TEENSY_3.5/py/modmath.o (frexpf)
/usr/local/Cellar/gcc-arm-none-eabi-49/20150925/bin/../lib/gcc/arm-none-eabi/4.9.3/../../../../arm-none-eabi/lib/armv7e-m/fpu//libm.a(lib_a-sf_ldexp.o)
                              build-TEENSY_3.5/py/modmath.o (ldexpf)
/usr/local/Cellar/gcc-arm-none-eabi-49/20150925/bin/../lib/gcc/arm-none-eabi/4.9.3/../../../../arm-none-eabi/lib/armv7e-m/fpu//libm.a(lib_a-sf_log1p.o)
                              /usr/local/Cellar/gcc-arm-none-eabi-49/20150925/bin/../lib/gcc/arm-none-eabi/4.9.3/../../../../arm-none-eabi/lib/armv7e-m/fpu//libm.a(lib_a-sf_asinh.o) (log1pf)
/usr/local/Cellar/gcc-arm-none-eabi-49/20150925/bin/../lib/gcc/arm-none-eabi/4.9.3/../../../../arm-none-eabi/lib/armv7e-m/fpu//libm.a(lib_a-sf_log2.o)
                              build-TEENSY_3.5/py/modmath.o (log2f)
/usr/local/Cellar/gcc-arm-none-eabi-49/20150925/bin/../lib/gcc/arm-none-eabi/4.9.3/../../../../arm-none-eabi/lib/armv7e-m/fpu//libm.a(lib_a-sf_modf.o)
                              build-TEENSY_3.5/py/modmath.o (modff)
/usr/local/Cellar/gcc-arm-none-eabi-49/20150925/bin/../lib/gcc/arm-none-eabi/4.9.3/../../../../arm-none-eabi/lib/armv7e-m/fpu//libm.a(lib_a-sf_round.o)
                              build-TEENSY_3.5/py/modbuiltins.o (roundf)
/usr/local/Cellar/gcc-arm-none-eabi-49/20150925/bin/../lib/gcc/arm-none-eabi/4.9.3/../../../../arm-none-eabi/lib/armv7e-m/fpu//libm.a(lib_a-sf_scalbn.o)
                              /usr/local/Cellar/gcc-arm-none-eabi-49/20150925/bin/../lib/gcc/arm-none-eabi/4.9.3/../../../../arm-none-eabi/lib/armv7e-m/fpu//libm.a(lib_a-sf_ldexp.o) (scalbnf)
/usr/local/Cellar/gcc-arm-none-eabi-49/20150925/bin/../lib/gcc/arm-none-eabi/4.9.3/../../../../arm-none-eabi/lib/armv7e-m/fpu//libm.a(lib_a-sf_sin.o)
                              build-TEENSY_3.5/py/objcomplex.o (sinf)
/usr/local/Cellar/gcc-arm-none-eabi-49/20150925/bin/../lib/gcc/arm-none-eabi/4.9.3/../../../../arm-none-eabi/lib/armv7e-m/fpu//libm.a(lib_a-sf_tan.o)
                              build-TEENSY_3.5/py/modmath.o (tanf)
/usr/local/Cellar/gcc-arm-none-eabi-49/20150925/bin/../lib/gcc/arm-none-eabi/4.9.3/../../../../arm-none-eabi/lib/armv7e-m/fpu//libm.a(lib_a-sf_tanh.o)
                              build-TEENSY_3.5/py/modmath.o (tanhf)
/usr/local/Cellar/gcc-arm-none-eabi-49/20150925/bin/../lib/gcc/arm-none-eabi/4.9.3/../../../../arm-none-eabi/lib/armv7e-m/fpu//libm.a(lib_a-wf_acos.o)
                              build-TEENSY_3.5/py/modmath.o (acosf)
/usr/local/Cellar/gcc-arm-none-eabi-49/20150925/bin/../lib/gcc/arm-none-eabi/4.9.3/../../../../arm-none-eabi/lib/armv7e-m/fpu//libm.a(lib_a-wf_acosh.o)
[...]
Memory Configuration

Name             Origin             Length             Attributes
FLASH            0x0000000000000000 0x0000000000080000 xr
RAM              0x000000001fff0000 0x0000000000030000 xrw
*default*        0x0000000000000000 0xffffffffffffffff

Linker script and memory map

                0x0000000059272164                __rtc_localtime = 0x59272164
LOAD build-TEENSY_3.5/py/mpstate.o
LOAD build-TEENSY_3.5/py/nlrx86.o
LOAD build-TEENSY_3.5/py/nlrx64.o
LOAD build-TEENSY_3.5/py/nlrthumb.o
LOAD build-TEENSY_3.5/py/nlrxtensa.o
LOAD build-TEENSY_3.5/py/nlrsetjmp.o
LOAD build-TEENSY_3.5/py/malloc.o
LOAD build-TEENSY_3.5/py/gc.o
LOAD build-TEENSY_3.5/py/qstr.o
LOAD build-TEENSY_3.5/py/vstr.o
LOAD build-TEENSY_3.5/py/mpprint.o
LOAD build-TEENSY_3.5/py/unicode.o
LOAD build-TEENSY_3.5/py/mpz.o
LOAD build-TEENSY_3.5/py/reader.o
LOAD build-TEENSY_3.5/py/lexer.o
LOAD build-TEENSY_3.5/py/parse.o
LOAD build-TEENSY_3.5/py/scope.o
LOAD build-TEENSY_3.5/py/compile.o
LOAD build-TEENSY_3.5/py/emitcommon.o
LOAD build-TEENSY_3.5/py/emitbc.o
LOAD build-TEENSY_3.5/py/asmbase.o
LOAD build-TEENSY_3.5/py/asmx64.o
LOAD build-TEENSY_3.5/py/emitnx64.o
LOAD build-TEENSY_3.5/py/asmx86.o
LOAD build-TEENSY_3.5/py/emitnx86.o
LOAD build-TEENSY_3.5/py/asmthumb.o
LOAD build-TEENSY_3.5/py/emitnthumb.o
LOAD build-TEENSY_3.5/py/emitinlinethumb.o
LOAD build-TEENSY_3.5/py/asmarm.o
LOAD build-TEENSY_3.5/py/emitnarm.o
LOAD build-TEENSY_3.5/py/asmxtensa.o
LOAD build-TEENSY_3.5/py/emitnxtensa.o
LOAD build-TEENSY_3.5/py/emitinlinextensa.o
LOAD build-TEENSY_3.5/py/formatfloat.o
LOAD build-TEENSY_3.5/py/parsenumbase.o
LOAD build-TEENSY_3.5/py/parsenum.o
LOAD build-TEENSY_3.5/py/emitglue.o
LOAD build-TEENSY_3.5/py/persistentcode.o
LOAD build-TEENSY_3.5/py/runtime.o
LOAD build-TEENSY_3.5/py/runtime_utils.o
LOAD build-TEENSY_3.5/py/nativeglue.o
LOAD build-TEENSY_3.5/py/stackctrl.o
LOAD build-TEENSY_3.5/py/argcheck.o
LOAD build-TEENSY_3.5/py/warning.o
LOAD build-TEENSY_3.5/py/map.o
LOAD build-TEENSY_3.5/py/obj.o
LOAD build-TEENSY_3.5/py/objarray.o
LOAD build-TEENSY_3.5/py/objattrtuple.o
LOAD build-TEENSY_3.5/py/objbool.o
LOAD build-TEENSY_3.5/py/objboundmeth.o
LOAD build-TEENSY_3.5/py/objcell.o
LOAD build-TEENSY_3.5/py/objclosure.o
LOAD build-TEENSY_3.5/py/objcomplex.o
LOAD build-TEENSY_3.5/py/objdict.o
LOAD build-TEENSY_3.5/py/objenumerate.o
LOAD build-TEENSY_3.5/py/objexcept.o
LOAD build-TEENSY_3.5/py/objfilter.o
LOAD build-TEENSY_3.5/py/objfloat.o
LOAD build-TEENSY_3.5/py/objfun.o
LOAD build-TEENSY_3.5/py/objgenerator.o
LOAD build-TEENSY_3.5/py/objgetitemiter.o
LOAD build-TEENSY_3.5/py/objint.o
LOAD build-TEENSY_3.5/py/objint_longlong.o
LOAD build-TEENSY_3.5/py/objint_mpz.o
LOAD build-TEENSY_3.5/py/objlist.o
LOAD build-TEENSY_3.5/py/objmap.o
LOAD build-TEENSY_3.5/py/objmodule.o
LOAD build-TEENSY_3.5/py/objobject.o
LOAD build-TEENSY_3.5/py/objpolyiter.o
LOAD build-TEENSY_3.5/py/objproperty.o
LOAD build-TEENSY_3.5/py/objnone.o
LOAD build-TEENSY_3.5/py/objnamedtuple.o
LOAD build-TEENSY_3.5/py/objrange.o
LOAD build-TEENSY_3.5/py/objreversed.o
LOAD build-TEENSY_3.5/py/objset.o
LOAD build-TEENSY_3.5/py/objsingleton.o
LOAD build-TEENSY_3.5/py/objslice.o
LOAD build-TEENSY_3.5/py/objstr.o
LOAD build-TEENSY_3.5/py/objstrunicode.o
LOAD build-TEENSY_3.5/py/objstringio.o
LOAD build-TEENSY_3.5/py/objtuple.o
LOAD build-TEENSY_3.5/py/objtype.o
LOAD build-TEENSY_3.5/py/objzip.o
LOAD build-TEENSY_3.5/py/opmethods.o
LOAD build-TEENSY_3.5/py/sequence.o
LOAD build-TEENSY_3.5/py/stream.o
LOAD build-TEENSY_3.5/py/binary.o
LOAD build-TEENSY_3.5/py/builtinimport.o
LOAD build-TEENSY_3.5/py/builtinevex.o
LOAD build-TEENSY_3.5/py/modarray.o
LOAD build-TEENSY_3.5/py/modbuiltins.o
LOAD build-TEENSY_3.5/py/modcollections.o
LOAD build-TEENSY_3.5/py/modgc.o
LOAD build-TEENSY_3.5/py/modio.o
LOAD build-TEENSY_3.5/py/modmath.o
LOAD build-TEENSY_3.5/py/modcmath.o
LOAD build-TEENSY_3.5/py/modmicropython.o
LOAD build-TEENSY_3.5/py/modstruct.o
LOAD build-TEENSY_3.5/py/modsys.o
LOAD build-TEENSY_3.5/py/moduerrno.o
LOAD build-TEENSY_3.5/py/modthread.o
LOAD build-TEENSY_3.5/py/vm.o
LOAD build-TEENSY_3.5/py/bc.o
LOAD build-TEENSY_3.5/py/showbc.o
LOAD build-TEENSY_3.5/py/repl.o
LOAD build-TEENSY_3.5/py/smallint.o
LOAD build-TEENSY_3.5/py/frozenmod.o
LOAD build-TEENSY_3.5/py/../extmod/moductypes.o
LOAD build-TEENSY_3.5/py/../extmod/modujson.o
LOAD build-TEENSY_3.5/py/../extmod/modure.o
LOAD build-TEENSY_3.5/py/../extmod/moduzlib.o
LOAD build-TEENSY_3.5/py/../extmod/moduheapq.o
LOAD build-TEENSY_3.5/py/../extmod/modutimeq.o
LOAD build-TEENSY_3.5/py/../extmod/moduhashlib.o
LOAD build-TEENSY_3.5/py/../extmod/modubinascii.o
LOAD build-TEENSY_3.5/py/../extmod/virtpin.o
LOAD build-TEENSY_3.5/py/../extmod/machine_mem.o
LOAD build-TEENSY_3.5/py/../extmod/machine_pinbase.o
LOAD build-TEENSY_3.5/py/../extmod/machine_pulse.o
LOAD build-TEENSY_3.5/py/../extmod/machine_i2c.o
LOAD build-TEENSY_3.5/py/../extmod/machine_spi.o
LOAD build-TEENSY_3.5/py/../extmod/modussl_axtls.o
LOAD build-TEENSY_3.5/py/../extmod/modussl_mbedtls.o
LOAD build-TEENSY_3.5/py/../extmod/modurandom.o
LOAD build-TEENSY_3.5/py/../extmod/moduselect.o
LOAD build-TEENSY_3.5/py/../extmod/modwebsocket.o
LOAD build-TEENSY_3.5/py/../extmod/modwebrepl.o
LOAD build-TEENSY_3.5/py/../extmod/modframebuf.o
LOAD build-TEENSY_3.5/py/../extmod/fsusermount.o
LOAD build-TEENSY_3.5/py/../extmod/vfs_fat.o
LOAD build-TEENSY_3.5/py/../extmod/vfs_fat_ffconf.o
LOAD build-TEENSY_3.5/py/../extmod/vfs_fat_diskio.o
LOAD build-TEENSY_3.5/py/../extmod/vfs_fat_file.o
LOAD build-TEENSY_3.5/py/../extmod/vfs_fat_reader.o
LOAD build-TEENSY_3.5/py/../extmod/vfs_fat_misc.o
LOAD build-TEENSY_3.5/py/../extmod/utime_mphal.o
LOAD build-TEENSY_3.5/py/../extmod/uos_dupterm.o
LOAD build-TEENSY_3.5/py/../lib/embed/abort_.o
LOAD build-TEENSY_3.5/py/../lib/utils/printf.o
LOAD build-TEENSY_3.5/hal_ftm.o
LOAD build-TEENSY_3.5/hal_gpio.o
LOAD build-TEENSY_3.5/help.o
LOAD build-TEENSY_3.5/main.o
LOAD build-TEENSY_3.5/adc.o
LOAD build-TEENSY_3.5/lcd.o
LOAD build-TEENSY_3.5/led.o
LOAD build-TEENSY_3.5/modmachine.o
LOAD build-TEENSY_3.5/modpyb.o
LOAD build-TEENSY_3.5/pin_defs_teensy.o
LOAD build-TEENSY_3.5/reg.o
LOAD build-TEENSY_3.5/rng.o
LOAD build-TEENSY_3.5/teensy_hal.o
LOAD build-TEENSY_3.5/timer.o
LOAD build-TEENSY_3.5/uart.o
LOAD build-TEENSY_3.5/usb.o
LOAD build-TEENSY_3.5/sdcard.o
LOAD build-TEENSY_3.5/fatfs_port.o
LOAD build-TEENSY_3.5/sdhc.o
LOAD build-TEENSY_3.5/stmhal/import.o
LOAD build-TEENSY_3.5/build-TEENSY_3.5/frozen.o
LOAD build-TEENSY_3.5/stmhal/bufhelper.o
LOAD build-TEENSY_3.5/stmhal/gccollect.o
LOAD build-TEENSY_3.5/stmhal/input.o
LOAD build-TEENSY_3.5/stmhal/irq.o
LOAD build-TEENSY_3.5/stmhal/pendsv.o
LOAD build-TEENSY_3.5/stmhal/pin.o
LOAD build-TEENSY_3.5/stmhal/pin_named_pins.o
LOAD build-TEENSY_3.5/stmhal/pybstdio.o
LOAD build-TEENSY_3.5/stmhal/builtin_open.o
LOAD build-TEENSY_3.5/stmhal/moduos.o
LOAD build-TEENSY_3.5/stmhal/gchelper.o
LOAD build-TEENSY_3.5/core/mk20dx128.o
LOAD build-TEENSY_3.5/core/pins_teensy.o
LOAD build-TEENSY_3.5/core/analog.o
LOAD build-TEENSY_3.5/core/usb_desc.o
LOAD build-TEENSY_3.5/core/usb_dev.o
LOAD build-TEENSY_3.5/core/usb_mem.o
LOAD build-TEENSY_3.5/core/usb_serial.o
LOAD build-TEENSY_3.5/core/yield.o
LOAD build-TEENSY_3.5/lib/libc/string0.o
LOAD build-TEENSY_3.5/lib/mp-readline/readline.o
LOAD build-TEENSY_3.5/lib/timeutils/timeutils.o
LOAD build-TEENSY_3.5/lib/utils/pyexec.o
LOAD build-TEENSY_3.5/lib/utils/pyhelp.o
LOAD build-TEENSY_3.5/lib/fatfs/ff.o
LOAD build-TEENSY_3.5/lib/fatfs/option/ccsbcs.o
LOAD build-TEENSY_3.5/pins_TEENSY_3.5.o
LOAD /usr/local/Cellar/gcc-arm-none-eabi-49/20150925/bin/../lib/gcc/arm-none-eabi/4.9.3/../../../../arm-none-eabi/lib/armv7e-m/fpu//libm.a
LOAD /usr/local/Cellar/gcc-arm-none-eabi-49/20150925/bin/../lib/gcc/arm-none-eabi/4.9.3/../../../../arm-none-eabi/lib/armv7e-m/fpu//libc.a
LOAD /usr/local/Cellar/gcc-arm-none-eabi-49/20150925/bin/../lib/gcc/arm-none-eabi/4.9.3/armv7e-m/fpu//libgcc.a
                0x0000000000000800                _minimum_stack_size = 0x800
                0x0000000000004000                _minimum_heap_size = 0x4000

.text           0x0000000000000000    0x3d36c
                0x0000000000000000                . = 0x0
 *(.vectors)
 .vectors       0x0000000000000000      0x198 build-TEENSY_3.5/core/mk20dx128.o
                0x0000000000000000                _VectorsFlash
 *(.startup*)
 .startup       0x0000000000000198      0x1e0 build-TEENSY_3.5/core/mk20dx128.o
                0x0000000000000198                ResetHandler
                0x0000000000000400                . = 0x400
 *fill*         0x0000000000000378       0x88 ff
 *(.flashconfig*)
 .flashconfig   0x0000000000000400       0x10 build-TEENSY_3.5/core/mk20dx128.o
                0x0000000000000400                flashconfigbytes
 *(.text*)
 .text.nlr_push
                0x0000000000000410       0x26 build-TEENSY_3.5/py/nlrthumb.o
                0x0000000000000410                nlr_push
 *fill*         0x0000000000000436        0x2 ff
 .text.nlr_push_tail
                0x0000000000000438       0x10 build-TEENSY_3.5/py/nlrthumb.o
                0x0000000000000438                nlr_push_tail
 .text.nlr_pop  0x0000000000000448       0x10 build-TEENSY_3.5/py/nlrthumb.o
                0x0000000000000448                nlr_pop
 .text.nlr_jump
                0x0000000000000458       0x40 build-TEENSY_3.5/py/nlrthumb.o
                0x0000000000000458                nlr_jump
 .text.m_malloc
                0x0000000000000498       0x1a build-TEENSY_3.5/py/malloc.o
                0x0000000000000498                m_malloc
 .text.m_malloc_maybe
                0x00000000000004b2        0x6 build-TEENSY_3.5/py/malloc.o
                0x00000000000004b2                m_malloc_maybe
 .text.m_malloc_with_finaliser
                0x00000000000004b8       0x1a build-TEENSY_3.5/py/malloc.o
                0x00000000000004b8                m_malloc_with_finaliser
 .text.m_malloc0
                0x00000000000004d2       0x18 build-TEENSY_3.5/py/malloc.o
                0x00000000000004d2                m_malloc0
 .text.m_realloc
                0x00000000000004ea       0x1a build-TEENSY_3.5/py/malloc.o
                0x00000000000004ea                m_realloc
 .text.m_realloc_maybe
                0x0000000000000504        0x4 build-TEENSY_3.5/py/malloc.o
                0x0000000000000504                m_realloc_maybe
 .text.m_free   0x0000000000000508        0x4 build-TEENSY_3.5/py/malloc.o
                0x0000000000000508                m_free
 .text.gc_drain_stack
                0x000000000000050c       0xdc build-TEENSY_3.5/py/gc.o
 .text.gc_free.part.0
                0x00000000000005e8       0xcc build-TEENSY_3.5/py/gc.o
 .text.gc_init  0x00000000000006b4       0x8c build-TEENSY_3.5/py/gc.o
                0x00000000000006b4                gc_init
 .text.gc_lock  0x0000000000000740       0x14 build-TEENSY_3.5/py/gc.o
                0x0000000000000740                gc_lock
 .text.gc_unlock
                0x0000000000000754       0x14 build-TEENSY_3.5/py/gc.o
                0x0000000000000754                gc_unlock
 .text.gc_is_locked
                0x0000000000000768       0x14 build-TEENSY_3.5/py/gc.o
                0x0000000000000768                gc_is_locked
 .text.gc_collect_start
                0x000000000000077c       0xa4 build-TEENSY_3.5/py/gc.o
                0x000000000000077c                gc_collect_start
 .text.gc_collect_root
                0x0000000000000820       0x90 build-TEENSY_3.5/py/gc.o
                0x0000000000000820                gc_collect_root
 .text.gc_collect_end
                0x00000000000008b0      0x15c build-TEENSY_3.5/py/gc.o
                0x00000000000008b0                gc_collect_end
 .text.gc_info  0x0000000000000a0c      0x114 build-TEENSY_3.5/py/gc.o
                0x0000000000000a0c                gc_info
 .text.gc_alloc
                0x0000000000000b20      0x1b8 build-TEENSY_3.5/py/gc.o
                0x0000000000000b20                gc_alloc
 .text.gc_free  0x0000000000000cd8       0xd4 build-TEENSY_3.5/py/gc.o
                0x0000000000000cd8                gc_free
 .text.gc_nbytes
                0x0000000000000dac       0x6c build-TEENSY_3.5/py/gc.o
                0x0000000000000dac                gc_nbytes
 .text.gc_realloc
                0x0000000000000e18      0x1e4 build-TEENSY_3.5/py/gc.o
                0x0000000000000e18                gc_realloc
 .text.gc_dump_info
                0x0000000000000ffc       0x40 build-TEENSY_3.5/py/gc.o
                0x0000000000000ffc                gc_dump_info
 .text.gc_dump_alloc_table
                0x000000000000103c      0x1a0 build-TEENSY_3.5/py/gc.o
                0x000000000000103c                gc_dump_alloc_table
 .text.find_qstr
                0x00000000000011dc       0x24 build-TEENSY_3.5/py/qstr.o
 .text.qstr_add
                0x0000000000001200       0x58 build-TEENSY_3.5/py/qstr.o
 .text.qstr_compute_hash
                0x0000000000001258       0x20 build-TEENSY_3.5/py/qstr.o
                0x0000000000001258                qstr_compute_hash
 .text.qstr_init
                0x0000000000001278       0x18 build-TEENSY_3.5/py/qstr.o
                0x0000000000001278                qstr_init
 .text.qstr_find_strn
                0x0000000000001290       0x68 build-TEENSY_3.5/py/qstr.o
                0x0000000000001290                qstr_find_strn
 .text.qstr_from_strn
                0x00000000000012f8       0xf0 build-TEENSY_3.5/py/qstr.o
                0x00000000000012f8                qstr_from_strn
 .text.qstr_from_str
                0x00000000000013e8       0x14 build-TEENSY_3.5/py/qstr.o
                0x00000000000013e8                qstr_from_str
 .text.qstr_build_start
                0x00000000000013fc       0x34 build-TEENSY_3.5/py/qstr.o
                0x00000000000013fc                qstr_build_start
 .text.qstr_build_end
                0x0000000000001430       0x3a build-TEENSY_3.5/py/qstr.o
                0x0000000000001430                qstr_build_end
 .text.qstr_hash
                0x000000000000146a       0x10 build-TEENSY_3.5/py/qstr.o
                0x000000000000146a                qstr_hash
 .text.qstr_len
                0x000000000000147a        0xa build-TEENSY_3.5/py/qstr.o
                0x000000000000147a                qstr_len
 .text.qstr_str
                0x0000000000001484        0xa build-TEENSY_3.5/py/qstr.o
                0x0000000000001484                qstr_str
 .text.qstr_data
                0x000000000000148e       0x10 build-TEENSY_3.5/py/qstr.o
                0x000000000000148e                qstr_data
 *fill*         0x000000000000149e        0x2 ff
 .text.qstr_pool_info
                0x00000000000014a0       0x78 build-TEENSY_3.5/py/qstr.o
                0x00000000000014a0                qstr_pool_info
 .text.qstr_dump_data
                0x0000000000001518       0x44 build-TEENSY_3.5/py/qstr.o
                0x0000000000001518                qstr_dump_data
 .text.vstr_ensure_extra
                0x000000000000155c       0x32 build-TEENSY_3.5/py/vstr.o
 .text.vstr_add_strn
                0x000000000000158e       0x36 build-TEENSY_3.5/py/vstr.o
                0x000000000000158e                vstr_add_strn
 .text.vstr_ins_blank_bytes.constprop.0
                0x00000000000015c4       0x30 build-TEENSY_3.5/py/vstr.o
 .text.vstr_init
                0x00000000000015f4       0x22 build-TEENSY_3.5/py/vstr.o
                0x00000000000015f4                vstr_init
 .text.vstr_init_len
                0x0000000000001616       0x10 build-TEENSY_3.5/py/vstr.o
                0x0000000000001616                vstr_init_len
 .text.vstr_init_fixed_buf
                0x0000000000001626       0x12 build-TEENSY_3.5/py/vstr.o
                0x0000000000001626                vstr_init_fixed_buf
 .text.vstr_init_print
                0x0000000000001638       0x18 build-TEENSY_3.5/py/vstr.o
                0x0000000000001638                vstr_init_print
 .text.vstr_clear
                0x0000000000001650       0x16 build-TEENSY_3.5/py/vstr.o
                0x0000000000001650                vstr_clear
 .text.vstr_new
                0x0000000000001666       0x16 build-TEENSY_3.5/py/vstr.o
                0x0000000000001666                vstr_new
 .text.vstr_free
                0x000000000000167c       0x1e build-TEENSY_3.5/py/vstr.o
                0x000000000000167c                vstr_free
 .text.vstr_extend
                0x000000000000169a       0x26 build-TEENSY_3.5/py/vstr.o
                0x000000000000169a                vstr_extend
 .text.vstr_add_len
                0x00000000000016c0       0x18 build-TEENSY_3.5/py/vstr.o
                0x00000000000016c0                vstr_add_len
 .text.vstr_null_terminated_str
                0x00000000000016d8       0x24 build-TEENSY_3.5/py/vstr.o
                0x00000000000016d8                vstr_null_terminated_str
 .text.vstr_add_byte
                0x00000000000016fc       0x10 build-TEENSY_3.5/py/vstr.o
                0x00000000000016fc                vstr_add_byte
 .text.vstr_add_char
                0x000000000000170c       0xb4 build-TEENSY_3.5/py/vstr.o
                0x000000000000170c                vstr_add_char
 .text.vstr_add_str
                0x00000000000017c0       0x1a build-TEENSY_3.5/py/vstr.o
                0x00000000000017c0                vstr_add_str
 .text.vstr_ins_byte
                0x00000000000017da        0xe build-TEENSY_3.5/py/vstr.o
                0x00000000000017da                vstr_ins_byte
 .text.vstr_ins_char
                0x00000000000017e8        0xe build-TEENSY_3.5/py/vstr.o
                0x00000000000017e8                vstr_ins_char
 .text.vstr_cut_tail_bytes
                0x00000000000017f6        0xe build-TEENSY_3.5/py/vstr.o
                0x00000000000017f6                vstr_cut_tail_bytes
 .text.vstr_cut_out_bytes
                0x0000000000001804       0x2c build-TEENSY_3.5/py/vstr.o
                0x0000000000001804                vstr_cut_out_bytes
 .text.vstr_vprintf
                0x0000000000001830       0x18 build-TEENSY_3.5/py/vstr.o
                0x0000000000001830                vstr_vprintf
 .text.plat_print_strn
                0x0000000000001848        0x8 build-TEENSY_3.5/py/mpprint.o
 .text.mp_print_str
                0x0000000000001850       0x1e build-TEENSY_3.5/py/mpprint.o
                0x0000000000001850                mp_print_str
 *fill*         0x000000000000186e        0x2 ff
 .text.mp_print_strn
                0x0000000000001870       0xc0 build-TEENSY_3.5/py/mpprint.o
                0x0000000000001870                mp_print_strn
 .text.mp_print_int
                0x0000000000001930       0xbe build-TEENSY_3.5/py/mpprint.o
 *fill*         0x00000000000019ee        0x2 ff
 .text.mp_print_mp_int
                0x00000000000019f0      0x25c build-TEENSY_3.5/py/mpprint.o
                0x00000000000019f0                mp_print_mp_int
 .text.mp_print_float
                0x0000000000001c4c       0xa4 build-TEENSY_3.5/py/mpprint.o
                0x0000000000001c4c                mp_print_float
 .text.mp_vprintf
                0x0000000000001cf0      0x298 build-TEENSY_3.5/py/mpprint.o
                0x0000000000001cf0                mp_vprintf
 .text.mp_printf
                0x0000000000001f88       0x1a build-TEENSY_3.5/py/mpprint.o
                0x0000000000001f88                mp_printf
 .text.utf8_get_char
                0x0000000000001fa2       0x32 build-TEENSY_3.5/py/unicode.o
                0x0000000000001fa2                utf8_get_char
 .text.utf8_next_char
                0x0000000000001fd4       0x12 build-TEENSY_3.5/py/unicode.o
                0x0000000000001fd4                utf8_next_char
 .text.utf8_ptr_to_index
                0x0000000000001fe6       0x1a build-TEENSY_3.5/py/unicode.o
                0x0000000000001fe6                utf8_ptr_to_index
 .text.unichar_charlen
                0x0000000000002000       0x20 build-TEENSY_3.5/py/unicode.o
                0x0000000000002000                unichar_charlen
 .text.unichar_isspace
                0x0000000000002020       0x14 build-TEENSY_3.5/py/unicode.o
                0x0000000000002020                unichar_isspace
 .text.unichar_isalpha
                0x0000000000002034       0x14 build-TEENSY_3.5/py/unicode.o
                0x0000000000002034                unichar_isalpha
 .text.unichar_isdigit
                0x0000000000002048       0x14 build-TEENSY_3.5/py/unicode.o
                0x0000000000002048                unichar_isdigit
 .text.unichar_isxdigit
                0x000000000000205c       0x14 build-TEENSY_3.5/py/unicode.o
                0x000000000000205c                unichar_isxdigit
 .text.unichar_isident
                0x0000000000002070       0x24 build-TEENSY_3.5/py/unicode.o
                0x0000000000002070                unichar_isident
 .text.unichar_isupper
                0x0000000000002094       0x14 build-TEENSY_3.5/py/unicode.o
                0x0000000000002094                unichar_isupper
 .text.unichar_islower
                0x00000000000020a8       0x14 build-TEENSY_3.5/py/unicode.o
                0x00000000000020a8                unichar_islower
 .text.unichar_tolower
                0x00000000000020bc       0x14 build-TEENSY_3.5/py/unicode.o
                0x00000000000020bc                unichar_tolower
 .text.unichar_toupper
                0x00000000000020d0       0x14 build-TEENSY_3.5/py/unicode.o
                0x00000000000020d0                unichar_toupper
 .text.unichar_xdigit_value
                0x00000000000020e4        0xe build-TEENSY_3.5/py/unicode.o
                0x00000000000020e4                unichar_xdigit_value
 .text.mpn_shr  0x00000000000020f2       0x46 build-TEENSY_3.5/py/mpz.o
 .text.mpn_add  0x0000000000002138       0x56 build-TEENSY_3.5/py/mpz.o
 .text.mpn_sub  0x000000000000218e       0x5e build-TEENSY_3.5/py/mpz.o
 .text.mpn_remove_trailing_zeros
                0x00000000000021ec       0x18 build-TEENSY_3.5/py/mpz.o
 .text.mpn_xor_neg
                0x0000000000002204       0x74 build-TEENSY_3.5/py/mpz.o
 .text.mpz_free
                0x0000000000002278       0x18 build-TEENSY_3.5/py/mpz.o
 .text.mpz_clone
                0x0000000000002290       0x4e build-TEENSY_3.5/py/mpz.o
 .text.mpn_cmp.part.0
                0x00000000000022de       0x2c build-TEENSY_3.5/py/mpz.o
 *fill*         0x000000000000230a        0x2 ff
 .text.mpz_need_dig
                0x000000000000230c       0x4c build-TEENSY_3.5/py/mpz.o
 .text.mpz_set_from_int.part.2
                0x0000000000002358       0x3e build-TEENSY_3.5/py/mpz.o
 .text.mpz_init_zero
                0x0000000000002396       0x1c build-TEENSY_3.5/py/mpz.o
                0x0000000000002396                mpz_init_zero
 .text.mpz_deinit
                0x00000000000023b2       0x10 build-TEENSY_3.5/py/mpz.o
                0x00000000000023b2                mpz_deinit
 .text.mpz_set  0x00000000000023c2       0x2a build-TEENSY_3.5/py/mpz.o
                0x00000000000023c2                mpz_set
 .text.mpz_set_from_int
                0x00000000000023ec        0xc build-TEENSY_3.5/py/mpz.o
                0x00000000000023ec                mpz_set_from_int
 .text.mpz_init_from_int
                0x00000000000023f8       0x16 build-TEENSY_3.5/py/mpz.o
                0x00000000000023f8                mpz_init_from_int
 .text.mpz_init_fixed_from_int
                0x000000000000240e       0x26 build-TEENSY_3.5/py/mpz.o
                0x000000000000240e                mpz_init_fixed_from_int
 .text.mpz_set_from_ll
                0x0000000000002434       0x5c build-TEENSY_3.5/py/mpz.o
                0x0000000000002434                mpz_set_from_ll
 .text.mpz_set_from_float
                0x0000000000002490       0xc2 build-TEENSY_3.5/py/mpz.o
                0x0000000000002490                mpz_set_from_float
 *fill*         0x0000000000002552        0x2 ff
 .text.mpz_set_from_str
                0x0000000000002554       0xbc build-TEENSY_3.5/py/mpz.o
                0x0000000000002554                mpz_set_from_str
 .text.mpz_is_zero
                0x0000000000002610        0xa build-TEENSY_3.5/py/mpz.o
                0x0000000000002610                mpz_is_zero
 .text.mpz_cmp  0x000000000000261a       0x42 build-TEENSY_3.5/py/mpz.o
                0x000000000000261a                mpz_cmp
 .text.mpz_abs_inpl
                0x000000000000265c       0x16 build-TEENSY_3.5/py/mpz.o
                0x000000000000265c                mpz_abs_inpl
 .text.mpz_neg_inpl
                0x0000000000002672       0x1e build-TEENSY_3.5/py/mpz.o
                0x0000000000002672                mpz_neg_inpl
 .text.mpz_not_inpl
                0x0000000000002690       0x72 build-TEENSY_3.5/py/mpz.o
                0x0000000000002690                mpz_not_inpl
 .text.mpz_shl_inpl
                0x0000000000002702       0xcc build-TEENSY_3.5/py/mpz.o
                0x0000000000002702                mpz_shl_inpl
 .text.mpz_shr_inpl
                0x00000000000027ce       0xa8 build-TEENSY_3.5/py/mpz.o
                0x00000000000027ce                mpz_shr_inpl
 .text.mpz_add_inpl
                0x0000000000002876       0x72 build-TEENSY_3.5/py/mpz.o
                0x0000000000002876                mpz_add_inpl
 .text.mpz_sub_inpl
                0x00000000000028e8       0x82 build-TEENSY_3.5/py/mpz.o
                0x00000000000028e8                mpz_sub_inpl
 .text.mpz_and_inpl
                0x000000000000296a      0x136 build-TEENSY_3.5/py/mpz.o
                0x000000000000296a                mpz_and_inpl
 .text.mpz_or_inpl
                0x0000000000002aa0      0x138 build-TEENSY_3.5/py/mpz.o
                0x0000000000002aa0                mpz_or_inpl
 .text.mpz_xor_inpl
                0x0000000000002bd8       0xdc build-TEENSY_3.5/py/mpz.o
                0x0000000000002bd8                mpz_xor_inpl
 .text.mpz_mul_inpl
                0x0000000000002cb4       0xfc build-TEENSY_3.5/py/mpz.o
                0x0000000000002cb4                mpz_mul_inpl
 .text.mpz_pow_inpl
                0x0000000000002db0       0x7e build-TEENSY_3.5/py/mpz.o
                0x0000000000002db0                mpz_pow_inpl
 *fill*         0x0000000000002e2e        0x2 ff
 .text.mpz_divmod_inpl
                0x0000000000002e30      0x2d4 build-TEENSY_3.5/py/mpz.o
                0x0000000000002e30                mpz_divmod_inpl
 .text.mpz_hash
                0x0000000000003104       0x26 build-TEENSY_3.5/py/mpz.o
                0x0000000000003104                mpz_hash
 .text.mpz_as_int_checked
                0x000000000000312a       0x32 build-TEENSY_3.5/py/mpz.o
                0x000000000000312a                mpz_as_int_checked
 .text.mpz_as_bytes
                0x000000000000315c       0x76 build-TEENSY_3.5/py/mpz.o
                0x000000000000315c                mpz_as_bytes
 *fill*         0x00000000000031d2        0x2 ff
 .text.mpz_as_float
                0x00000000000031d4       0x40 build-TEENSY_3.5/py/mpz.o
                0x00000000000031d4                mpz_as_float
 .text.mpz_as_str_inpl
                0x0000000000003214      0x128 build-TEENSY_3.5/py/mpz.o
                0x0000000000003214                mpz_as_str_inpl
 .text.mp_reader_mem_readbyte
                0x000000000000333c       0x14 build-TEENSY_3.5/py/reader.o
 .text.mp_reader_mem_close
                0x0000000000003350       0x18 build-TEENSY_3.5/py/reader.o
 .text.mp_reader_new_mem
                0x0000000000003368       0x34 build-TEENSY_3.5/py/reader.o
                0x0000000000003368                mp_reader_new_mem
 .text.next_char
                0x000000000000339c       0x64 build-TEENSY_3.5/py/lexer.o
 .text.mp_lexer_next_token_into
                0x0000000000003400      0x608 build-TEENSY_3.5/py/lexer.o
 .text.mp_lexer_free
                0x0000000000003a08       0x26 build-TEENSY_3.5/py/lexer.o
                0x0000000000003a08                mp_lexer_free
 .text.mp_lexer_new
                0x0000000000003a2e       0xc2 build-TEENSY_3.5/py/lexer.o
                0x0000000000003a2e                mp_lexer_new
 .text.mp_lexer_new_from_str_len
                0x0000000000003af0       0x1e build-TEENSY_3.5/py/lexer.o
                0x0000000000003af0                mp_lexer_new_from_str_len
 .text.mp_lexer_new_from_file
                0x0000000000003b0e       0x28 build-TEENSY_3.5/py/lexer.o
                0x0000000000003b0e                mp_lexer_new_from_file
 .text.mp_lexer_to_next
                0x0000000000003b36        0x6 build-TEENSY_3.5/py/lexer.o
                0x0000000000003b36                mp_lexer_to_next
 .text.parser_alloc
                0x0000000000003b3c       0x68 build-TEENSY_3.5/py/parse.o
 .text.make_node_const_object
                0x0000000000003ba4       0x22 build-TEENSY_3.5/py/parse.o
 *fill*         0x0000000000003bc6        0x2 ff
 .text.peek_result
                0x0000000000003bc8       0x3c build-TEENSY_3.5/py/parse.o
 .text.pop_result
                0x0000000000003c04       0x34 build-TEENSY_3.5/py/parse.o
 .text.push_result_node
                0x0000000000003c38       0x3c build-TEENSY_3.5/py/parse.o
 .text.push_result_token
                0x0000000000003c74      0x10e build-TEENSY_3.5/py/parse.o
 .text.push_rule
                0x0000000000003d82       0x52 build-TEENSY_3.5/py/parse.o
 .text.push_rule_from_arg
                0x0000000000003dd4       0x54 build-TEENSY_3.5/py/parse.o
 .text.mp_parse_node_is_const_false
                0x0000000000003e28       0x1c build-TEENSY_3.5/py/parse.o
                0x0000000000003e28                mp_parse_node_is_const_false
 .text.mp_parse_node_is_const_true
                0x0000000000003e44       0x1e build-TEENSY_3.5/py/parse.o
                0x0000000000003e44                mp_parse_node_is_const_true
 *fill*         0x0000000000003e62        0x2 ff
 .text.mp_parse_node_get_int_maybe
                0x0000000000003e64       0x48 build-TEENSY_3.5/py/parse.o
                0x0000000000003e64                mp_parse_node_get_int_maybe
 .text.push_result_rule
                0x0000000000003eac      0x400 build-TEENSY_3.5/py/parse.o
 .text.mp_parse_node_extract_list
                0x00000000000042ac       0x28 build-TEENSY_3.5/py/parse.o
                0x00000000000042ac                mp_parse_node_extract_list
 .text.mp_parse
                0x00000000000042d4      0x4ac build-TEENSY_3.5/py/parse.o
                0x00000000000042d4                mp_parse
 .text.mp_parse_tree_clear
                0x0000000000004780       0x12 build-TEENSY_3.5/py/parse.o
                0x0000000000004780                mp_parse_tree_clear
 *fill*         0x0000000000004792        0x2 ff
 .text.scope_new
                0x0000000000004794       0x6c build-TEENSY_3.5/py/scope.o
                0x0000000000004794                scope_new
 .text.scope_free
                0x0000000000004800       0x14 build-TEENSY_3.5/py/scope.o
                0x0000000000004800                scope_free
 .text.scope_find
                0x0000000000004814       0x20 build-TEENSY_3.5/py/scope.o
                0x0000000000004814                scope_find
 .text.scope_find_or_add_id
                0x0000000000004834       0x4a build-TEENSY_3.5/py/scope.o
                0x0000000000004834                scope_find_or_add_id
 .text.scope_find_global
                0x000000000000487e        0xc build-TEENSY_3.5/py/scope.o
                0x000000000000487e                scope_find_global
 *fill*         0x000000000000488a        0x2 ff
 .text.scope_find_local_and_close_over
                0x000000000000488c       0xa0 build-TEENSY_3.5/py/scope.o
                0x000000000000488c                scope_find_local_and_close_over
 .text.compile_increase_except_level
                0x000000000000492c       0x14 build-TEENSY_3.5/py/compile.o
 .text.apply_to_single_or_list
                0x0000000000004940       0x3e build-TEENSY_3.5/py/compile.o
 *fill*         0x000000000000497e        0x2 ff
 .text.compile_del_stmt
                0x0000000000004980       0x10 build-TEENSY_3.5/py/compile.o
 .text.compile_import_name
                0x0000000000004990       0x10 build-TEENSY_3.5/py/compile.o
 .text.compile_yield_from
                0x00000000000049a0       0x26 build-TEENSY_3.5/py/compile.o
 .text.compile_await_object_method
                0x00000000000049c6       0x26 build-TEENSY_3.5/py/compile.o
 .text.compile_trailer_period
                0x00000000000049ec        0xc build-TEENSY_3.5/py/compile.o
 .text.compile_const_object
                0x00000000000049f8        0xa build-TEENSY_3.5/py/compile.o
 .text.scope_new_and_link
                0x0000000000004a02       0x2a build-TEENSY_3.5/py/compile.o
 .text.close_over_variables_etc
                0x0000000000004a2c       0xe0 build-TEENSY_3.5/py/compile.o
 .text.compile_funcdef_lambdef
                0x0000000000004b0c       0x60 build-TEENSY_3.5/py/compile.o
 .text.compile_lambdef
                0x0000000000004b6c       0x2a build-TEENSY_3.5/py/compile.o
 .text.compile_funcdef_helper
                0x0000000000004b96       0x2a build-TEENSY_3.5/py/compile.o
 .text.compile_load_id
                0x0000000000004bc0       0x1c build-TEENSY_3.5/py/compile.o
 .text.compile_store_id
                0x0000000000004bdc       0x1c build-TEENSY_3.5/py/compile.o
 .text.compile_funcdef
                0x0000000000004bf8       0x18 build-TEENSY_3.5/py/compile.o
 .text.compile_delete_id
                0x0000000000004c10       0x1c build-TEENSY_3.5/py/compile.o
 .text.do_import_name
                0x0000000000004c2c      0x10c build-TEENSY_3.5/py/compile.o
 .text.compile_import_from
                0x0000000000004d38      0x160 build-TEENSY_3.5/py/compile.o
 .text.compile_dotted_as_name
                0x0000000000004e98       0x30 build-TEENSY_3.5/py/compile.o
 .text.compile_error_set_line.isra.2
                0x0000000000004ec8       0x10 build-TEENSY_3.5/py/compile.o
 .text.compile_decrease_except_level.isra.6
                0x0000000000004ed8       0x24 build-TEENSY_3.5/py/compile.o
 .text.compile_syntax_error
                0x0000000000004efc       0x28 build-TEENSY_3.5/py/compile.o
 .text.compile_scope_inline_asm
                0x0000000000004f24      0x2e0 build-TEENSY_3.5/py/compile.o
 .text.compile_star_expr
                0x0000000000005204        0xc build-TEENSY_3.5/py/compile.o
 .text.compile_scope_func_lambda_param
                0x0000000000005210      0x10c build-TEENSY_3.5/py/compile.o
 .text.compile_scope_lambda_param
                0x000000000000531c       0x14 build-TEENSY_3.5/py/compile.o
 .text.compile_scope_func_param
                0x0000000000005330       0x14 build-TEENSY_3.5/py/compile.o
 .text.compile_atom_string
                0x0000000000005344      0x130 build-TEENSY_3.5/py/compile.o
 .text.compile_continue_stmt
                0x0000000000005474       0x48 build-TEENSY_3.5/py/compile.o
 .text.compile_break_stmt
                0x00000000000054bc       0x48 build-TEENSY_3.5/py/compile.o
 .text.compile_scope_func_annotations
                0x0000000000005504       0x98 build-TEENSY_3.5/py/compile.o
 .text.compile_node
                0x000000000000559c       0xbc build-TEENSY_3.5/py/compile.o
 .text.c_if_cond
                0x0000000000005658      0x11c build-TEENSY_3.5/py/compile.o
 .text.compile_yield_expr
                0x0000000000005774       0x60 build-TEENSY_3.5/py/compile.o
 .text.compile_comprehension
                0x00000000000057d4       0x90 build-TEENSY_3.5/py/compile.o
 .text.compile_trailer_paren_helper
                0x0000000000005864      0x190 build-TEENSY_3.5/py/compile.o
 .text.compile_classdef_helper
                0x00000000000059f4       0x56 build-TEENSY_3.5/py/compile.o
 .text.compile_classdef
                0x0000000000005a4a       0x18 build-TEENSY_3.5/py/compile.o
 .text.compile_trailer_paren
                0x0000000000005a62        0xa build-TEENSY_3.5/py/compile.o
 .text.compile_dictorsetmaker_item
                0x0000000000005a6c       0x18 build-TEENSY_3.5/py/compile.o
 .text.compile_subscript_3_helper
                0x0000000000005a84       0xb0 build-TEENSY_3.5/py/compile.o
 .text.compile_subscript_3
                0x0000000000005b34       0x1c build-TEENSY_3.5/py/compile.o
 .text.compile_trailer_bracket
                0x0000000000005b50       0x16 build-TEENSY_3.5/py/compile.o
 *fill*         0x0000000000005b66        0x2 ff
 .text.compile_atom_brace
                0x0000000000005b68      0x180 build-TEENSY_3.5/py/compile.o
 .text.c_tuple  0x0000000000005ce8       0x44 build-TEENSY_3.5/py/compile.o
 .text.compile_atom_paren
                0x0000000000005d2c       0x8c build-TEENSY_3.5/py/compile.o
 .text.compile_generic_tuple
                0x0000000000005db8        0x8 build-TEENSY_3.5/py/compile.o
 .text.compile_atom_expr_trailers
                0x0000000000005dc0       0x72 build-TEENSY_3.5/py/compile.o
 *fill*         0x0000000000005e32        0x2 ff
 .text.compile_term
                0x0000000000005e34       0x94 build-TEENSY_3.5/py/compile.o
 .text.c_binary_op
                0x0000000000005ec8       0x3a build-TEENSY_3.5/py/compile.o
 .text.compile_and_expr
                0x0000000000005f02        0x6 build-TEENSY_3.5/py/compile.o
 .text.compile_xor_expr
                0x0000000000005f08        0x6 build-TEENSY_3.5/py/compile.o
 .text.compile_expr
                0x0000000000005f0e        0x6 build-TEENSY_3.5/py/compile.o
 .text.compile_comparison
                0x0000000000005f14      0x148 build-TEENSY_3.5/py/compile.o
 .text.compile_not_test_2
                0x000000000000605c       0x1a build-TEENSY_3.5/py/compile.o
 .text.compile_or_and_test
                0x0000000000006076       0x4e build-TEENSY_3.5/py/compile.o
 .text.compile_and_test
                0x00000000000060c4        0x6 build-TEENSY_3.5/py/compile.o
 .text.compile_or_test
                0x00000000000060ca        0x6 build-TEENSY_3.5/py/compile.o
 .text.compile_funcdef_lambdef_param
                0x00000000000060d0       0xe0 build-TEENSY_3.5/py/compile.o
 .text.compile_test_if_expr
                0x00000000000061b0       0x84 build-TEENSY_3.5/py/compile.o
 .text.compile_try_except
                0x0000000000006234      0x278 build-TEENSY_3.5/py/compile.o
 .text.compile_try_finally
                0x00000000000064ac       0xbc build-TEENSY_3.5/py/compile.o
 .text.compile_try_stmt
                0x0000000000006568       0x88 build-TEENSY_3.5/py/compile.o
 .text.compile_while_stmt
                0x00000000000065f0       0x96 build-TEENSY_3.5/py/compile.o
 *fill*         0x0000000000006686        0x2 ff
 .text.compile_if_stmt
                0x0000000000006688      0x110 build-TEENSY_3.5/py/compile.o
 .text.compile_raise_stmt
                0x0000000000006798       0x50 build-TEENSY_3.5/py/compile.o
 .text.compile_yield_stmt
                0x00000000000067e8       0x18 build-TEENSY_3.5/py/compile.o
 .text.c_del_stmt
                0x0000000000006800      0x174 build-TEENSY_3.5/py/compile.o
 .text.compile_decorated
                0x0000000000006974      0x1a0 build-TEENSY_3.5/py/compile.o
 .text.compile_generic_all_nodes
                0x0000000000006b14       0x3e build-TEENSY_3.5/py/compile.o
 .text.compile_atom_expr_normal
                0x0000000000006b52       0x22 build-TEENSY_3.5/py/compile.o
 .text.compile_power
                0x0000000000006b74       0x18 build-TEENSY_3.5/py/compile.o
 .text.compile_atom_bracket
                0x0000000000006b8c       0xb4 build-TEENSY_3.5/py/compile.o
 .text.c_assign
                0x0000000000006c40      0x238 build-TEENSY_3.5/py/compile.o
 .text.c_assign_tuple
                0x0000000000006e78       0xd4 build-TEENSY_3.5/py/compile.o
 .text.compile_scope_comp_iter
                0x0000000000006f4c       0xe8 build-TEENSY_3.5/py/compile.o
 .text.compile_scope
                0x0000000000007034      0x330 build-TEENSY_3.5/py/compile.o
 .text.compile_with_stmt_helper
                0x0000000000007364       0xae build-TEENSY_3.5/py/compile.o
 *fill*         0x0000000000007412        0x2 ff
 .text.compile_for_stmt
                0x0000000000007414      0x31c build-TEENSY_3.5/py/compile.o
 .text.compile_async_with_stmt_helper
                0x0000000000007730      0x262 build-TEENSY_3.5/py/compile.o
 *fill*         0x0000000000007992        0x2 ff
 .text.compile_expr_stmt
                0x0000000000007994      0x240 build-TEENSY_3.5/py/compile.o
 .text.compile_subscript_2
                0x0000000000007bd4       0x38 build-TEENSY_3.5/py/compile.o
 .text.compile_factor_2
                0x0000000000007c0c       0x68 build-TEENSY_3.5/py/compile.o
 .text.compile_arith_expr
                0x0000000000007c74       0x6c build-TEENSY_3.5/py/compile.o
 .text.compile_shift_expr
                0x0000000000007ce0       0x6c build-TEENSY_3.5/py/compile.o
 .text.compile_with_stmt
                0x0000000000007d4c       0x40 build-TEENSY_3.5/py/compile.o
 .text.compile_async_stmt
                0x0000000000007d8c      0x21c build-TEENSY_3.5/py/compile.o
 .text.compile_assert_stmt
                0x0000000000007fa8       0x68 build-TEENSY_3.5/py/compile.o
 .text.compile_return_stmt
                0x0000000000008010       0x80 build-TEENSY_3.5/py/compile.o
 .text.compile_atom_expr_await
                0x0000000000008090       0x34 build-TEENSY_3.5/py/compile.o
 .text.compile_bytes
                0x00000000000080c4       0x30 build-TEENSY_3.5/py/compile.o
 .text.compile_string
                0x00000000000080f4       0x30 build-TEENSY_3.5/py/compile.o
 .text.compile_nonlocal_stmt
                0x0000000000008124       0x8c build-TEENSY_3.5/py/compile.o
 .text.compile_global_stmt
                0x00000000000081b0       0x74 build-TEENSY_3.5/py/compile.o
 .text.mp_compile
                0x0000000000008224      0x32c build-TEENSY_3.5/py/compile.o
                0x0000000000008224                mp_compile
 .text.mp_emit_common_get_id_for_load
                0x0000000000008550       0x22 build-TEENSY_3.5/py/emitcommon.o
                0x0000000000008550                mp_emit_common_get_id_for_load
 .text.mp_emit_common_get_id_for_modification
                0x0000000000008572       0x2c build-TEENSY_3.5/py/emitcommon.o
                0x0000000000008572                mp_emit_common_get_id_for_modification
 *fill*         0x000000000000859e        0x2 ff
 .text.mp_emit_common_id_op
                0x00000000000085a0       0x70 build-TEENSY_3.5/py/emitcommon.o
                0x00000000000085a0                mp_emit_common_id_op
 .text.emit_write_uint
                0x0000000000008610       0x3e build-TEENSY_3.5/py/emitbc.o
 .text.mp_emit_bc_last_emit_was_return_value
                0x000000000000864e        0xa build-TEENSY_3.5/py/emitbc.o
                0x000000000000864e                mp_emit_bc_last_emit_was_return_value
 .text.mp_emit_bc_adjust_stack_size
                0x0000000000008658        0x8 build-TEENSY_3.5/py/emitbc.o
                0x0000000000008658                mp_emit_bc_adjust_stack_size
 .text.mp_emit_bc_start_except_handler
                0x0000000000008660        0x8 build-TEENSY_3.5/py/emitbc.o
                0x0000000000008660                mp_emit_bc_start_except_handler
 .text.mp_emit_bc_end_except_handler
                0x0000000000008668        0x8 build-TEENSY_3.5/py/emitbc.o
                0x0000000000008668                mp_emit_bc_end_except_handler
 .text.emit_get_cur_to_write_code_info
                0x0000000000008670       0x38 build-TEENSY_3.5/py/emitbc.o
 .text.emit_write_code_info_byte
                0x00000000000086a8        0xe build-TEENSY_3.5/py/emitbc.o
 *fill*         0x00000000000086b6        0x2 ff
 .text.mp_emit_bc_end_pass
                0x00000000000086b8       0x9c build-TEENSY_3.5/py/emitbc.o
                0x00000000000086b8                mp_emit_bc_end_pass
 .text.emit_write_code_info_qstr
                0x0000000000008754       0x30 build-TEENSY_3.5/py/emitbc.o
 .text.emit_get_cur_to_write_bytecode
                0x0000000000008784       0x3c build-TEENSY_3.5/py/emitbc.o
 .text.emit_write_bytecode_byte
                0x00000000000087c0        0xe build-TEENSY_3.5/py/emitbc.o
 *fill*         0x00000000000087ce        0x2 ff
 .text.emit_write_bytecode_byte_uint
                0x00000000000087d0       0x1c build-TEENSY_3.5/py/emitbc.o
 .text.emit_write_bytecode_byte_raw_code
                0x00000000000087ec       0x2c build-TEENSY_3.5/py/emitbc.o
 .text.mp_emit_bc_delete_fast
                0x0000000000008818        0x6 build-TEENSY_3.5/py/emitbc.o
                0x0000000000008818                mp_emit_bc_delete_fast
 .text.mp_emit_bc_delete_deref
                0x000000000000881e        0x6 build-TEENSY_3.5/py/emitbc.o
                0x000000000000881e                mp_emit_bc_delete_deref
 .text.emit_write_bytecode_byte_signed_label
                0x0000000000008824       0x32 build-TEENSY_3.5/py/emitbc.o
 .text.emit_write_bytecode_byte_unsigned_label
                0x0000000000008856       0x32 build-TEENSY_3.5/py/emitbc.o
 .text.mp_emit_bc_set_source_line
                0x0000000000008888       0xb0 build-TEENSY_3.5/py/emitbc.o
                0x0000000000008888                mp_emit_bc_set_source_line
 .text.emit_bc_pre
                0x0000000000008938       0x3c build-TEENSY_3.5/py/emitbc.o
 .text.mp_emit_bc_import_star
                0x0000000000008974       0x18 build-TEENSY_3.5/py/emitbc.o
                0x0000000000008974                mp_emit_bc_import_star
 .text.mp_emit_bc_load_null
                0x000000000000898c       0x16 build-TEENSY_3.5/py/emitbc.o
                0x000000000000898c                mp_emit_bc_load_null
 .text.mp_emit_bc_load_fast
                0x00000000000089a2       0x2e build-TEENSY_3.5/py/emitbc.o
                0x00000000000089a2                mp_emit_bc_load_fast
 .text.mp_emit_bc_load_deref
                0x00000000000089d0       0x1a build-TEENSY_3.5/py/emitbc.o
                0x00000000000089d0                mp_emit_bc_load_deref
 .text.mp_emit_bc_load_build_class
                0x00000000000089ea       0x16 build-TEENSY_3.5/py/emitbc.o
                0x00000000000089ea                mp_emit_bc_load_build_class
 .text.mp_emit_bc_load_subscr
                0x0000000000008a00       0x18 build-TEENSY_3.5/py/emitbc.o
                0x0000000000008a00                mp_emit_bc_load_subscr
 .text.mp_emit_bc_store_fast
                0x0000000000008a18       0x30 build-TEENSY_3.5/py/emitbc.o
                0x0000000000008a18                mp_emit_bc_store_fast
 .text.mp_emit_bc_store_deref
                0x0000000000008a48       0x1c build-TEENSY_3.5/py/emitbc.o
                0x0000000000008a48                mp_emit_bc_store_deref
 .text.mp_emit_bc_store_subscr
                0x0000000000008a64       0x18 build-TEENSY_3.5/py/emitbc.o
                0x0000000000008a64                mp_emit_bc_store_subscr
 .text.mp_emit_bc_dup_top
                0x0000000000008a7c       0x16 build-TEENSY_3.5/py/emitbc.o
                0x0000000000008a7c                mp_emit_bc_dup_top
 .text.mp_emit_bc_dup_top_two
                0x0000000000008a92       0x16 build-TEENSY_3.5/py/emitbc.o
                0x0000000000008a92                mp_emit_bc_dup_top_two
 .text.mp_emit_bc_pop_top
                0x0000000000008aa8       0x18 build-TEENSY_3.5/py/emitbc.o
                0x0000000000008aa8                mp_emit_bc_pop_top
 .text.mp_emit_bc_rot_two
                0x0000000000008ac0       0x16 build-TEENSY_3.5/py/emitbc.o
                0x0000000000008ac0                mp_emit_bc_rot_two
 .text.mp_emit_bc_rot_three
                0x0000000000008ad6       0x16 build-TEENSY_3.5/py/emitbc.o
                0x0000000000008ad6                mp_emit_bc_rot_three
 .text.mp_emit_bc_delete_subscr
                0x0000000000008aec       0x18 build-TEENSY_3.5/py/emitbc.o
                0x0000000000008aec                mp_emit_bc_delete_subscr
 .text.mp_emit_bc_jump
                0x0000000000008b04       0x1a build-TEENSY_3.5/py/emitbc.o
                0x0000000000008b04                mp_emit_bc_jump
 .text.mp_emit_bc_pop_jump_if
                0x0000000000008b1e       0x24 build-TEENSY_3.5/py/emitbc.o
                0x0000000000008b1e                mp_emit_bc_pop_jump_if
 .text.mp_emit_bc_jump_if_or_pop
                0x0000000000008b42       0x24 build-TEENSY_3.5/py/emitbc.o
                0x0000000000008b42                mp_emit_bc_jump_if_or_pop
 .text.mp_emit_bc_setup_with
                0x0000000000008b66       0x1a build-TEENSY_3.5/py/emitbc.o
                0x0000000000008b66                mp_emit_bc_setup_with
 .text.mp_emit_bc_setup_except
                0x0000000000008b80       0x1a build-TEENSY_3.5/py/emitbc.o
                0x0000000000008b80                mp_emit_bc_setup_except
 .text.mp_emit_bc_setup_finally
                0x0000000000008b9a       0x1a build-TEENSY_3.5/py/emitbc.o
                0x0000000000008b9a                mp_emit_bc_setup_finally
 .text.mp_emit_bc_end_finally
                0x0000000000008bb4       0x18 build-TEENSY_3.5/py/emitbc.o
                0x0000000000008bb4                mp_emit_bc_end_finally
 .text.mp_emit_bc_get_iter
                0x0000000000008bcc       0x16 build-TEENSY_3.5/py/emitbc.o
                0x0000000000008bcc                mp_emit_bc_get_iter
 .text.mp_emit_bc_for_iter
                0x0000000000008be2       0x1a build-TEENSY_3.5/py/emitbc.o
                0x0000000000008be2                mp_emit_bc_for_iter
 .text.mp_emit_bc_for_iter_end
                0x0000000000008bfc        0x8 build-TEENSY_3.5/py/emitbc.o
                0x0000000000008bfc                mp_emit_bc_for_iter_end
 .text.mp_emit_bc_pop_block
                0x0000000000008c04       0x16 build-TEENSY_3.5/py/emitbc.o
                0x0000000000008c04                mp_emit_bc_pop_block
 .text.mp_emit_bc_pop_except
                0x0000000000008c1a       0x16 build-TEENSY_3.5/py/emitbc.o
                0x0000000000008c1a                mp_emit_bc_pop_except
 .text.mp_emit_bc_unary_op
                0x0000000000008c30       0x1c build-TEENSY_3.5/py/emitbc.o
                0x0000000000008c30                mp_emit_bc_unary_op
 .text.mp_emit_bc_build_tuple
                0x0000000000008c4c       0x1c build-TEENSY_3.5/py/emitbc.o
                0x0000000000008c4c                mp_emit_bc_build_tuple
 .text.mp_emit_bc_build_list
                0x0000000000008c68       0x1c build-TEENSY_3.5/py/emitbc.o
                0x0000000000008c68                mp_emit_bc_build_list
 .text.mp_emit_bc_build_map
                0x0000000000008c84       0x1a build-TEENSY_3.5/py/emitbc.o
                0x0000000000008c84                mp_emit_bc_build_map
 .text.mp_emit_bc_store_map
                0x0000000000008c9e       0x18 build-TEENSY_3.5/py/emitbc.o
                0x0000000000008c9e                mp_emit_bc_store_map
 .text.mp_emit_bc_build_set
                0x0000000000008cb6       0x1c build-TEENSY_3.5/py/emitbc.o
                0x0000000000008cb6                mp_emit_bc_build_set
 .text.mp_emit_bc_build_slice
                0x0000000000008cd2       0x1c build-TEENSY_3.5/py/emitbc.o
                0x0000000000008cd2                mp_emit_bc_build_slice
 .text.mp_emit_bc_store_comp
                0x0000000000008cee       0x36 build-TEENSY_3.5/py/emitbc.o
                0x0000000000008cee                mp_emit_bc_store_comp
 .text.mp_emit_bc_unpack_sequence
                0x0000000000008d24       0x1a build-TEENSY_3.5/py/emitbc.o
                0x0000000000008d24                mp_emit_bc_unpack_sequence
 .text.mp_emit_bc_unpack_ex
                0x0000000000008d3e       0x1e build-TEENSY_3.5/py/emitbc.o
                0x0000000000008d3e                mp_emit_bc_unpack_ex
 .text.mp_emit_bc_return_value
                0x0000000000008d5c       0x1c build-TEENSY_3.5/py/emitbc.o
                0x0000000000008d5c                mp_emit_bc_return_value
 .text.mp_emit_bc_yield_value
                0x0000000000008d78       0x20 build-TEENSY_3.5/py/emitbc.o
                0x0000000000008d78                mp_emit_bc_yield_value
 .text.mp_emit_bc_yield_from
                0x0000000000008d98       0x22 build-TEENSY_3.5/py/emitbc.o
                0x0000000000008d98                mp_emit_bc_yield_from
 *fill*         0x0000000000008dba        0x2 ff
 .text.mp_emit_bc_label_assign
                0x0000000000008dbc       0x70 build-TEENSY_3.5/py/emitbc.o
                0x0000000000008dbc                mp_emit_bc_label_assign
 .text.mp_emit_bc_unwind_jump
                0x0000000000008e2c       0x4c build-TEENSY_3.5/py/emitbc.o
                0x0000000000008e2c                mp_emit_bc_unwind_jump
 .text.mp_emit_bc_binary_op
                0x0000000000008e78       0x4a build-TEENSY_3.5/py/emitbc.o
                0x0000000000008e78                mp_emit_bc_binary_op
 .text.mp_emit_bc_make_function
                0x0000000000008ec2       0x2e build-TEENSY_3.5/py/emitbc.o
                0x0000000000008ec2                mp_emit_bc_make_function
 .text.emit_bc_call_function_method_helper
                0x0000000000008ef0       0x3e build-TEENSY_3.5/py/emitbc.o
 .text.mp_emit_bc_call_function
                0x0000000000008f2e       0x16 build-TEENSY_3.5/py/emitbc.o
                0x0000000000008f2e                mp_emit_bc_call_function
 .text.mp_emit_bc_call_method
                0x0000000000008f44       0x18 build-TEENSY_3.5/py/emitbc.o
                0x0000000000008f44                mp_emit_bc_call_method
 .text.emit_write_bytecode_byte_qstr
                0x0000000000008f5c       0x34 build-TEENSY_3.5/py/emitbc.o
 .text.mp_emit_bc_import_name
                0x0000000000008f90       0x1c build-TEENSY_3.5/py/emitbc.o
                0x0000000000008f90                mp_emit_bc_import_name
 .text.mp_emit_bc_import_from
                0x0000000000008fac       0x1a build-TEENSY_3.5/py/emitbc.o
                0x0000000000008fac                mp_emit_bc_import_from
 .text.mp_emit_bc_load_const_str
                0x0000000000008fc6       0x1a build-TEENSY_3.5/py/emitbc.o
                0x0000000000008fc6                mp_emit_bc_load_const_str
 .text.mp_emit_bc_load_name
                0x0000000000008fe0       0x1a build-TEENSY_3.5/py/emitbc.o
                0x0000000000008fe0                mp_emit_bc_load_name
 .text.mp_emit_bc_load_global
                0x0000000000008ffa       0x1a build-TEENSY_3.5/py/emitbc.o
                0x0000000000008ffa                mp_emit_bc_load_global
 .text.mp_emit_bc_load_attr
                0x0000000000009014       0x1a build-TEENSY_3.5/py/emitbc.o
                0x0000000000009014                mp_emit_bc_load_attr
 .text.mp_emit_bc_load_method
                0x000000000000902e       0x1a build-TEENSY_3.5/py/emitbc.o
                0x000000000000902e                mp_emit_bc_load_method
 .text.mp_emit_bc_store_name
                0x0000000000009048       0x1c build-TEENSY_3.5/py/emitbc.o
                0x0000000000009048                mp_emit_bc_store_name
 .text.mp_emit_bc_store_global
                0x0000000000009064       0x1c build-TEENSY_3.5/py/emitbc.o
                0x0000000000009064                mp_emit_bc_store_global
 .text.mp_emit_bc_store_attr
                0x0000000000009080       0x1c build-TEENSY_3.5/py/emitbc.o
                0x0000000000009080                mp_emit_bc_store_attr
 .text.mp_emit_bc_delete_attr
                0x000000000000909c       0x1c build-TEENSY_3.5/py/emitbc.o
                0x000000000000909c                mp_emit_bc_delete_attr
 .text.mp_emit_bc_delete_name
                0x00000000000090b8       0x1a build-TEENSY_3.5/py/emitbc.o
                0x00000000000090b8                mp_emit_bc_delete_name
 .text.mp_emit_bc_delete_global
                0x00000000000090d2       0x1a build-TEENSY_3.5/py/emitbc.o
                0x00000000000090d2                mp_emit_bc_delete_global
 .text.mp_emit_bc_make_closure
                0x00000000000090ec       0x58 build-TEENSY_3.5/py/emitbc.o
                0x00000000000090ec                mp_emit_bc_make_closure
 .text.mp_emit_bc_load_const_small_int
                0x0000000000009144       0x88 build-TEENSY_3.5/py/emitbc.o
                0x0000000000009144                mp_emit_bc_load_const_small_int
 .text.mp_emit_bc_raise_varargs
                0x00000000000091cc       0x3c build-TEENSY_3.5/py/emitbc.o
                0x00000000000091cc                mp_emit_bc_raise_varargs
 .text.emit_write_bytecode_byte_obj.constprop.14
                0x0000000000009208       0x2a build-TEENSY_3.5/py/emitbc.o
 *fill*         0x0000000000009232        0x2 ff
 .text.mp_emit_bc_load_const_tok
                0x0000000000009234       0x60 build-TEENSY_3.5/py/emitbc.o
                0x0000000000009234                mp_emit_bc_load_const_tok
 .text.mp_emit_bc_with_cleanup
                0x0000000000009294       0x38 build-TEENSY_3.5/py/emitbc.o
                0x0000000000009294                mp_emit_bc_with_cleanup
 .text.mp_emit_bc_load_const_obj
                0x00000000000092cc       0x18 build-TEENSY_3.5/py/emitbc.o
                0x00000000000092cc                mp_emit_bc_load_const_obj
 .text.mp_emit_bc_start_pass
                0x00000000000092e4      0x13c build-TEENSY_3.5/py/emitbc.o
                0x00000000000092e4                mp_emit_bc_start_pass
 .text.emit_bc_new
                0x0000000000009420        0x6 build-TEENSY_3.5/py/emitbc.o
                0x0000000000009420                emit_bc_new
 .text.emit_bc_set_max_num_labels
                0x0000000000009426       0x10 build-TEENSY_3.5/py/emitbc.o
                0x0000000000009426                emit_bc_set_max_num_labels
 .text.emit_bc_free
                0x0000000000009436       0x14 build-TEENSY_3.5/py/emitbc.o
                0x0000000000009436                emit_bc_free
 .text.mp_asm_base_init
                0x000000000000944a       0x10 build-TEENSY_3.5/py/asmbase.o
                0x000000000000944a                mp_asm_base_init
 .text.mp_asm_base_deinit
                0x000000000000945a       0x16 build-TEENSY_3.5/py/asmbase.o
                0x000000000000945a                mp_asm_base_deinit
 .text.mp_asm_base_start_pass
                0x0000000000009470       0x4c build-TEENSY_3.5/py/asmbase.o
                0x0000000000009470                mp_asm_base_start_pass
 .text.mp_asm_base_get_cur_to_write_bytes
                0x00000000000094bc       0x3c build-TEENSY_3.5/py/asmbase.o
                0x00000000000094bc                mp_asm_base_get_cur_to_write_bytes
 .text.mp_asm_base_label_assign
                0x00000000000094f8       0x5c build-TEENSY_3.5/py/asmbase.o
                0x00000000000094f8                mp_asm_base_label_assign
 .text.mp_asm_base_align
                0x0000000000009554        0xe build-TEENSY_3.5/py/asmbase.o
                0x0000000000009554                mp_asm_base_align
 .text.mp_asm_base_data
                0x0000000000009562       0x1c build-TEENSY_3.5/py/asmbase.o
                0x0000000000009562                mp_asm_base_data
 *fill*         0x000000000000957e        0x2 ff
 .text.get_label_dest
                0x0000000000009580       0x28 build-TEENSY_3.5/py/asmthumb.o
 .text.asm_thumb_end_pass
                0x00000000000095a8        0x2 build-TEENSY_3.5/py/asmthumb.o
                0x00000000000095a8                asm_thumb_end_pass
 .text.asm_thumb_op16
                0x00000000000095aa       0x14 build-TEENSY_3.5/py/asmthumb.o
                0x00000000000095aa                asm_thumb_op16
 .text.asm_thumb_entry
                0x00000000000095be       0x46 build-TEENSY_3.5/py/asmthumb.o
                0x00000000000095be                asm_thumb_entry
 .text.asm_thumb_exit
                0x0000000000009604       0x20 build-TEENSY_3.5/py/asmthumb.o
                0x0000000000009604                asm_thumb_exit
 .text.asm_thumb_op32
                0x0000000000009624       0x1c build-TEENSY_3.5/py/asmthumb.o
                0x0000000000009624                asm_thumb_op32
 .text.asm_thumb_format_4
                0x0000000000009640       0x40 build-TEENSY_3.5/py/asmthumb.o
                0x0000000000009640                asm_thumb_format_4
 .text.asm_thumb_mov_reg_reg
                0x0000000000009680       0x22 build-TEENSY_3.5/py/asmthumb.o
                0x0000000000009680                asm_thumb_mov_reg_reg
 *fill*         0x00000000000096a2        0x2 ff
 .text.asm_thumb_mov_reg_i16
                0x00000000000096a4       0x44 build-TEENSY_3.5/py/asmthumb.o
                0x00000000000096a4                asm_thumb_mov_reg_i16
 .text.asm_thumb_b_n_label
                0x00000000000096e8       0x3c build-TEENSY_3.5/py/asmthumb.o
                0x00000000000096e8                asm_thumb_b_n_label
 .text.asm_thumb_bcc_nw_label
                0x0000000000009724       0x6c build-TEENSY_3.5/py/asmthumb.o
                0x0000000000009724                asm_thumb_bcc_nw_label
 .text.asm_thumb_bl_label
                0x0000000000009790       0x40 build-TEENSY_3.5/py/asmthumb.o
                0x0000000000009790                asm_thumb_bl_label
 .text.asm_thumb_mov_reg_i32
                0x00000000000097d0       0x26 build-TEENSY_3.5/py/asmthumb.o
                0x00000000000097d0                asm_thumb_mov_reg_i32
 .text.asm_thumb_mov_reg_i32_optimised
                0x00000000000097f6       0x44 build-TEENSY_3.5/py/asmthumb.o
                0x00000000000097f6                asm_thumb_mov_reg_i32_optimised
 .text.asm_thumb_mov_reg_i32_aligned
                0x000000000000983a       0x38 build-TEENSY_3.5/py/asmthumb.o
                0x000000000000983a                asm_thumb_mov_reg_i32_aligned
 *fill*         0x0000000000009872        0x2 ff
 .text.asm_thumb_mov_local_reg
                0x0000000000009874       0x4c build-TEENSY_3.5/py/asmthumb.o
                0x0000000000009874                asm_thumb_mov_local_reg
 .text.asm_thumb_mov_reg_local
                0x00000000000098c0       0x4c build-TEENSY_3.5/py/asmthumb.o
                0x00000000000098c0                asm_thumb_mov_reg_local
 .text.asm_thumb_mov_reg_local_addr
                0x000000000000990c       0x4c build-TEENSY_3.5/py/asmthumb.o
                0x000000000000990c                asm_thumb_mov_reg_local_addr
 .text.asm_thumb_b_label
                0x0000000000009958       0x54 build-TEENSY_3.5/py/asmthumb.o
                0x0000000000009958                asm_thumb_b_label
 .text.asm_thumb_bcc_label
                0x00000000000099ac       0x68 build-TEENSY_3.5/py/asmthumb.o
                0x00000000000099ac                asm_thumb_bcc_label
 .text.asm_thumb_bl_ind
                0x0000000000009a14       0x3a build-TEENSY_3.5/py/asmthumb.o
                0x0000000000009a14                asm_thumb_bl_ind
 .text.emit_native_last_emit_was_return_value
                0x0000000000009a4e        0x6 build-TEENSY_3.5/py/emitnthumb.o
 .text.emit_native_set_source_line
                0x0000000000009a54        0x2 build-TEENSY_3.5/py/emitnthumb.o
 .text.emit_native_delete_deref
                0x0000000000009a56        0x2 build-TEENSY_3.5/py/emitnthumb.o
 .text.emit_native_pop_except
                0x0000000000009a58        0x2 build-TEENSY_3.5/py/emitnthumb.o
 *fill*         0x0000000000009a5a        0x2 ff
 .text.emit_native_yield_from
                0x0000000000009a5c       0x1c build-TEENSY_3.5/py/emitnthumb.o
 .text.emit_native_yield_value
                0x0000000000009a78       0x1c build-TEENSY_3.5/py/emitnthumb.o
 .text.need_reg_single
                0x0000000000009a94       0x3e build-TEENSY_3.5/py/emitnthumb.o
 .text.emit_access_stack
                0x0000000000009ad2       0x64 build-TEENSY_3.5/py/emitnthumb.o
 .text.need_reg_all
                0x0000000000009b36       0x2e build-TEENSY_3.5/py/emitnthumb.o
 .text.need_stack_settled
                0x0000000000009b64       0x60 build-TEENSY_3.5/py/emitnthumb.o
 .text.emit_call
                0x0000000000009bc4       0x24 build-TEENSY_3.5/py/emitnthumb.o
 .text.emit_call_with_imm_arg
                0x0000000000009be8       0x34 build-TEENSY_3.5/py/emitnthumb.o
 .text.emit_native_delete_global
                0x0000000000009c1c       0x14 build-TEENSY_3.5/py/emitnthumb.o
 .text.emit_native_delete_name
                0x0000000000009c30       0x14 build-TEENSY_3.5/py/emitnthumb.o
 .text.emit_call_with_2_imm_args
                0x0000000000009c44       0x40 build-TEENSY_3.5/py/emitnthumb.o
 .text.asm_thumb_format_9_10
                0x0000000000009c84       0x1a build-TEENSY_3.5/py/emitnthumb.o
 .text.emit_native_jump
                0x0000000000009c9e       0x1c build-TEENSY_3.5/py/emitnthumb.o
 .text.emit_native_continue_loop
                0x0000000000009cba        0x4 build-TEENSY_3.5/py/emitnthumb.o
 .text.emit_native_break_loop
                0x0000000000009cbe        0x8 build-TEENSY_3.5/py/emitnthumb.o
 .text.emit_native_label_assign
                0x0000000000009cc6       0x1c build-TEENSY_3.5/py/emitnthumb.o
 *fill*         0x0000000000009ce2        0x2 ff
 .text.emit_native_end_pass
                0x0000000000009ce4      0x19c build-TEENSY_3.5/py/emitnthumb.o
 .text.emit_native_start_pass
                0x0000000000009e80      0x238 build-TEENSY_3.5/py/emitnthumb.o
 .text.adjust_stack
                0x000000000000a0b8       0x38 build-TEENSY_3.5/py/emitnthumb.o
 .text.emit_native_end_except_handler
                0x000000000000a0f0        0x8 build-TEENSY_3.5/py/emitnthumb.o
 .text.emit_pre_pop_discard
                0x000000000000a0f8        0xe build-TEENSY_3.5/py/emitnthumb.o
 .text.emit_native_pop_top
                0x000000000000a106        0x4 build-TEENSY_3.5/py/emitnthumb.o
 .text.emit_post_push_reg
                0x000000000000a10a       0x1c build-TEENSY_3.5/py/emitnthumb.o
 *fill*         0x000000000000a126        0x2 ff
 .text.emit_native_load_fast
                0x000000000000a128       0x78 build-TEENSY_3.5/py/emitnthumb.o
 .text.emit_native_load_build_class
                0x000000000000a1a0       0x1e build-TEENSY_3.5/py/emitnthumb.o
 .text.emit_native_build_map
                0x000000000000a1be       0x22 build-TEENSY_3.5/py/emitnthumb.o
 .text.emit_native_load_name
                0x000000000000a1e0       0x22 build-TEENSY_3.5/py/emitnthumb.o
 .text.emit_native_load_const_obj
                0x000000000000a202       0x2c build-TEENSY_3.5/py/emitnthumb.o
 .text.emit_native_for_iter_end
                0x000000000000a22e        0xe build-TEENSY_3.5/py/emitnthumb.o
 .text.emit_post_push_imm
                0x000000000000a23c       0x1e build-TEENSY_3.5/py/emitnthumb.o
 .text.emit_native_load_null
                0x000000000000a25a        0xc build-TEENSY_3.5/py/emitnthumb.o
 .text.emit_native_load_const_str
                0x000000000000a266       0x12 build-TEENSY_3.5/py/emitnthumb.o
 .text.emit_native_load_global
                0x000000000000a278       0x7e build-TEENSY_3.5/py/emitnthumb.o
 .text.emit_native_adjust_stack_size
                0x000000000000a2f6       0x2c build-TEENSY_3.5/py/emitnthumb.o
 .text.emit_pre_pop_reg
                0x000000000000a322       0x24 build-TEENSY_3.5/py/emitnthumb.o
 .text.emit_pre_pop_reg_reg
                0x000000000000a346       0x1a build-TEENSY_3.5/py/emitnthumb.o
 .text.emit_pre_pop_reg_reg_reg
                0x000000000000a360       0x2a build-TEENSY_3.5/py/emitnthumb.o
 *fill*         0x000000000000a38a        0x2 ff
 .text.emit_native_build_slice
                0x000000000000a38c       0xe4 build-TEENSY_3.5/py/emitnthumb.o
 .text.emit_native_store_fast
                0x000000000000a470       0x98 build-TEENSY_3.5/py/emitnthumb.o
 .text.emit_native_store_comp
                0x000000000000a508       0xc8 build-TEENSY_3.5/py/emitnthumb.o
 .text.emit_native_end_finally
                0x000000000000a5d0       0x20 build-TEENSY_3.5/py/emitnthumb.o
 .text.emit_native_pop_block
                0x000000000000a5f0       0x1e build-TEENSY_3.5/py/emitnthumb.o
 *fill*         0x000000000000a60e        0x2 ff
 .text.emit_get_stack_pointer_to_reg_for_pop
                0x000000000000a610      0x150 build-TEENSY_3.5/py/emitnthumb.o
 .text.emit_native_build_set
                0x000000000000a760       0x2e build-TEENSY_3.5/py/emitnthumb.o
 .text.emit_native_build_list
                0x000000000000a78e       0x2e build-TEENSY_3.5/py/emitnthumb.o
 .text.emit_native_build_tuple
                0x000000000000a7bc       0x2e build-TEENSY_3.5/py/emitnthumb.o
 *fill*         0x000000000000a7ea        0x2 ff
 .text.emit_native_make_closure
                0x000000000000a7ec       0x64 build-TEENSY_3.5/py/emitnthumb.o
 .text.emit_get_stack_pointer_to_reg_for_push
                0x000000000000a850       0x42 build-TEENSY_3.5/py/emitnthumb.o
 .text.emit_native_load_const_small_int
                0x000000000000a892       0x1a build-TEENSY_3.5/py/emitnthumb.o
 .text.emit_native_load_const_tok
                0x000000000000a8ac       0x84 build-TEENSY_3.5/py/emitnthumb.o
 .text.emit_native_delete_fast
                0x000000000000a930       0x1c build-TEENSY_3.5/py/emitnthumb.o
 .text.emit_native_set_native_type
                0x000000000000a94c       0xac build-TEENSY_3.5/py/emitnthumb.o
 .text.emit_native_raise_varargs
                0x000000000000a9f8       0x54 build-TEENSY_3.5/py/emitnthumb.o
 .text.emit_native_store_map
                0x000000000000aa4c       0x84 build-TEENSY_3.5/py/emitnthumb.o
 .text.emit_native_get_iter
                0x000000000000aad0       0x44 build-TEENSY_3.5/py/emitnthumb.o
 .text.emit_native_import_star
                0x000000000000ab14       0x3c build-TEENSY_3.5/py/emitnthumb.o
 .text.emit_native_unary_op
                0x000000000000ab50       0x58 build-TEENSY_3.5/py/emitnthumb.o
 .text.emit_native_delete_subscr
                0x000000000000aba8       0x5c build-TEENSY_3.5/py/emitnthumb.o
 .text.emit_native_store_attr
                0x000000000000ac04       0x60 build-TEENSY_3.5/py/emitnthumb.o
 .text.emit_native_load_attr
                0x000000000000ac64       0x4c build-TEENSY_3.5/py/emitnthumb.o
 .text.emit_native_import_from
                0x000000000000acb0       0x50 build-TEENSY_3.5/py/emitnthumb.o
 .text.emit_native_store_name
                0x000000000000ad00       0x40 build-TEENSY_3.5/py/emitnthumb.o
 .text.emit_native_delete_attr
                0x000000000000ad40       0x48 build-TEENSY_3.5/py/emitnthumb.o
 .text.emit_native_call_method
                0x000000000000ad88       0x62 build-TEENSY_3.5/py/emitnthumb.o
 *fill*         0x000000000000adea        0x2 ff
 .text.emit_native_unpack_ex
                0x000000000000adec       0x50 build-TEENSY_3.5/py/emitnthumb.o
 .text.emit_native_unpack_sequence
                0x000000000000ae3c       0x4c build-TEENSY_3.5/py/emitnthumb.o
 .text.emit_native_load_method
                0x000000000000ae88       0x4c build-TEENSY_3.5/py/emitnthumb.o
 .text.emit_native_make_function
                0x000000000000aed4       0xb8 build-TEENSY_3.5/py/emitnthumb.o
 .text.emit_native_dup_top_two
                0x000000000000af8c       0x4c build-TEENSY_3.5/py/emitnthumb.o
 .text.emit_native_start_except_handler
                0x000000000000afd8       0x3e build-TEENSY_3.5/py/emitnthumb.o
 *fill*         0x000000000000b016        0x2 ff
 .text.emit_native_setup_with
                0x000000000000b018      0x110 build-TEENSY_3.5/py/emitnthumb.o
 .text.emit_native_setup_except
                0x000000000000b128       0x3a build-TEENSY_3.5/py/emitnthumb.o
 .text.emit_native_setup_finally
                0x000000000000b162        0x4 build-TEENSY_3.5/py/emitnthumb.o
 .text.peek_vtype
                0x000000000000b166       0x12 build-TEENSY_3.5/py/emitnthumb.o
 .text.emit_native_jump_helper
                0x000000000000b178       0x88 build-TEENSY_3.5/py/emitnthumb.o
 .text.emit_native_jump_if_or_pop
                0x000000000000b200       0x3c build-TEENSY_3.5/py/emitnthumb.o
 .text.emit_native_pop_jump_if
                0x000000000000b23c       0x32 build-TEENSY_3.5/py/emitnthumb.o
 .text.emit_native_store_global
                0x000000000000b26e       0x4e build-TEENSY_3.5/py/emitnthumb.o
 .text.emit_native_return_value
                0x000000000000b2bc       0xb8 build-TEENSY_3.5/py/emitnthumb.o
 .text.emit_native_call_function
                0x000000000000b374      0x174 build-TEENSY_3.5/py/emitnthumb.o
 .text.emit_native_with_cleanup
                0x000000000000b4e8      0x164 build-TEENSY_3.5/py/emitnthumb.o
 .text.asm_thumb_add_rlo_rlo_rlo
                0x000000000000b64c       0x44 build-TEENSY_3.5/py/emitnthumb.o
 .text.emit_pre_pop_reg_flexible
                0x000000000000b690       0x60 build-TEENSY_3.5/py/emitnthumb.o
 .text.emit_native_dup_top
                0x000000000000b6f0       0x36 build-TEENSY_3.5/py/emitnthumb.o
 *fill*         0x000000000000b726        0x2 ff
 .text.emit_native_binary_op
                0x000000000000b728      0x20c build-TEENSY_3.5/py/emitnthumb.o
 .text.emit_native_load_deref
                0x000000000000b934       0x4e build-TEENSY_3.5/py/emitnthumb.o
 .text.emit_native_store_deref
                0x000000000000b982       0x6a build-TEENSY_3.5/py/emitnthumb.o
 .text.emit_native_for_iter
                0x000000000000b9ec       0x70 build-TEENSY_3.5/py/emitnthumb.o
 .text.emit_native_rot_two
                0x000000000000ba5c       0x34 build-TEENSY_3.5/py/emitnthumb.o
 .text.emit_native_import_name
                0x000000000000ba90       0xf0 build-TEENSY_3.5/py/emitnthumb.o
 .text.emit_native_rot_three
                0x000000000000bb80       0x52 build-TEENSY_3.5/py/emitnthumb.o
 *fill*         0x000000000000bbd2        0x2 ff
 .text.emit_native_load_subscr
                0x000000000000bbd4      0x26c build-TEENSY_3.5/py/emitnthumb.o
 .text.emit_native_store_subscr
                0x000000000000be40      0x2e0 build-TEENSY_3.5/py/emitnthumb.o
 .text.emit_native_thumb_new
                0x000000000000c120       0x22 build-TEENSY_3.5/py/emitnthumb.o
                0x000000000000c120                emit_native_thumb_new
 .text.emit_native_thumb_free
                0x000000000000c142       0x28 build-TEENSY_3.5/py/emitnthumb.o
                0x000000000000c142                emit_native_thumb_free
 *fill*         0x000000000000c16a        0x2 ff
 .text.get_arg_addr
                0x000000000000c16c       0x50 build-TEENSY_3.5/py/emitinlinethumb.o
 .text.emit_inline_thumb_end_pass
                0x000000000000c1bc       0x12 build-TEENSY_3.5/py/emitinlinethumb.o
 .text.emit_inline_thumb_start_pass
                0x000000000000c1ce       0x36 build-TEENSY_3.5/py/emitinlinethumb.o
 .text.get_arg_label
                0x000000000000c204       0x50 build-TEENSY_3.5/py/emitinlinethumb.o
 .text.get_arg_str
                0x000000000000c254       0x18 build-TEENSY_3.5/py/emitinlinethumb.o
 .text.get_arg_vfpreg
                0x000000000000c26c       0x60 build-TEENSY_3.5/py/emitinlinethumb.o
 .text.get_arg_reg
                0x000000000000c2cc       0x7c build-TEENSY_3.5/py/emitinlinethumb.o
 .text.get_arg_reglist
                0x000000000000c348       0xd4 build-TEENSY_3.5/py/emitinlinethumb.o
 .text.get_arg_i
                0x000000000000c41c       0x50 build-TEENSY_3.5/py/emitinlinethumb.o
 .text.emit_inline_thumb_op
                0x000000000000c46c      0x9c4 build-TEENSY_3.5/py/emitinlinethumb.o
 .text.emit_inline_thumb_label
                0x000000000000ce30       0x4c build-TEENSY_3.5/py/emitinlinethumb.o
 .text.emit_inline_thumb_count_params
                0x000000000000ce7c       0x70 build-TEENSY_3.5/py/emitinlinethumb.o
 .text.emit_inline_thumb_new
                0x000000000000ceec       0x2a build-TEENSY_3.5/py/emitinlinethumb.o
                0x000000000000ceec                emit_inline_thumb_new
 .text.emit_inline_thumb_free
                0x000000000000cf16       0x1c build-TEENSY_3.5/py/emitinlinethumb.o
                0x000000000000cf16                emit_inline_thumb_free
 *fill*         0x000000000000cf32        0x2 ff
 .text.mp_format_float
                0x000000000000cf34      0x480 build-TEENSY_3.5/py/formatfloat.o
                0x000000000000cf34                mp_format_float
 .text.mp_parse_num_base
                0x000000000000d3b4       0x70 build-TEENSY_3.5/py/parsenumbase.o
                0x000000000000d3b4                mp_parse_num_base
 .text.raise_exc
                0x000000000000d424       0x20 build-TEENSY_3.5/py/parsenum.o
 .text.mp_parse_num_integer
                0x000000000000d444      0x110 build-TEENSY_3.5/py/parsenum.o
                0x000000000000d444                mp_parse_num_integer
 .text.mp_parse_num_decimal
                0x000000000000d554      0x248 build-TEENSY_3.5/py/parsenum.o
                0x000000000000d554                mp_parse_num_decimal
 .text.mp_emit_glue_new_raw_code
                0x000000000000d79c       0x14 build-TEENSY_3.5/py/emitglue.o
                0x000000000000d79c                mp_emit_glue_new_raw_code
 .text.mp_emit_glue_assign_bytecode
                0x000000000000d7b0       0x1c build-TEENSY_3.5/py/emitglue.o
                0x000000000000d7b0                mp_emit_glue_assign_bytecode
 .text.mp_emit_glue_assign_native
                0x000000000000d7cc       0x48 build-TEENSY_3.5/py/emitglue.o
                0x000000000000d7cc                mp_emit_glue_assign_native
 .text.mp_make_function_from_raw_code
                0x000000000000d814       0xd0 build-TEENSY_3.5/py/emitglue.o
                0x000000000000d814                mp_make_function_from_raw_code
 .text.mp_make_closure_from_raw_code
                0x000000000000d8e4       0x26 build-TEENSY_3.5/py/emitglue.o
                0x000000000000d8e4                mp_make_closure_from_raw_code
 .text.read_bytes
                0x000000000000d90a       0x1a build-TEENSY_3.5/py/persistentcode.o
 .text.read_uint
                0x000000000000d924       0x1c build-TEENSY_3.5/py/persistentcode.o
 .text.load_qstr
                0x000000000000d940       0x2e build-TEENSY_3.5/py/persistentcode.o
 *fill*         0x000000000000d96e        0x2 ff
 .text.load_raw_code
                0x000000000000d970      0x1ec build-TEENSY_3.5/py/persistentcode.o
 .text.mp_raw_code_load
                0x000000000000db5c       0x54 build-TEENSY_3.5/py/persistentcode.o
                0x000000000000db5c                mp_raw_code_load
 .text.mp_raw_code_load_file
                0x000000000000dbb0       0x1c build-TEENSY_3.5/py/persistentcode.o
                0x000000000000dbb0                mp_raw_code_load_file
 .text.mp_init  0x000000000000dbcc       0x4c build-TEENSY_3.5/py/runtime.o
                0x000000000000dbcc                mp_init
 .text.mp_load_global
                0x000000000000dc18       0x60 build-TEENSY_3.5/py/runtime.o
                0x000000000000dc18                mp_load_global
 .text.mp_load_name
                0x000000000000dc78       0x30 build-TEENSY_3.5/py/runtime.o
                0x000000000000dc78                mp_load_name
 .text.mp_load_build_class
                0x000000000000dca8       0x28 build-TEENSY_3.5/py/runtime.o
                0x000000000000dca8                mp_load_build_class
 .text.mp_store_name
                0x000000000000dcd0       0x14 build-TEENSY_3.5/py/runtime.o
                0x000000000000dcd0                mp_store_name
 .text.mp_delete_name
                0x000000000000dce4       0x14 build-TEENSY_3.5/py/runtime.o
                0x000000000000dce4                mp_delete_name
 .text.mp_store_global
                0x000000000000dcf8       0x14 build-TEENSY_3.5/py/runtime.o
                0x000000000000dcf8                mp_store_global
 .text.mp_delete_global
                0x000000000000dd0c       0x14 build-TEENSY_3.5/py/runtime.o
                0x000000000000dd0c                mp_delete_global
 .text.mp_unary_op
                0x000000000000dd20       0xfc build-TEENSY_3.5/py/runtime.o
                0x000000000000dd20                mp_unary_op
 .text.mp_call_function_n_kw
                0x000000000000de1c       0x40 build-TEENSY_3.5/py/runtime.o
                0x000000000000de1c                mp_call_function_n_kw
 .text.mp_call_function_0
                0x000000000000de5c        0xa build-TEENSY_3.5/py/runtime.o
                0x000000000000de5c                mp_call_function_0
 .text.mp_call_function_1
                0x000000000000de66       0x16 build-TEENSY_3.5/py/runtime.o
                0x000000000000de66                mp_call_function_1
 .text.mp_call_method_n_kw
                0x000000000000de7c       0x20 build-TEENSY_3.5/py/runtime.o
                0x000000000000de7c                mp_call_method_n_kw
 .text.mp_convert_member_lookup
                0x000000000000de9c       0xbc build-TEENSY_3.5/py/runtime.o
                0x000000000000de9c                mp_convert_member_lookup
 .text.mp_load_method_maybe
                0x000000000000df58       0x9c build-TEENSY_3.5/py/runtime.o
                0x000000000000df58                mp_load_method_maybe
 .text.mp_load_method
                0x000000000000dff4       0x4c build-TEENSY_3.5/py/runtime.o
                0x000000000000dff4                mp_load_method
 .text.mp_load_attr
                0x000000000000e040       0x18 build-TEENSY_3.5/py/runtime.o
                0x000000000000e040                mp_load_attr
 .text.mp_store_attr
                0x000000000000e058       0x44 build-TEENSY_3.5/py/runtime.o
                0x000000000000e058                mp_store_attr
 .text.mp_getiter
                0x000000000000e09c       0x68 build-TEENSY_3.5/py/runtime.o
                0x000000000000e09c                mp_getiter
 .text.mp_iternext_allow_raise
                0x000000000000e104       0x4c build-TEENSY_3.5/py/runtime.o
                0x000000000000e104                mp_iternext_allow_raise
 .text.mp_iternext
                0x000000000000e150       0x7c build-TEENSY_3.5/py/runtime.o
                0x000000000000e150                mp_iternext
 .text.mp_call_method_n_kw_var
                0x000000000000e1cc      0x29c build-TEENSY_3.5/py/runtime.o
                0x000000000000e1cc                mp_call_method_n_kw_var
 .text.mp_unpack_sequence
                0x000000000000e468       0xb4 build-TEENSY_3.5/py/runtime.o
                0x000000000000e468                mp_unpack_sequence
 .text.mp_unpack_ex
                0x000000000000e51c      0x128 build-TEENSY_3.5/py/runtime.o
                0x000000000000e51c                mp_unpack_ex
 .text.mp_resume
                0x000000000000e644      0x128 build-TEENSY_3.5/py/runtime.o
                0x000000000000e644                mp_resume
 .text.mp_make_raise_obj
                0x000000000000e76c       0x3c build-TEENSY_3.5/py/runtime.o
                0x000000000000e76c                mp_make_raise_obj
 .text.mp_import_name
                0x000000000000e7a8       0x28 build-TEENSY_3.5/py/runtime.o
                0x000000000000e7a8                mp_import_name
 .text.mp_import_from
                0x000000000000e7d0       0xdc build-TEENSY_3.5/py/runtime.o
                0x000000000000e7d0                mp_import_from
 .text.mp_import_all
                0x000000000000e8ac       0x42 build-TEENSY_3.5/py/runtime.o
                0x000000000000e8ac                mp_import_all
 *fill*         0x000000000000e8ee        0x2 ff
 .text.mp_parse_compile_execute
                0x000000000000e8f0       0x68 build-TEENSY_3.5/py/runtime.o
                0x000000000000e8f0                mp_parse_compile_execute
 .text.mp_raise_msg
                0x000000000000e958        0xa build-TEENSY_3.5/py/runtime.o
                0x000000000000e958                mp_raise_msg
 *fill*         0x000000000000e962        0x2 ff
 .text.mp_binary_op
                0x000000000000e964      0x36c build-TEENSY_3.5/py/runtime.o
                0x000000000000e964                mp_binary_op
 .text.checked_fun_call
                0x000000000000ecd0       0x3c build-TEENSY_3.5/py/runtime.o
 .text.m_malloc_fail
                0x000000000000ed0c       0x2c build-TEENSY_3.5/py/runtime.o
                0x000000000000ed0c                m_malloc_fail
 .text.mp_raise_ValueError
                0x000000000000ed38       0x10 build-TEENSY_3.5/py/runtime.o
                0x000000000000ed38                mp_raise_ValueError
 .text.mp_raise_TypeError
                0x000000000000ed48       0x10 build-TEENSY_3.5/py/runtime.o
                0x000000000000ed48                mp_raise_TypeError
 .text.mp_raise_OSError
                0x000000000000ed58       0x18 build-TEENSY_3.5/py/runtime.o
                0x000000000000ed58                mp_raise_OSError
 .text.mp_not_implemented
                0x000000000000ed70       0x10 build-TEENSY_3.5/py/runtime.o
                0x000000000000ed70                mp_not_implemented
 .text.mp_convert_native_to_obj
                0x000000000000ed80       0x30 build-TEENSY_3.5/py/nativeglue.o
                0x000000000000ed80                mp_convert_native_to_obj
 .text.mp_native_call_function_n_kw
                0x000000000000edb0       0x14 build-TEENSY_3.5/py/nativeglue.o
                0x000000000000edb0                mp_native_call_function_n_kw
 .text.mp_convert_obj_to_native
                0x000000000000edc4       0x26 build-TEENSY_3.5/py/nativeglue.o
                0x000000000000edc4                mp_convert_obj_to_native
 *fill*         0x000000000000edea        0x2 ff
 .text.mp_native_raise
                0x000000000000edec       0x18 build-TEENSY_3.5/py/nativeglue.o
                0x000000000000edec                mp_native_raise
 .text.mp_stack_ctrl_init
                0x000000000000ee04       0x10 build-TEENSY_3.5/py/stackctrl.o
                0x000000000000ee04                mp_stack_ctrl_init
 .text.mp_stack_usage
                0x000000000000ee14       0x14 build-TEENSY_3.5/py/stackctrl.o
                0x000000000000ee14                mp_stack_usage
 .text.mp_stack_set_limit
                0x000000000000ee28        0xc build-TEENSY_3.5/py/stackctrl.o
                0x000000000000ee28                mp_stack_set_limit
 .text.mp_exc_recursion_depth
                0x000000000000ee34       0x14 build-TEENSY_3.5/py/stackctrl.o
                0x000000000000ee34                mp_exc_recursion_depth
 .text.mp_stack_check
                0x000000000000ee48       0x20 build-TEENSY_3.5/py/stackctrl.o
                0x000000000000ee48                mp_stack_check
 .text.mp_arg_check_num
                0x000000000000ee68       0x5c build-TEENSY_3.5/py/argcheck.o
                0x000000000000ee68                mp_arg_check_num
 .text.mp_arg_parse_all
                0x000000000000eec4       0xe4 build-TEENSY_3.5/py/argcheck.o
                0x000000000000eec4                mp_arg_parse_all
 .text.mp_arg_parse_all_kw_array
                0x000000000000efa8       0x2c build-TEENSY_3.5/py/argcheck.o
                0x000000000000efa8                mp_arg_parse_all_kw_array
 .text.mp_arg_error_unimpl_kw
                0x000000000000efd4        0xc build-TEENSY_3.5/py/argcheck.o
                0x000000000000efd4                mp_arg_error_unimpl_kw
 .text.mp_map_init
                0x000000000000efe0       0x2e build-TEENSY_3.5/py/map.o
                0x000000000000efe0                mp_map_init
 .text.mp_map_init_fixed_table
                0x000000000000f00e       0x16 build-TEENSY_3.5/py/map.o
                0x000000000000f00e                mp_map_init_fixed_table
 .text.mp_map_deinit
                0x000000000000f024       0x1e build-TEENSY_3.5/py/map.o
                0x000000000000f024                mp_map_deinit
 .text.mp_map_clear
                0x000000000000f042       0x2c build-TEENSY_3.5/py/map.o
                0x000000000000f042                mp_map_clear
 *fill*         0x000000000000f06e        0x2 ff
 .text.mp_map_lookup
                0x000000000000f070      0x1f8 build-TEENSY_3.5/py/map.o
                0x000000000000f070                mp_map_lookup
 .text.mp_map_rehash
                0x000000000000f268       0x70 build-TEENSY_3.5/py/map.o
 .text.mp_set_init
                0x000000000000f2d8       0x14 build-TEENSY_3.5/py/map.o
                0x000000000000f2d8                mp_set_init
 .text.mp_set_lookup
                0x000000000000f2ec       0xda build-TEENSY_3.5/py/map.o
                0x000000000000f2ec                mp_set_lookup
 *fill*         0x000000000000f3c6        0x2 ff
 .text.mp_set_rehash
                0x000000000000f3c8       0x5c build-TEENSY_3.5/py/map.o
 .text.mp_set_remove_first
                0x000000000000f424       0x3e build-TEENSY_3.5/py/map.o
                0x000000000000f424                mp_set_remove_first
 .text.mp_set_clear
                0x000000000000f462       0x14 build-TEENSY_3.5/py/map.o
                0x000000000000f462                mp_set_clear
 .text.mp_identity
                0x000000000000f476        0x2 build-TEENSY_3.5/py/obj.o
                0x000000000000f476                mp_identity
 .text.mp_obj_get_type
                0x000000000000f478       0x24 build-TEENSY_3.5/py/obj.o
                0x000000000000f478                mp_obj_get_type
 .text.mp_obj_get_type_str
                0x000000000000f49c       0x10 build-TEENSY_3.5/py/obj.o
                0x000000000000f49c                mp_obj_get_type_str
 .text.mp_obj_print_helper
                0x000000000000f4ac       0x4c build-TEENSY_3.5/py/obj.o
                0x000000000000f4ac                mp_obj_print_helper
 .text.mp_obj_print
                0x000000000000f4f8       0x10 build-TEENSY_3.5/py/obj.o
                0x000000000000f4f8                mp_obj_print
 .text.mp_obj_print_exception
                0x000000000000f508       0xb4 build-TEENSY_3.5/py/obj.o
                0x000000000000f508                mp_obj_print_exception
 .text.mp_obj_is_callable
                0x000000000000f5bc       0x28 build-TEENSY_3.5/py/obj.o
                0x000000000000f5bc                mp_obj_is_callable
 .text.mp_obj_equal
                0x000000000000f5e4       0x98 build-TEENSY_3.5/py/obj.o
                0x000000000000f5e4                mp_obj_equal
 .text.mp_obj_get_int
                0x000000000000f67c       0x5c build-TEENSY_3.5/py/obj.o
                0x000000000000f67c                mp_obj_get_int
 .text.mp_obj_get_int_truncated
                0x000000000000f6d8       0x1c build-TEENSY_3.5/py/obj.o
                0x000000000000f6d8                mp_obj_get_int_truncated
 .text.mp_obj_get_int_maybe
                0x000000000000f6f4       0x54 build-TEENSY_3.5/py/obj.o
                0x000000000000f6f4                mp_obj_get_int_maybe
 .text.mp_obj_get_float
                0x000000000000f748       0x80 build-TEENSY_3.5/py/obj.o
                0x000000000000f748                mp_obj_get_float
 .text.mp_obj_get_complex
                0x000000000000f7c8       0x9c build-TEENSY_3.5/py/obj.o
                0x000000000000f7c8                mp_obj_get_complex
 .text.mp_obj_get_array
                0x000000000000f864       0x4c build-TEENSY_3.5/py/obj.o
                0x000000000000f864                mp_obj_get_array
 .text.mp_get_index
                0x000000000000f8b0       0x84 build-TEENSY_3.5/py/obj.o
                0x000000000000f8b0                mp_get_index
 .text.mp_obj_id
                0x000000000000f934       0x18 build-TEENSY_3.5/py/obj.o
                0x000000000000f934                mp_obj_id
 .text.mp_obj_len_maybe
                0x000000000000f94c       0x38 build-TEENSY_3.5/py/obj.o
                0x000000000000f94c                mp_obj_len_maybe
 .text.mp_obj_is_true
                0x000000000000f984       0x68 build-TEENSY_3.5/py/obj.o
                0x000000000000f984                mp_obj_is_true
 .text.mp_obj_len
                0x000000000000f9ec       0x28 build-TEENSY_3.5/py/obj.o
                0x000000000000f9ec                mp_obj_len
 .text.mp_obj_subscr
                0x000000000000fa14       0x60 build-TEENSY_3.5/py/obj.o
                0x000000000000fa14                mp_obj_subscr
 .text.mp_get_buffer
                0x000000000000fa74       0x24 build-TEENSY_3.5/py/obj.o
                0x000000000000fa74                mp_get_buffer
 .text.mp_get_buffer_raise
                0x000000000000fa98       0x1c build-TEENSY_3.5/py/obj.o
                0x000000000000fa98                mp_get_buffer_raise
 .text.mp_generic_unary_op
                0x000000000000fab4        0xe build-TEENSY_3.5/py/obj.o
                0x000000000000fab4                mp_generic_unary_op
 *fill*         0x000000000000fac2        0x2 ff
 .text.array_unary_op
                0x000000000000fac4       0x2c build-TEENSY_3.5/py/objarray.o
 .text.array_get_buffer
                0x000000000000faf0       0x50 build-TEENSY_3.5/py/objarray.o
 .text.array_extend
                0x000000000000fb40       0xa0 build-TEENSY_3.5/py/objarray.o
 .text.array_append
                0x000000000000fbe0       0xa0 build-TEENSY_3.5/py/objarray.o
 .text.array_iterator_new
                0x000000000000fc80       0x2c build-TEENSY_3.5/py/objarray.o
 .text.array_it_iternext
                0x000000000000fcac       0x28 build-TEENSY_3.5/py/objarray.o
 .text.array_print
                0x000000000000fcd4       0x88 build-TEENSY_3.5/py/objarray.o
 .text.array_new
                0x000000000000fd5c       0x5c build-TEENSY_3.5/py/objarray.o
 .text.array_subscr
                0x000000000000fdb8      0x248 build-TEENSY_3.5/py/objarray.o
 .text.array_binary_op
                0x0000000000010000      0x130 build-TEENSY_3.5/py/objarray.o
 .text.array_construct
                0x0000000000010130       0xb0 build-TEENSY_3.5/py/objarray.o
 .text.array_make_new
                0x00000000000101e0       0x36 build-TEENSY_3.5/py/objarray.o
 *fill*         0x0000000000010216        0x2 ff
 .text.bytearray_make_new
                0x0000000000010218       0x6c build-TEENSY_3.5/py/objarray.o
 .text.mp_obj_new_memoryview
                0x0000000000010284       0x28 build-TEENSY_3.5/py/objarray.o
                0x0000000000010284                mp_obj_new_memoryview
 .text.memoryview_make_new